Efinity Synthesis report for project edb_top
Version: 2026.1.132.1.15
Generated at: Oct 08, 2026 18:54:12
Copyright (C) 2013 - 2026  All rights reserved.

Top-level Entity Name : edb_top

family : Titanium
device : Ti60F225
project : edb_top
root : edb_top
I,include : C:/Users/Jing-XuanTan(i)/Downloads/evsoc-efinity-v2026.1.132/evsoc-efinity-v2026.1.132/cam_single/Ti60F225_dsi
I,include : C:/Users/Jing-XuanTan(i)/Downloads/evsoc-efinity-v2026.1.132/evsoc-efinity-v2026.1.132/cam_single/Ti60F225_dsi
I,include : C:/Users/Jing-XuanTan(i)/Downloads/evsoc-efinity-v2026.1.132/evsoc-efinity-v2026.1.132/cam_single/Ti60F225_dsi/ip/SapphireSoc
I,include : C:/Users/Jing-XuanTan(i)/Downloads/evsoc-efinity-v2026.1.132/evsoc-efinity-v2026.1.132/cam_single/Ti60F225_dsi/ip/cam_dma_fifo
I,include : C:/Users/Jing-XuanTan(i)/Downloads/evsoc-efinity-v2026.1.132/evsoc-efinity-v2026.1.132/cam_single/Ti60F225_dsi/ip/cam_pixel_remap_fifo
I,include : C:/Users/Jing-XuanTan(i)/Downloads/evsoc-efinity-v2026.1.132/evsoc-efinity-v2026.1.132/cam_single/Ti60F225_dsi/ip/csi2_rx_cam
I,include : C:/Users/Jing-XuanTan(i)/Downloads/evsoc-efinity-v2026.1.132/evsoc-efinity-v2026.1.132/cam_single/Ti60F225_dsi/ip/display_dma_fifo
I,include : C:/Users/Jing-XuanTan(i)/Downloads/evsoc-efinity-v2026.1.132/evsoc-efinity-v2026.1.132/cam_single/Ti60F225_dsi/ip/dsi_tx_display
I,include : C:/Users/Jing-XuanTan(i)/Downloads/evsoc-efinity-v2026.1.132/evsoc-efinity-v2026.1.132/cam_single/Ti60F225_dsi/ip/hbram
I,include : C:/Users/Jing-XuanTan(i)/Downloads/evsoc-efinity-v2026.1.132/evsoc-efinity-v2026.1.132/cam_single/Ti60F225_dsi/ip/hw_accel_dma_in_fifo
I,include : C:/Users/Jing-XuanTan(i)/Downloads/evsoc-efinity-v2026.1.132/evsoc-efinity-v2026.1.132/cam_single/Ti60F225_dsi/ip/hw_accel_dma_out_fifo
I,include : C:/Users/Jing-XuanTan(i)/Downloads/evsoc-efinity-v2026.1.132/evsoc-efinity-v2026.1.132/cam_single/Ti60F225_dsi/ip/dma
insert-ios : 0
insert-gclk : 0
max-carry-cascade : 320
max-dsp-cascade : 16
max_mult : -1
max_ram : -1
mode : speed
num_srl : -1
gen-mark-debug-json : 0
keep-gclk-in-module : 1
mult-decomp-retime : 0
output-dir : C:/Users/Jing-XuanTan(i)/Downloads/evsoc-efinity-v2026.1.132/evsoc-efinity-v2026.1.132/cam_single/Ti60F225_dsi/outflow
project : edb_top
retiming : 0
root : edb_top
seq_opt : 0
work-dir : C:/Users/Jing-XuanTan(i)/Downloads/evsoc-efinity-v2026.1.132/evsoc-efinity-v2026.1.132/cam_single/Ti60F225_dsi/work_dbg
write-postmap-module : C:/Users/Jing-XuanTan(i)/Downloads/evsoc-efinity-v2026.1.132/evsoc-efinity-v2026.1.132/cam_single/Ti60F225_dsi/work_dbg/debug_top.post.vdb

File List:

C:/Users/Jing-XuanTan(i)/Downloads/evsoc-efinity-v2026.1.132/evsoc-efinity-v2026.1.132/cam_single/Ti60F225_dsi/work_dbg/debug_top.v

### ### Report Section Start ### ###

"MEM|SYN-0677" : ... Memory 'ram' is not initialized, assuming empty initial contents. (C:/Users/Jing-XuanTan(i)/Downloads/evsoc-efinity-v2026.1.132/evsoc-efinity-v2026.1.132/cam_single/Ti60F225_dsi/work_dbg/debug_top.v:513)

### ### EFX_FF CE enables (begin) ### ### ###

Total number of enable signals: 62
Total number of FFs with enable signals: 1102
+------------------------------------------------+------------------+
|CE Signal                                       |Number of FF loads|
+------------------------------------------------+------------------+
|debug_hub_inst/n96                              |               82 |
|la0/la_biu_inst/data_o_en                       |               65 |
|la0/tu_trigger                                  |               64 |
|la0/n1828                                       |               64 |
|ceg_net8                                        |               64 |
|la0/n1311                                       |               64 |
|ceg_net19                                       |               32 |
|la0/n10779                                      |               30 |
|la0/n12925                                      |               30 |
|la0/n13123                                      |               30 |
|la0/n12050                                      |               30 |
|la0/n11852                                      |               30 |
|la0/n10977                                      |               30 |
|la0/n9706                                       |               30 |
|la0/n9904                                       |               30 |
|la0/n19434                                      |               30 |
|la0/n19236                                      |               30 |
|la0/n18163                                      |               30 |
|la0/n18361                                      |               30 |
|la0/addr_ct_en                                  |               26 |
|ceg_net26                                       |               24 |
|la0/n20267                                      |               24 |
|la0/n20465                                      |               24 |
|la0/n1961                                       |               22 |
|la0/n31941                                      |               21 |
|la0/word_ct_en                                  |               16 |
|la0/la_biu_inst/n569                            |               14 |
|la0/regsel_ld_en                                |               13 |
|la0/la_biu_inst/fifo_push                       |               11 |
|la0/la_biu_inst/n2978                           |               11 |
|la0/la_biu_inst/fifo_with_read_inst/is_last_data|               11 |
|ceg_net2                                        |                6 |
|la0/op_reg_en                                   |                4 |
|debug_hub_inst/n267                             |                4 |
|la0/n13773                                      |                3 |
|ceg_net5                                        |                3 |
|la0/n14606                                      |                3 |
|la0/n9691                                       |                3 |
|la0/n10764                                      |                3 |
|la0/n2817                                       |                3 |
|la0/n16272                                      |                3 |
|la0/n11837                                      |                3 |
|la0/n22775                                      |                3 |
|la0/n21942                                      |                3 |
|la0/n21109                                      |                3 |
|la0/n19221                                      |                3 |
|la0/n18148                                      |                3 |
|la0/n20252                                      |                3 |
|la0/n6982                                       |                3 |
|la0/n3650                                       |                3 |
|la0/n5316                                       |                3 |
|la0/n4483                                       |                3 |
|la0/n6149                                       |                3 |
|la0/n15439                                      |                3 |
|la0/n17105                                      |                3 |
|la0/n7815                                       |                3 |
|la0/n8648                                       |                3 |
|la0/n12910                                      |                3 |
|ceg_net27                                       |                1 |
|la0/trigger_skipper_n/equal_6/n127              |                1 |
|ceg_net14                                       |                1 |
|debug_hub_inst/n265                             |                1 |
+------------------------------------------------+------------------+

### ### EFX_FF CE enables (end) ### ### ###

### ### EFX_FF SR set/reset (begin) ### ### ###

Total number of set/reset signals: 10
Total number of FFs with set/reset signals: 1121
+-----------------------------------------+------------------+
|SR Signal                                |Number of FF loads|
+-----------------------------------------+------------------+
|edb_soft_reset                           |              835 |
|bscan_RESET                              |               83 |
|la0/la_resetn                            |               77 |
|la0/ts_resetn                            |               64 |
|la0/la_biu_inst/fifo_with_read_inst/n1779|               34 |
|la0/la_biu_inst/fifo_rstn                |               23 |
|la0/n2804                                |                2 |
|la0/la_biu_inst/n2992                    |                1 |
|la0/trigger_skipper_n/n469               |                1 |
|la0/n32853                               |                1 |
+-----------------------------------------+------------------+

### ### EFX_FF SR set/reset (end) ### ### ###

### ### Sequential Elements/Signals Trimming Report (begin) ### ### ### 
'la0/GEN_PROBE[22].genblk7.genblk3.trigger_cu/genblk1.genblk1.exp2' (C:/Users/Jing-XuanTan(i)/Downloads/evsoc-efinity-v2026.1.132/evsoc-efinity-v2026.1.132/cam_single/Ti60F225_dsi/work_dbg/debug_top.v:5663) (merged to equivalence)
'la0/GEN_PROBE[21].genblk7.genblk3.trigger_cu/genblk1.genblk1.exp2' (C:/Users/Jing-XuanTan(i)/Downloads/evsoc-efinity-v2026.1.132/evsoc-efinity-v2026.1.132/cam_single/Ti60F225_dsi/work_dbg/debug_top.v:5663) (merged to equivalence)
'la0/GEN_PROBE[20].genblk7.genblk3.trigger_cu/genblk1.genblk1.exp2' (C:/Users/Jing-XuanTan(i)/Downloads/evsoc-efinity-v2026.1.132/evsoc-efinity-v2026.1.132/cam_single/Ti60F225_dsi/work_dbg/debug_top.v:5663) (merged to equivalence)
'la0/GEN_PROBE[16].genblk7.genblk3.trigger_cu/genblk1.genblk1.exp2' (C:/Users/Jing-XuanTan(i)/Downloads/evsoc-efinity-v2026.1.132/evsoc-efinity-v2026.1.132/cam_single/Ti60F225_dsi/work_dbg/debug_top.v:5663) (merged to equivalence)
'la0/GEN_PROBE[15].genblk7.genblk3.trigger_cu/genblk1.genblk1.exp2' (C:/Users/Jing-XuanTan(i)/Downloads/evsoc-efinity-v2026.1.132/evsoc-efinity-v2026.1.132/cam_single/Ti60F225_dsi/work_dbg/debug_top.v:5663) (merged to equivalence)
'la0/GEN_PROBE[14].genblk7.genblk3.trigger_cu/genblk1.genblk1.exp2' (C:/Users/Jing-XuanTan(i)/Downloads/evsoc-efinity-v2026.1.132/evsoc-efinity-v2026.1.132/cam_single/Ti60F225_dsi/work_dbg/debug_top.v:5663) (merged to equivalence)
'la0/GEN_PROBE[13].genblk7.genblk3.trigger_cu/genblk1.genblk1.exp2' (C:/Users/Jing-XuanTan(i)/Downloads/evsoc-efinity-v2026.1.132/evsoc-efinity-v2026.1.132/cam_single/Ti60F225_dsi/work_dbg/debug_top.v:5663) (merged to equivalence)
'la0/GEN_PROBE[12].genblk7.genblk3.trigger_cu/genblk1.genblk1.exp2' (C:/Users/Jing-XuanTan(i)/Downloads/evsoc-efinity-v2026.1.132/evsoc-efinity-v2026.1.132/cam_single/Ti60F225_dsi/work_dbg/debug_top.v:5663) (merged to equivalence)
'la0/GEN_PROBE[7].genblk7.genblk3.trigger_cu/genblk1.genblk1.exp2' (C:/Users/Jing-XuanTan(i)/Downloads/evsoc-efinity-v2026.1.132/evsoc-efinity-v2026.1.132/cam_single/Ti60F225_dsi/work_dbg/debug_top.v:5663) (merged to equivalence)
'la0/GEN_PROBE[6].genblk7.genblk3.trigger_cu/genblk1.genblk1.exp2' (C:/Users/Jing-XuanTan(i)/Downloads/evsoc-efinity-v2026.1.132/evsoc-efinity-v2026.1.132/cam_single/Ti60F225_dsi/work_dbg/debug_top.v:5663) (merged to equivalence)
'la0/GEN_PROBE[5].genblk7.genblk3.trigger_cu/genblk1.genblk1.exp2' (C:/Users/Jing-XuanTan(i)/Downloads/evsoc-efinity-v2026.1.132/evsoc-efinity-v2026.1.132/cam_single/Ti60F225_dsi/work_dbg/debug_top.v:5663) (merged to equivalence)
'la0/GEN_PROBE[4].genblk7.genblk3.trigger_cu/genblk1.genblk1.exp2' (C:/Users/Jing-XuanTan(i)/Downloads/evsoc-efinity-v2026.1.132/evsoc-efinity-v2026.1.132/cam_single/Ti60F225_dsi/work_dbg/debug_top.v:5663) (merged to equivalence)
'la0/GEN_PROBE[3].genblk7.genblk3.trigger_cu/genblk1.genblk1.exp2' (C:/Users/Jing-XuanTan(i)/Downloads/evsoc-efinity-v2026.1.132/evsoc-efinity-v2026.1.132/cam_single/Ti60F225_dsi/work_dbg/debug_top.v:5663) (merged to equivalence)
'la0/GEN_PROBE[2].genblk7.genblk3.trigger_cu/genblk1.genblk1.exp2' (C:/Users/Jing-XuanTan(i)/Downloads/evsoc-efinity-v2026.1.132/evsoc-efinity-v2026.1.132/cam_single/Ti60F225_dsi/work_dbg/debug_top.v:5663) (merged to equivalence)
'la0/GEN_PROBE[1].genblk7.genblk3.trigger_cu/genblk1.genblk1.exp2' (C:/Users/Jing-XuanTan(i)/Downloads/evsoc-efinity-v2026.1.132/evsoc-efinity-v2026.1.132/cam_single/Ti60F225_dsi/work_dbg/debug_top.v:5663) (merged to equivalence)
'la0/GEN_PROBE[0].genblk7.genblk3.trigger_cu/genblk1.genblk1.exp2' (C:/Users/Jing-XuanTan(i)/Downloads/evsoc-efinity-v2026.1.132/evsoc-efinity-v2026.1.132/cam_single/Ti60F225_dsi/work_dbg/debug_top.v:5663) (merged to equivalence)
### ### Sequential Elements Trimming Report (end) ### ### ### 

### ### Module Resource Usage Distribution Estimates (begin) ### ###

**Note: some resources maybe grouped under different hierarchy due to optimization and LUT mapping

Module                                                              FFs      SRLs      ADDs       LUTs    COMB4s      RAMs DSP/MULTs
------------------------------------------------------------        ---      ----      ----       ----      ----      ---- ---------
edb_top:edb_top                                                 1887(0)    220(0)    156(0)    2469(0)      0(0)     45(0)      0(0)
 +la0:edb_la_top_fa057f12fb634a4c9838ea033b743904_renamed... 1800(1007)    220(0)   156(41)  2438(462)      0(0)     45(0)      0(0)
  +axi_crc_i:edb_adbg_crc32_fa057f12fb634a4c9838ea033b743904     32(32)      0(0)      0(0)     40(40)      0(0)      0(0)      0(0)
  +GEN_PROBE[0].genblk7.genblk3.trigger_cu:compare_unit_f...       7(7)      0(0)      0(0)       7(7)      0(0)      0(0)      0(0)
  +GEN_PROBE[1].genblk7.genblk3.trigger_cu:compare_unit_f...       7(7)      0(0)      0(0)       7(7)      0(0)      0(0)      0(0)
  +GEN_PROBE[2].genblk7.genblk3.trigger_cu:compare_unit_f...       7(7)      0(0)      0(0)       7(7)      0(0)      0(0)      0(0)
  +GEN_PROBE[3].genblk7.genblk3.trigger_cu:compare_unit_f...       7(7)      0(0)      0(0)       7(7)      0(0)      0(0)      0(0)
  +GEN_PROBE[4].genblk7.genblk3.trigger_cu:compare_unit_f...       7(7)      0(0)      0(0)       7(7)      0(0)      0(0)      0(0)
  +GEN_PROBE[5].genblk7.genblk3.trigger_cu:compare_unit_f...       7(7)      0(0)      0(0)       7(7)      0(0)      0(0)      0(0)
  +GEN_PROBE[6].genblk7.genblk3.trigger_cu:compare_unit_f...       7(7)      0(0)      0(0)       7(7)      0(0)      0(0)      0(0)
  +GEN_PROBE[7].genblk7.genblk3.trigger_cu:compare_unit_f...       7(7)      0(0)      0(0)       7(7)      0(0)      0(0)      0(0)
  +GEN_PROBE[8].genblk7.genblk3.trigger_cu:compare_unit_f...     63(63)      0(0)      0(0)   143(143)      0(0)      0(0)      0(0)
  +GEN_PROBE[9].genblk7.genblk3.trigger_cu:compare_unit_f...     63(63)      0(0)      0(0)   140(140)      0(0)      0(0)      0(0)
  +GEN_PROBE[10].genblk7.genblk3.trigger_cu:compare_unit_...     63(63)      0(0)      0(0)   140(140)      0(0)      0(0)      0(0)
  +GEN_PROBE[11].genblk7.genblk3.trigger_cu:compare_unit_...     63(63)      0(0)      0(0)   140(140)      0(0)      0(0)      0(0)
  +GEN_PROBE[12].genblk7.genblk3.trigger_cu:compare_unit_...       7(7)      0(0)      0(0)       7(7)      0(0)      0(0)      0(0)
  +GEN_PROBE[13].genblk7.genblk3.trigger_cu:compare_unit_...       7(7)      0(0)      0(0)       7(7)      0(0)      0(0)      0(0)
  +GEN_PROBE[14].genblk7.genblk3.trigger_cu:compare_unit_...       7(7)      0(0)      0(0)       7(7)      0(0)      0(0)      0(0)
  +GEN_PROBE[15].genblk7.genblk3.trigger_cu:compare_unit_...       7(7)      0(0)      0(0)       7(7)      0(0)      0(0)      0(0)
  +GEN_PROBE[16].genblk7.genblk3.trigger_cu:compare_unit_...       7(7)      0(0)      0(0)       7(7)      0(0)      0(0)      0(0)
  +GEN_PROBE[17].genblk7.genblk3.trigger_cu:compare_unit_...     63(63)      0(0)      0(0)   141(141)      0(0)      0(0)      0(0)
  +GEN_PROBE[18].genblk7.genblk3.trigger_cu:compare_unit_...     63(63)      0(0)      0(0)   144(144)      0(0)      0(0)      0(0)
  +GEN_PROBE[19].genblk7.genblk3.trigger_cu:compare_unit_...     51(51)      0(0)      0(0)   112(112)      0(0)      0(0)      0(0)
  +GEN_PROBE[20].genblk7.genblk3.trigger_cu:compare_unit_...       7(7)      0(0)      0(0)       7(7)      0(0)      0(0)      0(0)
  +GEN_PROBE[21].genblk7.genblk3.trigger_cu:compare_unit_...       7(7)      0(0)      0(0)       7(7)      0(0)      0(0)      0(0)
  +GEN_PROBE[22].genblk7.genblk3.trigger_cu:compare_unit_...       7(7)      0(0)      0(0)       7(7)      0(0)      0(0)      0(0)
  +trigger_tu:trigger_unit_fa057f12fb634a4c9838ea033b7439...       1(1)      0(0)      0(0)     33(33)      0(0)      0(0)      0(0)
  +trigger_skipper_n:trigger_skipper_fa057f12fb634a4c9838...     65(65)      0(0)    63(63)   237(237)      0(0)      0(0)      0(0)
  +la_biu_inst:la_biu_fa057f12fb634a4c9838ea033b743904(CA...    154(97)    220(0)     52(0)   594(273)      0(0)     45(0)      0(0)
   +fifo_with_read_inst:fifo_with_read_fa057f12fb634a4c98...     57(57)  220(220)    52(52)    321(46)      0(0)     45(0)      0(0)
    +transcode_write_addr:fifo_address_trancode_unit_fa05...       0(0)      0(0)      0(0)     55(55)      0(0)      0(0)      0(0)
    +simple_dual_port_ram_inst:edb_simple_dual_port_ram_f...       0(0)      0(0)      0(0)   220(220)      0(0)    45(45)      0(0)
 +debug_hub_inst:debug_hub_fa057f12fb634a4c9838ea033b743904      87(87)      0(0)      0(0)     31(31)      0(0)      0(0)      0(0)

### ### Module Resource Usage Distribution Estimates (end) ### ###


### ### DSP Usage Report (begin) ### ### ### 

 No DSP in design

### ### Clock Load Distribution Report (begin) ### ###

+---------+----------+----------+------------+----------------+
|Clock    |Flip-Flops|Shift-Regs|Memory Ports|Multipliers/DSPs|
+---------+----------+----------+------------+----------------+
|bscan_TCK|      922 |        0 |          0 |              0 |
|la0_clk  |      965 |      220 |         90 |              0 |
+---------+----------+----------+------------+----------------+

### ### Clock Load Distribution Report (end) ### ###

### ### Resource Summary (begin) ### ### ### 

INPUT  PORTS    : 	231
OUTPUT PORTS    : 	1

EFX_ADD                 : 	156
EFX_LUT4                : 	2469
   1-2  Inputs          : 	889
   3    Inputs          : 	367
   4    Inputs          : 	1213
EFX_FF                  : 	1887
EFX_SRL8                : 	220
EFX_RAM10               : 	45
EFX_GBUFCE              : 	1
### ### Resource Summary (end) ### ### ###

Plain synthesis (without verilog dump and post-map checks) time : 16s
Elapsed synthesis time : 17s
