Efinity Synthesis report for project edb_top
Version: 2026.1.132.1.15
Generated at: Oct 06, 2026 14:41:33
Copyright (C) 2013 - 2026  All rights reserved.

Top-level Entity Name : edb_top

family : Titanium
device : Ti60F225
project : edb_top
root : edb_top
I,include : C:/Users/Jing-XuanTan(i)/Downloads/evsoc-efinity-v2026.1.132/evsoc-efinity-v2026.1.132/cam_single/Ti60F225_dsi
I,include : C:/Users/Jing-XuanTan(i)/Downloads/evsoc-efinity-v2026.1.132/evsoc-efinity-v2026.1.132/cam_single/Ti60F225_dsi
I,include : C:/Users/Jing-XuanTan(i)/Downloads/evsoc-efinity-v2026.1.132/evsoc-efinity-v2026.1.132/cam_single/Ti60F225_dsi/ip/SapphireSoc
I,include : C:/Users/Jing-XuanTan(i)/Downloads/evsoc-efinity-v2026.1.132/evsoc-efinity-v2026.1.132/cam_single/Ti60F225_dsi/ip/cam_dma_fifo
I,include : C:/Users/Jing-XuanTan(i)/Downloads/evsoc-efinity-v2026.1.132/evsoc-efinity-v2026.1.132/cam_single/Ti60F225_dsi/ip/cam_pixel_remap_fifo
I,include : C:/Users/Jing-XuanTan(i)/Downloads/evsoc-efinity-v2026.1.132/evsoc-efinity-v2026.1.132/cam_single/Ti60F225_dsi/ip/csi2_rx_cam
I,include : C:/Users/Jing-XuanTan(i)/Downloads/evsoc-efinity-v2026.1.132/evsoc-efinity-v2026.1.132/cam_single/Ti60F225_dsi/ip/display_dma_fifo
I,include : C:/Users/Jing-XuanTan(i)/Downloads/evsoc-efinity-v2026.1.132/evsoc-efinity-v2026.1.132/cam_single/Ti60F225_dsi/ip/dsi_tx_display
I,include : C:/Users/Jing-XuanTan(i)/Downloads/evsoc-efinity-v2026.1.132/evsoc-efinity-v2026.1.132/cam_single/Ti60F225_dsi/ip/hbram
I,include : C:/Users/Jing-XuanTan(i)/Downloads/evsoc-efinity-v2026.1.132/evsoc-efinity-v2026.1.132/cam_single/Ti60F225_dsi/ip/hw_accel_dma_in_fifo
I,include : C:/Users/Jing-XuanTan(i)/Downloads/evsoc-efinity-v2026.1.132/evsoc-efinity-v2026.1.132/cam_single/Ti60F225_dsi/ip/hw_accel_dma_out_fifo
I,include : C:/Users/Jing-XuanTan(i)/Downloads/evsoc-efinity-v2026.1.132/evsoc-efinity-v2026.1.132/cam_single/Ti60F225_dsi/ip/dma
insert-ios : 0
insert-gclk : 0
max-carry-cascade : 320
max-dsp-cascade : 16
max_mult : -1
max_ram : -1
mode : speed
num_srl : -1
gen-mark-debug-json : 0
keep-gclk-in-module : 1
mult-decomp-retime : 0
output-dir : C:/Users/Jing-XuanTan(i)/Downloads/evsoc-efinity-v2026.1.132/evsoc-efinity-v2026.1.132/cam_single/Ti60F225_dsi/outflow
project : edb_top
retiming : 0
root : edb_top
seq_opt : 0
work-dir : C:/Users/Jing-XuanTan(i)/Downloads/evsoc-efinity-v2026.1.132/evsoc-efinity-v2026.1.132/cam_single/Ti60F225_dsi/work_dbg
write-postmap-module : C:/Users/Jing-XuanTan(i)/Downloads/evsoc-efinity-v2026.1.132/evsoc-efinity-v2026.1.132/cam_single/Ti60F225_dsi/work_dbg/debug_top.post.vdb

File List:

C:/Users/Jing-XuanTan(i)/Downloads/evsoc-efinity-v2026.1.132/evsoc-efinity-v2026.1.132/cam_single/Ti60F225_dsi/work_dbg/debug_top.v

### ### Report Section Start ### ###

"MEM|SYN-0677" : ... Memory 'ram' is not initialized, assuming empty initial contents. (C:/Users/Jing-XuanTan(i)/Downloads/evsoc-efinity-v2026.1.132/evsoc-efinity-v2026.1.132/cam_single/Ti60F225_dsi/work_dbg/debug_top.v:445)

### ### EFX_FF CE enables (begin) ### ### ###

Total number of enable signals: 31
Total number of FFs with enable signals: 591
+------------------------------------------------+------------------+
|CE Signal                                       |Number of FF loads|
+------------------------------------------------+------------------+
|debug_hub_inst/n96                              |               82 |
|la0/n1631                                       |               64 |
|la0/tu_trigger                                  |               64 |
|ceg_net8                                        |               64 |
|la0/n1114                                       |               64 |
|ceg_net19                                       |               32 |
|la0/addr_ct_en                                  |               27 |
|ceg_net26                                       |               26 |
|la0/n1764                                       |               22 |
|la0/n9890                                       |               21 |
|la0/word_ct_en                                  |               16 |
|la0/regsel_ld_en                                |               13 |
|la0/la_biu_inst/n355                            |               13 |
|la0/la_biu_inst/fifo_with_read_inst/is_last_data|               12 |
|la0/la_biu_inst/n2089                           |               12 |
|la0/la_biu_inst/fifo_push                       |               12 |
|la0/la_biu_inst/data_o_en                       |                8 |
|ceg_net2                                        |                6 |
|la0/op_reg_en                                   |                4 |
|debug_hub_inst/n267                             |                4 |
|la0/n5952                                       |                3 |
|ceg_net5                                        |                3 |
|la0/n2620                                       |                3 |
|la0/n6785                                       |                3 |
|la0/n4286                                       |                3 |
|la0/n3453                                       |                3 |
|la0/n5119                                       |                3 |
|ceg_net27                                       |                1 |
|la0/trigger_skipper_n/equal_6/n127              |                1 |
|ceg_net11                                       |                1 |
|debug_hub_inst/n265                             |                1 |
+------------------------------------------------+------------------+

### ### EFX_FF CE enables (end) ### ### ###

### ### EFX_FF SR set/reset (begin) ### ### ###

Total number of set/reset signals: 10
Total number of FFs with set/reset signals: 610
+----------------------------------------+------------------+
|SR Signal                               |Number of FF loads|
+----------------------------------------+------------------+
|edb_soft_reset                          |              376 |
|bscan_RESET                             |               83 |
|la0/ts_resetn                           |               64 |
|la0/la_biu_inst/fifo_with_read_inst/n756|               37 |
|la0/la_biu_inst/fifo_rstn               |               25 |
|la0/la_resetn                           |               20 |
|la0/n2607                               |                2 |
|la0/n10418                              |                1 |
|la0/trigger_skipper_n/n469              |                1 |
|la0/la_biu_inst/n2103                   |                1 |
+----------------------------------------+------------------+

### ### EFX_FF SR set/reset (end) ### ### ###

### ### Sequential Elements/Signals Trimming Report (begin) ### ### ### 
'la0/data_from_biu[7]' (C:/Users/Jing-XuanTan(i)/Downloads/evsoc-efinity-v2026.1.132/evsoc-efinity-v2026.1.132/cam_single/Ti60F225_dsi/work_dbg/debug_top.v:3455) (optimized to 0)
'la0/data_from_biu[8]' (C:/Users/Jing-XuanTan(i)/Downloads/evsoc-efinity-v2026.1.132/evsoc-efinity-v2026.1.132/cam_single/Ti60F225_dsi/work_dbg/debug_top.v:3455) (optimized to 0)
'la0/data_from_biu[9]' (C:/Users/Jing-XuanTan(i)/Downloads/evsoc-efinity-v2026.1.132/evsoc-efinity-v2026.1.132/cam_single/Ti60F225_dsi/work_dbg/debug_top.v:3455) (optimized to 0)
'la0/data_from_biu[10]' (C:/Users/Jing-XuanTan(i)/Downloads/evsoc-efinity-v2026.1.132/evsoc-efinity-v2026.1.132/cam_single/Ti60F225_dsi/work_dbg/debug_top.v:3455) (optimized to 0)
'la0/data_from_biu[11]' (C:/Users/Jing-XuanTan(i)/Downloads/evsoc-efinity-v2026.1.132/evsoc-efinity-v2026.1.132/cam_single/Ti60F225_dsi/work_dbg/debug_top.v:3455) (optimized to 0)
'la0/data_from_biu[12]' (C:/Users/Jing-XuanTan(i)/Downloads/evsoc-efinity-v2026.1.132/evsoc-efinity-v2026.1.132/cam_single/Ti60F225_dsi/work_dbg/debug_top.v:3455) (optimized to 0)
'la0/data_from_biu[13]' (C:/Users/Jing-XuanTan(i)/Downloads/evsoc-efinity-v2026.1.132/evsoc-efinity-v2026.1.132/cam_single/Ti60F225_dsi/work_dbg/debug_top.v:3455) (optimized to 0)
'la0/data_from_biu[14]' (C:/Users/Jing-XuanTan(i)/Downloads/evsoc-efinity-v2026.1.132/evsoc-efinity-v2026.1.132/cam_single/Ti60F225_dsi/work_dbg/debug_top.v:3455) (optimized to 0)
'la0/data_from_biu[15]' (C:/Users/Jing-XuanTan(i)/Downloads/evsoc-efinity-v2026.1.132/evsoc-efinity-v2026.1.132/cam_single/Ti60F225_dsi/work_dbg/debug_top.v:3455) (optimized to 0)
'la0/data_from_biu[16]' (C:/Users/Jing-XuanTan(i)/Downloads/evsoc-efinity-v2026.1.132/evsoc-efinity-v2026.1.132/cam_single/Ti60F225_dsi/work_dbg/debug_top.v:3455) (optimized to 0)
'la0/data_from_biu[17]' (C:/Users/Jing-XuanTan(i)/Downloads/evsoc-efinity-v2026.1.132/evsoc-efinity-v2026.1.132/cam_single/Ti60F225_dsi/work_dbg/debug_top.v:3455) (optimized to 0)
'la0/data_from_biu[18]' (C:/Users/Jing-XuanTan(i)/Downloads/evsoc-efinity-v2026.1.132/evsoc-efinity-v2026.1.132/cam_single/Ti60F225_dsi/work_dbg/debug_top.v:3455) (optimized to 0)
'la0/data_from_biu[19]' (C:/Users/Jing-XuanTan(i)/Downloads/evsoc-efinity-v2026.1.132/evsoc-efinity-v2026.1.132/cam_single/Ti60F225_dsi/work_dbg/debug_top.v:3455) (optimized to 0)
'la0/data_from_biu[20]' (C:/Users/Jing-XuanTan(i)/Downloads/evsoc-efinity-v2026.1.132/evsoc-efinity-v2026.1.132/cam_single/Ti60F225_dsi/work_dbg/debug_top.v:3455) (optimized to 0)
'la0/data_from_biu[21]' (C:/Users/Jing-XuanTan(i)/Downloads/evsoc-efinity-v2026.1.132/evsoc-efinity-v2026.1.132/cam_single/Ti60F225_dsi/work_dbg/debug_top.v:3455) (optimized to 0)
'la0/data_from_biu[22]' (C:/Users/Jing-XuanTan(i)/Downloads/evsoc-efinity-v2026.1.132/evsoc-efinity-v2026.1.132/cam_single/Ti60F225_dsi/work_dbg/debug_top.v:3455) (optimized to 0)
'la0/data_from_biu[23]' (C:/Users/Jing-XuanTan(i)/Downloads/evsoc-efinity-v2026.1.132/evsoc-efinity-v2026.1.132/cam_single/Ti60F225_dsi/work_dbg/debug_top.v:3455) (optimized to 0)
'la0/data_from_biu[24]' (C:/Users/Jing-XuanTan(i)/Downloads/evsoc-efinity-v2026.1.132/evsoc-efinity-v2026.1.132/cam_single/Ti60F225_dsi/work_dbg/debug_top.v:3455) (optimized to 0)
'la0/data_from_biu[25]' (C:/Users/Jing-XuanTan(i)/Downloads/evsoc-efinity-v2026.1.132/evsoc-efinity-v2026.1.132/cam_single/Ti60F225_dsi/work_dbg/debug_top.v:3455) (optimized to 0)
'la0/data_from_biu[26]' (C:/Users/Jing-XuanTan(i)/Downloads/evsoc-efinity-v2026.1.132/evsoc-efinity-v2026.1.132/cam_single/Ti60F225_dsi/work_dbg/debug_top.v:3455) (optimized to 0)
'la0/data_from_biu[27]' (C:/Users/Jing-XuanTan(i)/Downloads/evsoc-efinity-v2026.1.132/evsoc-efinity-v2026.1.132/cam_single/Ti60F225_dsi/work_dbg/debug_top.v:3455) (optimized to 0)
'la0/data_from_biu[28]' (C:/Users/Jing-XuanTan(i)/Downloads/evsoc-efinity-v2026.1.132/evsoc-efinity-v2026.1.132/cam_single/Ti60F225_dsi/work_dbg/debug_top.v:3455) (optimized to 0)
'la0/data_from_biu[29]' (C:/Users/Jing-XuanTan(i)/Downloads/evsoc-efinity-v2026.1.132/evsoc-efinity-v2026.1.132/cam_single/Ti60F225_dsi/work_dbg/debug_top.v:3455) (optimized to 0)
'la0/data_from_biu[30]' (C:/Users/Jing-XuanTan(i)/Downloads/evsoc-efinity-v2026.1.132/evsoc-efinity-v2026.1.132/cam_single/Ti60F225_dsi/work_dbg/debug_top.v:3455) (optimized to 0)
'la0/data_from_biu[31]' (C:/Users/Jing-XuanTan(i)/Downloads/evsoc-efinity-v2026.1.132/evsoc-efinity-v2026.1.132/cam_single/Ti60F225_dsi/work_dbg/debug_top.v:3455) (optimized to 0)
'la0/data_from_biu[32]' (C:/Users/Jing-XuanTan(i)/Downloads/evsoc-efinity-v2026.1.132/evsoc-efinity-v2026.1.132/cam_single/Ti60F225_dsi/work_dbg/debug_top.v:3455) (optimized to 0)
'la0/data_from_biu[33]' (C:/Users/Jing-XuanTan(i)/Downloads/evsoc-efinity-v2026.1.132/evsoc-efinity-v2026.1.132/cam_single/Ti60F225_dsi/work_dbg/debug_top.v:3455) (optimized to 0)
'la0/data_from_biu[34]' (C:/Users/Jing-XuanTan(i)/Downloads/evsoc-efinity-v2026.1.132/evsoc-efinity-v2026.1.132/cam_single/Ti60F225_dsi/work_dbg/debug_top.v:3455) (optimized to 0)
'la0/data_from_biu[35]' (C:/Users/Jing-XuanTan(i)/Downloads/evsoc-efinity-v2026.1.132/evsoc-efinity-v2026.1.132/cam_single/Ti60F225_dsi/work_dbg/debug_top.v:3455) (optimized to 0)
'la0/data_from_biu[36]' (C:/Users/Jing-XuanTan(i)/Downloads/evsoc-efinity-v2026.1.132/evsoc-efinity-v2026.1.132/cam_single/Ti60F225_dsi/work_dbg/debug_top.v:3455) (optimized to 0)
'la0/data_from_biu[37]' (C:/Users/Jing-XuanTan(i)/Downloads/evsoc-efinity-v2026.1.132/evsoc-efinity-v2026.1.132/cam_single/Ti60F225_dsi/work_dbg/debug_top.v:3455) (optimized to 0)
'la0/data_from_biu[38]' (C:/Users/Jing-XuanTan(i)/Downloads/evsoc-efinity-v2026.1.132/evsoc-efinity-v2026.1.132/cam_single/Ti60F225_dsi/work_dbg/debug_top.v:3455) (optimized to 0)
'la0/data_from_biu[39]' (C:/Users/Jing-XuanTan(i)/Downloads/evsoc-efinity-v2026.1.132/evsoc-efinity-v2026.1.132/cam_single/Ti60F225_dsi/work_dbg/debug_top.v:3455) (optimized to 0)
'la0/data_from_biu[40]' (C:/Users/Jing-XuanTan(i)/Downloads/evsoc-efinity-v2026.1.132/evsoc-efinity-v2026.1.132/cam_single/Ti60F225_dsi/work_dbg/debug_top.v:3455) (optimized to 0)
'la0/data_from_biu[41]' (C:/Users/Jing-XuanTan(i)/Downloads/evsoc-efinity-v2026.1.132/evsoc-efinity-v2026.1.132/cam_single/Ti60F225_dsi/work_dbg/debug_top.v:3455) (optimized to 0)
'la0/data_from_biu[42]' (C:/Users/Jing-XuanTan(i)/Downloads/evsoc-efinity-v2026.1.132/evsoc-efinity-v2026.1.132/cam_single/Ti60F225_dsi/work_dbg/debug_top.v:3455) (optimized to 0)
'la0/data_from_biu[43]' (C:/Users/Jing-XuanTan(i)/Downloads/evsoc-efinity-v2026.1.132/evsoc-efinity-v2026.1.132/cam_single/Ti60F225_dsi/work_dbg/debug_top.v:3455) (optimized to 0)
'la0/data_from_biu[44]' (C:/Users/Jing-XuanTan(i)/Downloads/evsoc-efinity-v2026.1.132/evsoc-efinity-v2026.1.132/cam_single/Ti60F225_dsi/work_dbg/debug_top.v:3455) (optimized to 0)
'la0/data_from_biu[45]' (C:/Users/Jing-XuanTan(i)/Downloads/evsoc-efinity-v2026.1.132/evsoc-efinity-v2026.1.132/cam_single/Ti60F225_dsi/work_dbg/debug_top.v:3455) (optimized to 0)
'la0/data_from_biu[46]' (C:/Users/Jing-XuanTan(i)/Downloads/evsoc-efinity-v2026.1.132/evsoc-efinity-v2026.1.132/cam_single/Ti60F225_dsi/work_dbg/debug_top.v:3455) (optimized to 0)
'la0/data_from_biu[47]' (C:/Users/Jing-XuanTan(i)/Downloads/evsoc-efinity-v2026.1.132/evsoc-efinity-v2026.1.132/cam_single/Ti60F225_dsi/work_dbg/debug_top.v:3455) (optimized to 0)
'la0/data_from_biu[48]' (C:/Users/Jing-XuanTan(i)/Downloads/evsoc-efinity-v2026.1.132/evsoc-efinity-v2026.1.132/cam_single/Ti60F225_dsi/work_dbg/debug_top.v:3455) (optimized to 0)
'la0/data_from_biu[49]' (C:/Users/Jing-XuanTan(i)/Downloads/evsoc-efinity-v2026.1.132/evsoc-efinity-v2026.1.132/cam_single/Ti60F225_dsi/work_dbg/debug_top.v:3455) (optimized to 0)
'la0/data_from_biu[50]' (C:/Users/Jing-XuanTan(i)/Downloads/evsoc-efinity-v2026.1.132/evsoc-efinity-v2026.1.132/cam_single/Ti60F225_dsi/work_dbg/debug_top.v:3455) (optimized to 0)
'la0/data_from_biu[51]' (C:/Users/Jing-XuanTan(i)/Downloads/evsoc-efinity-v2026.1.132/evsoc-efinity-v2026.1.132/cam_single/Ti60F225_dsi/work_dbg/debug_top.v:3455) (optimized to 0)
'la0/data_from_biu[52]' (C:/Users/Jing-XuanTan(i)/Downloads/evsoc-efinity-v2026.1.132/evsoc-efinity-v2026.1.132/cam_single/Ti60F225_dsi/work_dbg/debug_top.v:3455) (optimized to 0)
'la0/data_from_biu[53]' (C:/Users/Jing-XuanTan(i)/Downloads/evsoc-efinity-v2026.1.132/evsoc-efinity-v2026.1.132/cam_single/Ti60F225_dsi/work_dbg/debug_top.v:3455) (optimized to 0)
'la0/data_from_biu[54]' (C:/Users/Jing-XuanTan(i)/Downloads/evsoc-efinity-v2026.1.132/evsoc-efinity-v2026.1.132/cam_single/Ti60F225_dsi/work_dbg/debug_top.v:3455) (optimized to 0)
'la0/data_from_biu[55]' (C:/Users/Jing-XuanTan(i)/Downloads/evsoc-efinity-v2026.1.132/evsoc-efinity-v2026.1.132/cam_single/Ti60F225_dsi/work_dbg/debug_top.v:3455) (optimized to 0)
'la0/data_from_biu[56]' (C:/Users/Jing-XuanTan(i)/Downloads/evsoc-efinity-v2026.1.132/evsoc-efinity-v2026.1.132/cam_single/Ti60F225_dsi/work_dbg/debug_top.v:3455) (optimized to 0)
'la0/data_from_biu[57]' (C:/Users/Jing-XuanTan(i)/Downloads/evsoc-efinity-v2026.1.132/evsoc-efinity-v2026.1.132/cam_single/Ti60F225_dsi/work_dbg/debug_top.v:3455) (optimized to 0)
'la0/data_from_biu[58]' (C:/Users/Jing-XuanTan(i)/Downloads/evsoc-efinity-v2026.1.132/evsoc-efinity-v2026.1.132/cam_single/Ti60F225_dsi/work_dbg/debug_top.v:3455) (optimized to 0)
'la0/data_from_biu[59]' (C:/Users/Jing-XuanTan(i)/Downloads/evsoc-efinity-v2026.1.132/evsoc-efinity-v2026.1.132/cam_single/Ti60F225_dsi/work_dbg/debug_top.v:3455) (optimized to 0)
'la0/data_from_biu[60]' (C:/Users/Jing-XuanTan(i)/Downloads/evsoc-efinity-v2026.1.132/evsoc-efinity-v2026.1.132/cam_single/Ti60F225_dsi/work_dbg/debug_top.v:3455) (optimized to 0)
'la0/data_from_biu[61]' (C:/Users/Jing-XuanTan(i)/Downloads/evsoc-efinity-v2026.1.132/evsoc-efinity-v2026.1.132/cam_single/Ti60F225_dsi/work_dbg/debug_top.v:3455) (optimized to 0)
'la0/data_from_biu[62]' (C:/Users/Jing-XuanTan(i)/Downloads/evsoc-efinity-v2026.1.132/evsoc-efinity-v2026.1.132/cam_single/Ti60F225_dsi/work_dbg/debug_top.v:3455) (optimized to 0)
'la0/data_from_biu[63]' (C:/Users/Jing-XuanTan(i)/Downloads/evsoc-efinity-v2026.1.132/evsoc-efinity-v2026.1.132/cam_single/Ti60F225_dsi/work_dbg/debug_top.v:3455) (optimized to 0)
'la0/GEN_PROBE[5].genblk7.genblk3.trigger_cu/genblk1.genblk1.exp2' (C:/Users/Jing-XuanTan(i)/Downloads/evsoc-efinity-v2026.1.132/evsoc-efinity-v2026.1.132/cam_single/Ti60F225_dsi/work_dbg/debug_top.v:5595) (merged to equivalence)
'la0/GEN_PROBE[4].genblk7.genblk3.trigger_cu/genblk1.genblk1.exp2' (C:/Users/Jing-XuanTan(i)/Downloads/evsoc-efinity-v2026.1.132/evsoc-efinity-v2026.1.132/cam_single/Ti60F225_dsi/work_dbg/debug_top.v:5595) (merged to equivalence)
'la0/GEN_PROBE[3].genblk7.genblk3.trigger_cu/genblk1.genblk1.exp2' (C:/Users/Jing-XuanTan(i)/Downloads/evsoc-efinity-v2026.1.132/evsoc-efinity-v2026.1.132/cam_single/Ti60F225_dsi/work_dbg/debug_top.v:5595) (merged to equivalence)
'la0/GEN_PROBE[2].genblk7.genblk3.trigger_cu/genblk1.genblk1.exp2' (C:/Users/Jing-XuanTan(i)/Downloads/evsoc-efinity-v2026.1.132/evsoc-efinity-v2026.1.132/cam_single/Ti60F225_dsi/work_dbg/debug_top.v:5595) (merged to equivalence)
'la0/GEN_PROBE[1].genblk7.genblk3.trigger_cu/genblk1.genblk1.exp2' (C:/Users/Jing-XuanTan(i)/Downloads/evsoc-efinity-v2026.1.132/evsoc-efinity-v2026.1.132/cam_single/Ti60F225_dsi/work_dbg/debug_top.v:5595) (merged to equivalence)
'la0/GEN_PROBE[0].genblk7.genblk3.trigger_cu/genblk1.genblk1.exp2' (C:/Users/Jing-XuanTan(i)/Downloads/evsoc-efinity-v2026.1.132/evsoc-efinity-v2026.1.132/cam_single/Ti60F225_dsi/work_dbg/debug_top.v:5595) (merged to equivalence)
### ### Sequential Elements Trimming Report (end) ### ### ### 

### ### Module Resource Usage Distribution Estimates (begin) ### ###

**Note: some resources maybe grouped under different hierarchy due to optimization and LUT mapping

Module                                                             FFs      SRLs      ADDs       LUTs    COMB4s      RAMs DSP/MULTs
------------------------------------------------------------       ---      ----      ----       ----      ----      ---- ---------
edb_top:edb_top                                                 663(0)      6(0)    163(0)    1023(0)      0(0)      4(0)      0(0)
 +la0:edb_la_top_4510ad0427554b979e97f9d0f41656ca(NUM_PRO...  576(335)      6(0)   163(43)   989(376)      0(0)      4(0)      0(0)
  +axi_crc_i:edb_adbg_crc32_4510ad0427554b979e97f9d0f41656ca    32(32)      0(0)      0(0)     38(38)      0(0)      0(0)      0(0)
  +GEN_PROBE[0].genblk7.genblk3.trigger_cu:compare_unit_4...      7(7)      0(0)      0(0)       7(7)      0(0)      0(0)      0(0)
  +GEN_PROBE[1].genblk7.genblk3.trigger_cu:compare_unit_4...      7(7)      0(0)      0(0)       7(7)      0(0)      0(0)      0(0)
  +GEN_PROBE[2].genblk7.genblk3.trigger_cu:compare_unit_4...      7(7)      0(0)      0(0)       7(7)      0(0)      0(0)      0(0)
  +GEN_PROBE[3].genblk7.genblk3.trigger_cu:compare_unit_4...      7(7)      0(0)      0(0)       7(7)      0(0)      0(0)      0(0)
  +GEN_PROBE[4].genblk7.genblk3.trigger_cu:compare_unit_4...      7(7)      0(0)      0(0)       7(7)      0(0)      0(0)      0(0)
  +GEN_PROBE[5].genblk7.genblk3.trigger_cu:compare_unit_4...      7(7)      0(0)      0(0)       7(7)      0(0)      0(0)      0(0)
  +trigger_tu:trigger_unit_4510ad0427554b979e97f9d0f41656...      1(1)      0(0)      0(0)     10(10)      0(0)      0(0)      0(0)
  +trigger_skipper_n:trigger_skipper_4510ad0427554b979e97...    65(65)      0(0)    63(63)   232(232)      0(0)      0(0)      0(0)
  +la_biu_inst:la_biu_4510ad0427554b979e97f9d0f41656ca(CA...   101(39)      6(0)     57(0)   291(164)      0(0)      4(0)      0(0)
   +fifo_with_read_inst:fifo_with_read_4510ad0427554b979e...    62(62)      6(6)    57(57)    127(89)      0(0)      4(0)      0(0)
    +transcode_write_addr:fifo_address_trancode_unit_4510...      0(0)      0(0)      0(0)     32(32)      0(0)      0(0)      0(0)
    +simple_dual_port_ram_inst:edb_simple_dual_port_ram_4...      0(0)      0(0)      0(0)       6(6)      0(0)      4(4)      0(0)
 +debug_hub_inst:debug_hub_4510ad0427554b979e97f9d0f41656ca     87(87)      0(0)      0(0)     34(34)      0(0)      0(0)      0(0)

### ### Module Resource Usage Distribution Estimates (end) ### ###


### ### DSP Usage Report (begin) ### ### ### 

 No DSP in design

### ### Clock Load Distribution Report (begin) ### ###

+---------+----------+----------+------------+----------------+
|Clock    |Flip-Flops|Shift-Regs|Memory Ports|Multipliers/DSPs|
+---------+----------+----------+------------+----------------+
|bscan_TCK|      463 |        0 |          0 |              0 |
|la0_clk  |      200 |        6 |          8 |              0 |
+---------+----------+----------+------------+----------------+

### ### Clock Load Distribution Report (end) ### ###

### ### Resource Summary (begin) ### ### ### 

INPUT  PORTS    : 	17
OUTPUT PORTS    : 	1

EFX_ADD                 : 	163
EFX_LUT4                : 	1023
   1-2  Inputs          : 	194
   3    Inputs          : 	225
   4    Inputs          : 	604
EFX_FF                  : 	663
EFX_SRL8                : 	6
EFX_RAM10               : 	4
EFX_GBUFCE              : 	1
### ### Resource Summary (end) ### ### ###

Plain synthesis (without verilog dump and post-map checks) time : 8s
Elapsed synthesis time : 8s
