
Efinix FPGA Placement and Routing.
Version: 2026.1.132.1.15 
Date: Wed Sep  2 08:30:07 2026

Copyright (C) 2013 - 2026 Efinix, Inc. All rights reserved.
 
Family: Titanium 
Device: Ti60F225
Top-level Entity Name: edge_vision_soc

---------- IO Interface Summary (begin) ----------

+------------------------+--------------+
| Missing Interface Pins | Input/Output |
+------------------------+--------------+
|    jtag_inst1_DRCK     |    Input     |
|     jtag_inst1_TMS     |    Input     |
|   jtag_inst1_RUNTEST   |    Input     |
|  i_mipi_tx_pll_locked  |    Input     |
|          sw7           |    Input     |
|          sw6           |    Input     |
+------------------------+--------------+

----------- IO Interface Summary (end) ----------


---------- Module Resource Usage Distribution Estimates (begin) ----------

'Module Resource Usage Distribution Estimates' table printed in: C:/Users/Jing-XuanTan(i)/Downloads/evsoc-efinity-v2026.1.132/evsoc-efinity-v2026.1.132/cam_single/Ti60F225_dsi/outflow\edge_vision_soc.hier_util.rpt

----------- Module Resource Usage Distribution Estimates (end) ----------

Elapsed time for packing: 0 hours 0 minutes 5 seconds
---------- Resource Summary (begin) ----------
Inputs: 93 / 1703 (5.46%)
Outputs: 229 / 2267 (10.10%)
Global Clocks (GBUF): 14 / 32 (43.75%)
Regional Clocks (RBUF): 0 / 32 (0.00%)
	RBUF: Core: 0 / 16 (0.00%)
	RBUF: Periphery: 0 / 8 (0.00%)
	RBUF: Multi-Region: 0 / 8 (0.00%)
XLRs: 33240 / 60800 (54.67%)
	XLRs needed for LUT4: 12171 / 60800 (20.02%)
	XLRs needed for LUT4 + FF: 7853 / 60800 (12.92%)
	XLRs needed for COMB4: 0 / 60800 (0.00%)
	XLRs needed for COMB4 + FF: 0 / 60800 (0.00%)
	XLRs needed for Adder: 2137 / 60800 (3.51%)
	XLRs needed for Adder + FF: 1672 / 60800 (2.75%)
	XLRs needed for SRL8: 10 / 14720 (0.07%)
	XLRs needed for SRL8 + FF: 0 / 14720 (0.00%)
	XLRs needed for FF: 9397 / 60800 (15.46%)
	XLRs needed for Routing: 0 / 60800 (0.00%)
Memory Blocks: 252 / 256 (98.44%)
DSP Blocks: 15 / 160 (9.38%)
---------- Resource Summary (end) ----------

Elapsed time for placement: 0 hours 1 minutes 0 seconds
