INFO     : Efinix FPGA Bitstream Generator.
INFO     : Version: 2026.1.132.1.15 
INFO     : Copyright (C) 2013 - 2026 Efinix, Inc. All rights reserved.
INFO     : Compiled: Jun 18 2026.
INFO     : Using source file "C:/Users/Jing-XuanTan(i)/Downloads/evsoc-efinity-v2026.1.132/evsoc-efinity-v2026.1.132/cam_single/Ti60F225_dsi/work_pnr/edge_vision_soc.lbf"
INFO     : Generating HEX programming file for device "Ti60F225", family "Titanium"
INFO     : Using periphery source file "C:/Users/Jing-XuanTan(i)/Downloads/evsoc-efinity-v2026.1.132/evsoc-efinity-v2026.1.132/cam_single/Ti60F225_dsi/outflow/edge_vision_soc.lpf"
INFO     : Generating bit file: "C:/Users/Jing-XuanTan(i)/Downloads/evsoc-efinity-v2026.1.132/evsoc-efinity-v2026.1.132/cam_single/Ti60F225_dsi/outflow/edge_vision_soc.bit"
INFO     : HEX Generation Options Summary:
INFO     : 	Listing options specified to bitstream generation:
INFO     : 	bitstream_compression                    = on
INFO     : 	oscillator_clock_divider                 = DIV8
INFO     : 	enable_external_master_clock             = off
INFO     : 	spi_low_power_mode                       = on
INFO     : 	active_capture_clk_edge                  = posedge
INFO     : 	enable_remote_update                     = off
INFO     : 	release_tri_then_reset                   = on
INFO     : 	enable_seu_crc_check                     = off
INFO     : 	seu_mode                                 = automatic
INFO     : 	seu_wait_interval                        = 0xFFFFFF
INFO     : 	jtag_usercode                            = 0xFFFFFFFF
INFO     : 	io_weak_pullup                           = on
INFO     : Finished generating "C:/Users/Jing-XuanTan(i)/Downloads/evsoc-efinity-v2026.1.132/evsoc-efinity-v2026.1.132/cam_single/Ti60F225_dsi/outflow/edge_vision_soc.hex"
INFO     : Efinix Bitstream Generator took 2.0629799 seconds [FlowMsg::StageDuration]
INFO     :     Efinix Bitstream Generator took 1.671875 seconds (approximately) in total CPU time [FlowMsg::StageDuration::CPUTime]
INFO     : Efinix Bitstream Generator virtual memory usage: begin = 2.624 MB, end = 13.24 MB, delta = 10.616 MB [FlowMsg::VMUsage]
INFO     :     Efinix Bitstream Generator peak virtual memory usage = 152.684 MB [FlowMsg::VMUsage::Peak]
INFO     : Efinix Bitstream Generator resident set memory usage: begin = 9.332 MB, end = 22 MB, delta = 12.668 MB [FlowMsg::RSSUsage]
INFO     :     Efinix Bitstream Generator peak resident set memory usage = 159.016 MB [FlowMsg::RSSUsage::Peak]
