
Efinix FPGA Placement and Routing.
Version: 2026.1.132.1.15 
Date: Thu Oct  8 09:40:58 2026

Copyright (C) 2013 - 2026 Efinix, Inc. All rights reserved.
 
Family: Titanium 
Device: Ti60F225
Top-level Entity Name: edge_vision_soc

---------- IO Interface Summary (begin) ----------

+------------------------------+--------------+
|    Missing Interface Pins    | Input/Output |
+------------------------------+--------------+
|       jtag_inst1_DRCK        |    Input     |
|        jtag_inst1_TMS        |    Input     |
|      jtag_inst1_RUNTEST      |    Input     |
|  jtag_inst2_autodbg_DRCK__   |    Input     |
|   jtag_inst2_autodbg_TMS__   |    Input     |
| jtag_inst2_autodbg_RUNTEST__ |    Input     |
|     i_mipi_tx_pll_locked     |    Input     |
|             sw7              |    Input     |
|             sw6              |    Input     |
+------------------------------+--------------+

----------- IO Interface Summary (end) ----------


---------- Module Resource Usage Distribution Estimates (begin) ----------

'Module Resource Usage Distribution Estimates' table printed in: C:/Users/Jing-XuanTan(i)/Downloads/evsoc-efinity-v2026.1.132/evsoc-efinity-v2026.1.132/cam_single/Ti60F225_dsi/outflow\edge_vision_soc.hier_util.rpt

----------- Module Resource Usage Distribution Estimates (end) ----------

Elapsed time for packing: 0 hours 0 minutes 9 seconds
---------- Resource Summary (begin) ----------
Inputs: 100 / 1703 (5.87%)
Outputs: 230 / 2267 (10.15%)
Global Clocks (GBUF): 15 / 32 (46.88%)
Regional Clocks (RBUF): 0 / 32 (0.00%)
	RBUF: Core: 0 / 16 (0.00%)
	RBUF: Periphery: 0 / 8 (0.00%)
	RBUF: Multi-Region: 0 / 8 (0.00%)
XLRs: 42282 / 60800 (69.54%)
	XLRs needed for LUT4: 15734 / 60800 (25.88%)
	XLRs needed for LUT4 + FF: 9360 / 60800 (15.39%)
	XLRs needed for COMB4: 0 / 60800 (0.00%)
	XLRs needed for COMB4 + FF: 0 / 60800 (0.00%)
	XLRs needed for Adder: 2423 / 60800 (3.99%)
	XLRs needed for Adder + FF: 1750 / 60800 (2.88%)
	XLRs needed for SRL8: 230 / 14720 (1.56%)
	XLRs needed for SRL8 + FF: 0 / 14720 (0.00%)
	XLRs needed for FF: 12785 / 60800 (21.03%)
	XLRs needed for Routing: 0 / 60800 (0.00%)
Memory Blocks: 255 / 256 (99.61%)
DSP Blocks: 15 / 160 (9.38%)
---------- Resource Summary (end) ----------

Elapsed time for placement: 0 hours 1 minutes 54 seconds
