
# Efinity Pinout Report
# Version: 2026.1.132.1.15
# Date: 2026-09-02 08:29

# Copyright (C) 2013 - 2026 Efinix Inc. All rights reserved.

# Device: Ti60F225
# Package status: final
# Project: edge_vision_soc
# Configuration mode: active (x1)

# NOTE: Similar information is available in edge_vision_soc.pinout.csv

+------------+----------------------------------------+--------------------+---------------+--------------+------------------+------+-------------+----------------------------------------------------------+
| Pin Number |              Signal Name               |      Pin Name      |   Direction   | I/O Standard | I/O Bank Voltage | Bank |  Pull Type  |                         Function                         |
+------------+----------------------------------------+--------------------+---------------+--------------+------------------+------+-------------+----------------------------------------------------------+
|     A1     |                --GND--                 |        GND         |     Power     |              |                  |      |             |                          Ground                          |
|     A2     |               --UNUSED--               |     GPIOL_N_18     |               |              |      1.8 V       |  1B  |             |                    User IO/PLL_CLKIN                     |
|     A3     |               --UNUSED--               |      GPIOL_03      |     Input     |              |      1.8 V       |  TL  | weak pullup |                         User IO                          |
|     A4     |               o_lcd_rstn               |      GPIOL_09      |     Output    | 1.8 V LVCMOS |      1.8 V       |  TL  |             |                         User IO                          |
|     A5     |              hbc_dq[2].P               |     GPIOT_P_03     | Bidirectional | 1.8 V LVCMOS |      1.8 V       |  2A  |             |               User IO/MIPI_GCLK/MIPI_RCLK                |
|     A6     |              hbc_dq[3].N               |     GPIOT_N_03     | Bidirectional | 1.8 V LVCMOS |      1.8 V       |  2A  |             |               User IO/MIPI_GCLK/MIPI_RCLK                |
|     A7     |               hbc_ck_n.N               |     GPIOT_N_06     |     Output    | 1.8 V LVCMOS |      1.8 V       |  2A  |             |                         User IO                          |
|     A8     |               hbc_cs_n.N               | GPIOT_N_07_CLK4_N  |     Output    | 1.8 V LVCMOS |      1.8 V       |  2A  |             |                    User IO/GCLK/RCLK                     |
|     A9     |              hbc_dq[9].N               |     GPIOT_N_11     | Bidirectional | 1.8 V LVCMOS |      1.8 V       |  2B  |             |                         User IO                          |
|    A10     |              hbc_dq[14].P              |     GPIOT_P_14     | Bidirectional | 1.8 V LVCMOS |      1.8 V       |  2B  |             |                    User IO/MIPI_GCLK                     |
|    A11     |               --UNUSED--               | GPIOT_P_17_PLLIN1  |               |              |      1.8 V       |  2B  |             |                    User IO/PLL_CLKIN                     |
|    A12     |               --UNUSED--               |      GPIOR_13      |     Input     |              |      3.3 V       |  TR  | weak pullup |                         User IO                          |
|    A13     |               --UNUSED--               |      GPIOR_12      |     Input     |              |      3.3 V       |  TR  | weak pullup |                         User IO                          |
|    A14     |               --UNUSED--               |      GPIOR_19      |     Input     |              |      3.3 V       |  TR  | weak pullup |                         User IO                          |
|    A15     |                --GND--                 |        GND         |     Power     |              |                  |      |             |                          Ground                          |
|     B1     |               --UNUSED--               |  GPIOL_P_17_EXTFB  |               |              |      1.8 V       |  1B  |             |                    User IO/PLL_EXTFB                     |
|     B2     |                pllin.P                 | GPIOL_P_18_PLLIN0  |     Input     | 1.8 V LVCMOS |      1.8 V       |  1B  |             |                    User IO/PLL_CLKIN                     |
|     B3     |               --UNUSED--               |      GPIOL_04      |     Input     |              |      1.8 V       |  TL  | weak pullup |                         User IO                          |
|     B4     |                --VCC--                 |     VCCIO33_TL     |     Power     |              |      1.8 V       |  TL  |             |                       VCCIO Power                        |
|     B5     |               --UNUSED--               |      GPIOL_10      |     Input     |              |      1.8 V       |  TL  | weak pullup |                         User IO                          |
|     B6     |              hbc_dq[0].P               |     GPIOT_P_01     | Bidirectional | 1.8 V LVCMOS |      1.8 V       |  2A  |             |                         User IO                          |
|     B7     |               hbc_ck_p.P               |     GPIOT_P_06     |     Output    | 1.8 V LVCMOS |      1.8 V       |  2A  |             |                         User IO                          |
|     B8     |             hbc_rwds[0].P              | GPIOT_P_07_CLK4_P  | Bidirectional | 1.8 V LVCMOS |      1.8 V       |  2A  |             |                    User IO/GCLK/RCLK                     |
|     B9     |              hbc_dq[8].P               |     GPIOT_P_11     | Bidirectional | 1.8 V LVCMOS |      1.8 V       |  2B  |             |                         User IO                          |
|    B10     |              hbc_dq[15].N              |     GPIOT_N_14     | Bidirectional | 1.8 V LVCMOS |      1.8 V       |  2B  |             |                    User IO/MIPI_GCLK                     |
|    B11     |               --UNUSED--               |     GPIOT_N_17     |               |              |      1.8 V       |  2B  |             |                    User IO/PLL_CLKIN                     |
|    B12     |               --UNUSED--               |      GPIOR_15      |     Input     |              |      3.3 V       |  TR  | weak pullup |                         User IO                          |
|    B13     |                --VCC--                 |     VCCIO33_TR     |     Power     |              |      3.3 V       |  TR  |             |                       VCCIO Power                        |
|    B14     |               --UNUSED--               |      GPIOR_18      |     Input     |              |      3.3 V       |  TR  | weak pullup |                         User IO                          |
|    B15     |               --UNUSED--               |     REF_RES_3A     |     Input     |              |      1.2 V       |  3A  |             |                                                          |
|     C1     |               --UNUSED--               |     GPIOL_N_16     |               |              |      1.8 V       |  1B  |             |               User IO/MIPI_GCLK/MIPI_RCLK                |
|     C2     |               --UNUSED--               |     GPIOL_N_17     |               |              |      1.8 V       |  1B  |             |                    User IO/PLL_EXTFB                     |
|     C3     |               --UNUSED--               |      GPIOL_06      |     Input     |              |      1.8 V       |  TL  | weak pullup |                         User IO                          |
|     C4     |               --UNUSED--               |      GPIOL_07      |     Input     |              |      1.8 V       |  TL  | weak pullup |                         User IO                          |
|     C5     |                i_arstn                 |  GPIOL_11_PLLIN2   |     Input     | 1.8 V LVCMOS |      1.8 V       |  TL  | weak pullup |                    User IO/PLL_CLKIN                     |
|     C6     |              hbc_dq[1].N               |     GPIOT_N_01     | Bidirectional | 1.8 V LVCMOS |      1.8 V       |  2A  |             |                         User IO                          |
|     C7     |                --VCC--                 |      VCCIO2A       |     Power     |              |      1.8 V       |  2A  |             |                       VCCIO Power                        |
|     C8     |             hbc_rwds[1].P              | GPIOT_P_10_CLK7_P  | Bidirectional | 1.8 V LVCMOS |      1.8 V       |  2B  |             |                    User IO/GCLK/RCLK                     |
|     C9     |               --UNUSED--               | GPIOT_N_10_CLK7_N  |               |              |      1.8 V       |  2B  |             |                    User IO/GCLK/RCLK                     |
|    C10     |              hbc_dq[12].P              |     GPIOT_P_13     | Bidirectional | 1.8 V LVCMOS |      1.8 V       |  2B  |             |                       User IO/VREF                       |
|    C11     |                --VCC--                 |      VCCIO2B       |     Power     |              |      1.8 V       |  2B  |             |                       VCCIO Power                        |
|    C12     |               --UNUSED--               |      GPIOR_16      |     Input     |              |      3.3 V       |  TR  | weak pullup |                         User IO                          |
|    C13     |             mipi_dp_clk.P              |     GPIOR_P_17     |     Output    |              |      1.2 V       |  3A  |             |               User IO/MIPI_GCLK/MIPI_RCLK                |
|    C14     |            mipi_dp_data0.P             | GPIOR_P_19_PLLIN0  |     Output    |              |      1.2 V       |  3A  |             |                    User IO/PLL_CLKIN                     |
|    C15     |            mipi_dp_data0.N             |     GPIOR_N_19     |     Output    |              |      1.2 V       |  3A  |             |                    User IO/PLL_CLKIN                     |
|     D1     |               --UNUSED--               |     GPIOL_P_16     |               |              |      1.8 V       |  1B  |             |               User IO/MIPI_GCLK/MIPI_RCLK                |
|     D2     |                --VCC--                 |      VCCIO1B       |     Power     |              |      1.8 V       |  1B  |             |                       VCCIO Power                        |
|     D3     |                --GND--                 |        GND         |     Power     |              |                  |      |             |                          Ground                          |
|     D4     |                --VCC--                 |       VCCAUX       |     Power     |              |      1.2 V       |  4B  |             |                                                          |
|     D5     |              hbc_rst_n.N               |     GPIOT_N_00     |     Output    | 1.8 V LVCMOS |      1.8 V       |  2A  |             |                    User IO/PLL_CLKIN                     |
|     D6     |                --VCC--                 |      VCCIO2A       |     Power     |              |      1.8 V       |  2A  |             |                       VCCIO Power                        |
|     D7     |              hbc_dq[7].N               |     GPIOT_N_05     | Bidirectional | 1.8 V LVCMOS |      1.8 V       |  2A  |             |                         User IO                          |
|     D8     |               --UNUSED--               | GPIOT_N_09_CLK6_N  |               |              |      1.8 V       |  2B  |             |          User IO/GCLK/MIPI_GCLK/RCLK/MIPI_RCLK           |
|     D9     |                --VCC--                 |      VCCIO2B       |     Power     |              |      1.8 V       |  2B  |             |                       VCCIO Power                        |
|    D10     |              hbc_dq[13].N              |     GPIOT_N_13     | Bidirectional | 1.8 V LVCMOS |      1.8 V       |  2B  |             |                         User IO                          |
|    D11     |               --UNUSED--               |     REF_RES_2B     |     Input     |              |      1.8 V       |  2B  |             |                                                          |
|    D12     |               --UNUSED--               |      GPIOR_20      |     Input     |              |      3.3 V       |  TR  | weak pullup |                         User IO                          |
|    D13     |             mipi_dp_clk.N              |     GPIOR_N_17     |     Output    |              |      1.2 V       |  3A  |             |               User IO/MIPI_GCLK/MIPI_RCLK                |
|    D14     |            mipi_dp_data1.N             |     GPIOR_N_18     |     Output    |              |      1.2 V       |  3A  |             |                         User IO                          |
|    D15     |            mipi_dp_data1.P             |     GPIOR_P_18     |     Output    |              |      1.2 V       |  3A  |             |                         User IO                          |
|     E1     |              --NSTATUS--               | GPIOL_P_15_NSTATUS |               |              |      1.8 V       |  1B  |             |                User IO/VREF/Configuration                |
|     E2     |               --TEST_N--               | GPIOL_N_15_TEST_N  |               |              |      1.8 V       |  1B  |             |                  User IO/Configuration                   |
|     E3     |        --CBSEL1-- / user_dip1.N        | GPIOL_N_13_CBSEL1  |     Input     | 1.8 V LVCMOS |      1.8 V       |  1B  | weak pullup |                         User IO                          |
|     E4     |               --UNUSED--               |     REF_RES_1B     |     Input     |              |      1.8 V       |  1B  |             |                                                          |
|     E5     |                --VCC--                 |      VCCA_TL       |     Power     |              |                  |      |             |                     0.95 V PLL Power                     |
|     E6     |               --UNUSED--               | GPIOT_P_00_PLLIN1  |               |              |      1.8 V       |  2A  |             |                  User IO/PLL_CLKIN/VREF                  |
|     E7     |              hbc_dq[6].P               |     GPIOT_P_05     | Bidirectional | 1.8 V LVCMOS |      1.8 V       |  2A  |             |                         User IO                          |
|     E8     |               --UNUSED--               | GPIOT_P_09_CLK6_P  |               |              |      1.8 V       |  2B  |             |          User IO/GCLK/MIPI_GCLK/RCLK/MIPI_RCLK           |
|     E9     |              hbc_dq[11].N              |     GPIOT_N_12     | Bidirectional | 1.8 V LVCMOS |      1.8 V       |  2B  |             |                         User IO                          |
|    E10     |               --UNUSED--               |  GPIOT_P_16_EXTFB  |               |              |      1.8 V       |  2B  |             |                    User IO/PLL_EXTFB                     |
|    E11     |                --VCC--                 |       VCCAUX       |     Power     |              |      1.2 V       |  4B  |             |                                                          |
|    E12     |            mipi_dp_data3.N             |     GPIOR_N_15     |     Output    |              |      1.2 V       |  3A  |             |                         User IO                          |
|    E13     |                --VCC--                 |        VCC         |     Power     |              |                  |      |             |                     0.95 V VCC Power                     |
|    E14     |            mipi_dp_data2.N             |     GPIOR_N_16     |     Output    |              |      1.2 V       |  3A  |             |                         User IO                          |
|    E15     |            mipi_dp_data2.P             |     GPIOR_P_16     |     Output    |              |      1.2 V       |  3A  |             |                         User IO                          |
|     F1     |               --UNUSED--               |     GPIOL_P_14     |               |              |      1.8 V       |  1B  |             |                         User IO                          |
|     F2     |               --UNUSED--               |     GPIOL_N_14     |               |              |      1.8 V       |  1B  |             |                         User IO                          |
|     F3     |        --CBSEL0-- / user_dip0.P        | GPIOL_P_13_CBSEL0  |     Input     | 1.8 V LVCMOS |      1.8 V       |  1B  | weak pullup |                         User IO                          |
|     F4     |                --VCC--                 |      VCCIO1B       |     Power     |              |      1.8 V       |  1B  |             |                       VCCIO Power                        |
|     F5     |               --UNUSED--               |     GPIOL_N_11     |               |              |      1.8 V       |  1B  |             |                         User IO                          |
|     F6     |               --UNUSED--               |     REF_RES_2A     |     Input     |              |      1.8 V       |  2A  |             |                                                          |
|     F7     |              hbc_dq[4].P               |     GPIOT_P_04     | Bidirectional | 1.8 V LVCMOS |      1.8 V       |  2A  |             |                         User IO                          |
|     F8     |              hbc_dq[5].N               |     GPIOT_N_04     | Bidirectional | 1.8 V LVCMOS |      1.8 V       |  2A  |             |                         User IO                          |
|     F9     |              hbc_dq[10].P              |     GPIOT_P_12     | Bidirectional | 1.8 V LVCMOS |      1.8 V       |  2B  |             |                         User IO                          |
|    F10     |               --UNUSED--               |     GPIOT_N_16     |               |              |      1.8 V       |  2B  |             |                    User IO/PLL_EXTFB                     |
|    F11     |               --UNUSED--               |     GPIOR_N_14     |               |              |      1.2 V       |  3A  |             |                         User IO                          |
|    F12     |            mipi_dp_data3.P             |     GPIOR_P_15     |     Output    |              |      1.2 V       |  3A  |             |                         User IO                          |
|    F13     |               --UNUSED--               |     GPIOR_N_12     |               |              |      1.2 V       |  3A  |             |                         User IO                          |
|    F14     |                --VCC--                 |      VCCIO3A       |     Power     |              |      1.2 V       |  3A  |             |                       VCCIO Power                        |
|    F15     |               --UNUSED--               |     GPIOR_N_13     |               |              |      1.2 V       |  3A  |             |                         User IO                          |
|     G1     |               --UNUSED--               | GPIOL_N_09_CLK2_N  |               |              |      1.8 V       |  1B  |             |          User IO/GCLK/MIPI_GCLK/RCLK/MIPI_RCLK           |
|     G2     |               --UNUSED--               | GPIOL_N_10_CLK3_N  |               |              |      1.8 V       |  1B  |             |                    User IO/GCLK/RCLK                     |
|     G3     |               --UNUSED--               |     GPIOL_P_12     |               |              |      1.8 V       |  1B  |             |                         User IO                          |
|     G4     |               --UNUSED--               |     GPIOL_N_12     |               |              |      1.8 V       |  1B  |             |                         User IO                          |
|     G5     |               --UNUSED--               |     GPIOL_P_11     |               |              |      1.8 V       |  1B  |             |                         User IO                          |
|     G6     |              --VCC/GND--               |      VQPS_GND      |     Power     |              |                  |      |             |                                                          |
|     G7     |                --VCC--                 |        VCC         |     Power     |              |                  |      |             |                     0.95 V VCC Power                     |
|     G8     |                --GND--                 |        GND         |     Power     |              |                  |      |             |                          Ground                          |
|     G9     |                --VCC--                 |        VCC         |     Power     |              |                  |      |             |                     0.95 V VCC Power                     |
|    G10     |                --VCC--                 |      VCCA_TR       |     Power     |              |                  |      |             |                     0.95 V PLL Power                     |
|    G11     |               --UNUSED--               |     GPIOR_P_14     |               |              |      1.2 V       |  3A  |             |                         User IO                          |
|    G12     |                --VCC--                 |      VCCIO3A       |     Power     |              |      1.2 V       |  3A  |             |                       VCCIO Power                        |
|    G13     |               --UNUSED--               |     GPIOR_P_12     |               |              |      1.2 V       |  3A  |             |                         User IO                          |
|    G14     |               --UNUSED--               | GPIOR_N_11_CLK8_N  |               |              |      1.2 V       |  3A  |             |                    User IO/GCLK/RCLK                     |
|    G15     |               --UNUSED--               |     GPIOR_P_13     |               |              |      1.2 V       |  3A  |             |                       User IO/VREF                       |
|     H1     |               --UNUSED--               | GPIOL_P_09_CLK2_P  |               |              |      1.8 V       |  1B  |             |          User IO/GCLK/MIPI_GCLK/RCLK/MIPI_RCLK           |
|     H2     |            --PCR_READBACK--            | GPIOL_P_10_CLK3_P  |               |              |      1.8 V       |  1B  |             |             User IO/GCLK/RCLK/Configuration              |
|     H3     |           --EXT_CONFIG_CLK--           | GPIOL_N_08_CLK1_N  |               |              |      1.8 V       |  1A  |             |             User IO/GCLK/RCLK/Configuration              |
|     H4     |        --CDI3-- / io_cam_sda.N         |  GPIOL_N_04_CDI3   | Bidirectional | 1.8 V LVCMOS |      1.8 V       |  1A  | weak pullup |                         User IO                          |
|     H5     |        --CDI2-- / io_cam_scl.P         |  GPIOL_P_04_CDI2   | Bidirectional | 1.8 V LVCMOS |      1.8 V       |  1A  | weak pullup |                       User IO/VREF                       |
|     H6     |                --VCC--                 |        VCC         |     Power     |              |                  |      |             |                     0.95 V VCC Power                     |
|     H7     |                --GND--                 |        GND         |     Power     |              |                  |      |             |                          Ground                          |
|     H8     |                --VCC--                 |        VCC         |     Power     |              |                  |      |             |                     0.95 V VCC Power                     |
|     H9     |                --GND--                 |        GND         |     Power     |              |                  |      |             |                          Ground                          |
|    H10     |                LED0_G.P                | GPIOR_P_08_CLK11_P |     Output    | 1.2 V LVCMOS |      1.2 V       |  3B  |             |                    User IO/GCLK/RCLK                     |
|    H11     |             hbc_cal_pass.N             | GPIOR_N_08_CLK11_N |     Output    | 1.2 V LVCMOS |      1.2 V       |  3B  |             |                    User IO/GCLK/RCLK                     |
|    H12     |               --UNUSED--               | GPIOR_N_10_CLK9_N  |               |              |      1.2 V       |  3A  |             |          User IO/GCLK/MIPI_GCLK/RCLK/MIPI_RCLK           |
|    H13     |               --UNUSED--               | GPIOR_P_10_CLK9_P  |               |              |      1.2 V       |  3A  |             |          User IO/GCLK/MIPI_GCLK/RCLK/MIPI_RCLK           |
|    H14     |               --UNUSED--               | GPIOR_P_11_CLK8_P  |               |              |      1.2 V       |  3A  |             |                    User IO/GCLK/RCLK                     |
|    H15     |                LED1_R.N                | GPIOR_N_09_CLK10_N |     Output    | 1.2 V LVCMOS |      1.2 V       |  3B  |             |                    User IO/GCLK/RCLK                     |
|     J1     |               --UNUSED--               | GPIOL_N_07_CLK0_N  |               |              |      1.8 V       |  1A  |             |                    User IO/GCLK/RCLK                     |
|     J2     |               --UNUSED--               | GPIOL_P_08_CLK1_P  |               |              |      1.8 V       |  1A  |             |                    User IO/GCLK/RCLK                     |
|     J3     |               --UNUSED--               |     GPIOL_N_05     |               |              |      1.8 V       |  1A  |             |                         User IO                          |
|     J4     |                --VCC--                 |      VCCIO1A       |     Power     |              |      1.8 V       |  1A  |             |                       VCCIO Power                        |
|     J5     |              --CRESET_N--              |      CRESET_N      |     Input     |              |      1.8 V       |  1A  |             |                      Configuration                       |
|     J6     |                --GND--                 |        GND         |     Power     |              |                  |      |             |                          Ground                          |
|     J7     |                --VCC--                 |        VCC         |     Power     |              |                  |      |             |                     0.95 V VCC Power                     |
|     J8     |                --GND--                 |        GND         |     Power     |              |                  |      |             |                          Ground                          |
|     J9     |                --VCC--                 |        VCC         |     Power     |              |                  |      |             |                     0.95 V VCC Power                     |
|    J10     |               --CDI27--                |  GPIOR_N_03_CDI27  |               |              |      1.2 V       |  3B  |             |                         User IO                          |
|    J11     |                --VCC--                 |      VCCIO3B       |     Power     |              |      1.2 V       |  3B  |             |                       VCCIO Power                        |
|    J12     |               --CDI29--                |  GPIOR_N_04_CDI29  |               |              |      1.2 V       |  3B  |             |                         User IO                          |
|    J13     |           --CDI21-- / sw6.N            |  GPIOR_N_06_CDI21  |     Input     | 1.2 V LVCMOS |      1.2 V       |  3B  | weak pullup |                         User IO                          |
|    J14     |                o_led.N                 |     GPIOR_N_07     |     Output    | 1.2 V LVCMOS |      1.2 V       |  3B  |             |                         User IO                          |
|    J15     |                LED0_R.P                | GPIOR_P_09_CLK10_P |     Output    | 1.2 V LVCMOS |      1.2 V       |  3B  |             |                    User IO/GCLK/RCLK                     |
|     K1     |               --UNUSED--               | GPIOL_P_07_CLK0_P  |               |              |      1.8 V       |  1A  |             |                    User IO/GCLK/RCLK                     |
|     K2     |               --UNUSED--               |     GPIOL_N_06     |               |              |      1.8 V       |  1A  |             |                         User IO                          |
|     K3     |               --UNUSED--               |     GPIOL_P_06     |               |              |      1.8 V       |  1A  |             |                         User IO                          |
|     K4     |               --UNUSED--               |     GPIOL_P_05     |               |              |      1.8 V       |  1A  |             |                         User IO                          |
|     K5     |               --UNUSED--               |     REF_RES_1A     |     Input     |              |      1.8 V       |  1A  |             |                                                          |
|     K6     |               --UNUSED--               |     GPIOB_N_04     |               |              |      1.2 V       |  4B  |             |                         User IO                          |
|     K7     |            --READBACK_ERR--            | GPIOB_P_09_CLK13_P |               |              |      1.2 V       |  4A  |             | User IO/GCLK/MIPI_GCLK/RCLK/MIPI_RCLK/VREF/Configuration |
|     K8     |               --CDI10--                |  GPIOB_P_11_CDI10  |               |              |      1.2 V       |  4A  |             |                         User IO                          |
|     K9     |               --CDI11--                |  GPIOB_N_11_CDI11  |               |              |      1.2 V       |  4A  |             |                         User IO                          |
|    K10     |               --CDI26--                |  GPIOR_P_03_CDI26  |               |              |      1.2 V       |  3B  |             |                         User IO                          |
|    K11     |          --CDI22-- / cam_d0.N          |  GPIOR_N_00_CDI22  |     Input     |              |      1.2 V       |  3B  |             |                    User IO/PLL_CLKIN                     |
|    K12     |               --CDI28--                |  GPIOR_P_04_CDI28  |               |              |      1.2 V       |  3B  |             |                         User IO                          |
|    K13     |           --CDI20-- / sw7.P            |  GPIOR_P_06_CDI20  |     Input     | 1.2 V LVCMOS |      1.2 V       |  3B  | weak pullup |                         User IO                          |
|    K14     |                LED0_B.P                |     GPIOR_P_07     |     Output    | 1.2 V LVCMOS |      1.2 V       |  3B  |             |                         User IO                          |
|    K15     |               --CDI31--                |  GPIOR_N_05_CDI31  |               |              |      1.2 V       |  3B  |             |                         User IO                          |
|     L1     |  --CDI1-- / system_spi_0_io_data_1.N   |  GPIOL_N_03_CDI1   | Bidirectional | 1.8 V LVCMOS |      1.8 V       |  1A  |             |                  User IO/Configuration                   |
|     L2     |                --VCC--                 |      VCCIO1A       |     Power     |              |      1.8 V       |  1A  |             |                       VCCIO Power                        |
|     L3     |               --CDONE--                |       CDONE        | Bidirectional |              |      1.8 V       |  1A  |             |                      Configuration                       |
|     L4     |                --VCC--                 |       VCCAUX       |     Power     |              |      1.2 V       |  4B  |             |                                                          |
|     L5     |                --VCC--                 |      VCCA_BL       |     Power     |              |                  |      |             |                     0.95 V PLL Power                     |
|     L6     |               --SSU_N--                |  GPIOB_P_04_SSU_N  |               |              |      1.2 V       |  4B  |             |                User IO/VREF/Configuration                |
|     L7     |                --CDI9--                |  GPIOB_N_06_CDI9   |               |              |      1.2 V       |  4B  |             |                         User IO                          |
|     L8     |               --UNUSED--               | GPIOB_N_09_CLK13_N |               |              |      1.2 V       |  4A  |             |          User IO/GCLK/MIPI_GCLK/RCLK/MIPI_RCLK           |
|     L9     |               --UNUSED--               | GPIOB_N_10_CLK12_N |               |              |      1.2 V       |  4A  |             |                    User IO/GCLK/RCLK                     |
|    L10     |                --VCC--                 |      VCCA_BR       |     Power     |              |                  |      |             |                     0.95 V PLL Power                     |
|    L11     |                cam_d0.P                | GPIOR_P_00_PLLIN0  |     Input     |              |      1.2 V       |  3B  |             |                    User IO/PLL_CLKIN                     |
|    L12     |                cam_d1.P                |  GPIOR_P_01_EXTFB  |     Input     |              |      1.2 V       |  3B  |             |                    User IO/PLL_EXTFB                     |
|    L13     |          --CDI23-- / cam_d1.N          |  GPIOR_N_01_CDI23  |     Input     |              |      1.2 V       |  3B  |             |                    User IO/PLL_EXTFB                     |
|    L14     |                --VCC--                 |      VCCIO3B       |     Power     |              |      1.2 V       |  3B  |             |                       VCCIO Power                        |
|    L15     |               --CDI30--                |  GPIOR_P_05_CDI30  |               |              |      1.2 V       |  3B  |             |                       User IO/VREF                       |
|     M1     |  --CDI0-- / system_spi_0_io_data_0.P   |  GPIOL_P_03_CDI0   | Bidirectional | 1.8 V LVCMOS |      1.8 V       |  1A  |             |                  User IO/Configuration                   |
|     M2     |                --CSO--                 |   GPIOL_N_02_CSO   |               |              |      1.8 V       |  1A  |             |        User IO/MIPI_GCLK/MIPI_RCLK/Configuration         |
|     M3     |                --VCC--                 |        VCC         |     Power     |              |                  |      |             |                     0.95 V VCC Power                     |
|     M4     |                --TDO--                 |        TDO         |     Output    |              |      3.3 V       |  BL  |             |                      Configuration                       |
|     M5     |               --UNUSED--               |     REF_RES_4B     |     Input     |              |      1.2 V       |  4B  |             |                                                          |
|     M6     |                --CDI7--                |  GPIOB_N_03_CDI7   |               |              |      1.2 V       |  4B  |             |               User IO/MIPI_GCLK/MIPI_RCLK                |
|     M7     |                --CDI8--                |  GPIOB_P_06_CDI8   |               |              |      1.2 V       |  4B  |             |                         User IO                          |
|     M8     |               --UNUSED--               | GPIOB_N_08_CLK14_N |               |              |      1.2 V       |  4B  |             |                    User IO/GCLK/RCLK                     |
|     M9     |               --UNUSED--               | GPIOB_P_10_CLK12_P |               |              |      1.2 V       |  4A  |             |                    User IO/GCLK/RCLK                     |
|    M10     |               --CDI15--                |  GPIOB_N_13_CDI15  |               |              |      1.2 V       |  4A  |             |                         User IO                          |
|    M11     |                --VCC--                 |       VCCAUX       |     Power     |              |      1.2 V       |  4B  |             |                                                          |
|    M12     |               --UNUSED--               |     REF_RES_3B     |     Input     |              |      1.2 V       |  3B  |             |                                                          |
|    M13     |                --GND--                 |        GND         |     Power     |              |                  |      |             |                          Ground                          |
|    M14     |          --CDI24-- / cam_ck.P          |  GPIOR_P_02_CDI24  |     Input     |              |      1.2 V       |  3B  |             |               User IO/MIPI_GCLK/MIPI_RCLK                |
|    M15     |          --CDI25-- / cam_ck.N          |  GPIOR_N_02_CDI25  |     Input     |              |      1.2 V       |  3B  |             |               User IO/MIPI_GCLK/MIPI_RCLK                |
|     N1     | --CCK-- / system_spi_0_io_sclk_write.N |   GPIOL_N_01_CCK   |     Output    | 1.8 V LVCMOS |      1.8 V       |  1A  |             |                  User IO/Configuration                   |
|     N2     |                --CSI--                 |   GPIOL_P_02_CSI   |               |              |      1.8 V       |  1A  |             |        User IO/MIPI_GCLK/MIPI_RCLK/Configuration         |
|     N3     |                --TMS--                 |        TMS         |     Input     |              |      3.3 V       |  BL  |             |                      Configuration                       |
|     N4     |                --TCK--                 |        TCK         |     Input     |              |      3.3 V       |  BL  |             |                      Configuration                       |
|     N5     |                --VCC--                 |      VCCIO4B       |     Power     |              |      1.2 V       |  4B  |             |                       VCCIO Power                        |
|     N6     |                --CDI6--                |  GPIOB_P_03_CDI6   |               |              |      1.2 V       |  4B  |             |               User IO/MIPI_GCLK/MIPI_RCLK                |
|     N7     |                --VCC--                 |      VCCIO4B       |     Power     |              |      1.2 V       |  4B  |             |                       VCCIO Power                        |
|     N8     |               --UNUSED--               | GPIOB_P_08_CLK14_P |               |              |      1.2 V       |  4B  |             |                    User IO/GCLK/RCLK                     |
|     N9     |                --VCC--                 |      VCCIO4A       |     Power     |              |      1.2 V       |  4A  |             |                       VCCIO Power                        |
|    N10     |               --CDI14--                |  GPIOB_P_13_CDI14  |               |              |      1.2 V       |  4A  |             |                         User IO                          |
|    N11     |                --VCC--                 |      VCCIO4A       |     Power     |              |      1.2 V       |  4A  |             |                       VCCIO Power                        |
|    N12     |               --UNUSED--               |     REF_RES_4A     |     Input     |              |      1.2 V       |  4A  |             |                                                          |
|    N13     |               --UNUSED--               |      GPIOR_24      |     Input     |              |      1.8 V       |  BR  | weak pullup |                         User IO                          |
|    N14     |               --UNUSED--               |      GPIOR_21      |     Input     |              |      1.8 V       |  BR  | weak pullup |                         User IO                          |
|    N15     |                --VCC--                 |     VCCIO33_BR     |     Power     |              |      1.8 V       |  BR  |             |                       VCCIO Power                        |
|     P1     |    --SSL_N-- / system_spi_0_io_ss.P    |  GPIOL_P_01_SSL_N  |     Output    | 1.8 V LVCMOS |      1.8 V       |  1A  |             |                  User IO/Configuration                   |
|     P2     |               --UNUSED--               | GPIOL_P_00_PLLIN0  |               |              |      1.8 V       |  1A  |             |                    User IO/PLL_CLKIN                     |
|     P3     |                --TDI--                 |        TDI         |     Input     |              |      3.3 V       |  BL  |             |                      Configuration                       |
|     P4     |                --VCC--                 |     VCCIO33_BL     |     Power     |              |      3.3 V       |  BL  |             |                       VCCIO Power                        |
|     P5     |               --UNUSED--               |     GPIOB_N_00     |               |              |      1.2 V       |  4B  |             |                    User IO/PLL_CLKIN                     |
|     P6     |               --UNUSED--               |     GPIOB_N_01     |               |              |      1.2 V       |  4B  |             |                    User IO/PLL_EXTFB                     |
|     P7     |                --CDI5--                |  GPIOB_N_02_CDI5   |               |              |      1.2 V       |  4B  |             |                         User IO                          |
|     P8     |               --UNUSED--               | GPIOB_N_07_CLK15_N |               |              |      1.2 V       |  4B  |             |                    User IO/GCLK/RCLK                     |
|     P9     |               --CDI13--                |  GPIOB_N_12_CDI13  |               |              |      1.2 V       |  4A  |             |                         User IO                          |
|    P10     |               --CDI17--                |  GPIOB_N_14_CDI17  |               |              |      1.2 V       |  4A  |             |                    User IO/MIPI_GCLK                     |
|    P11     |               --UNUSED--               | GPIOB_P_17_PLLIN1  |               |              |      1.2 V       |  4A  |             |                    User IO/PLL_CLKIN                     |
|    P12     |               --UNUSED--               |     GPIOB_N_17     |               |              |      1.2 V       |  4A  |             |                    User IO/PLL_CLKIN                     |
|    P13     |               --UNUSED--               |      GPIOR_27      |     Input     |              |      1.8 V       |  BR  | weak pullup |                         User IO                          |
|    P14     |               --UNUSED--               |      GPIOR_22      |     Input     |              |      1.8 V       |  BR  | weak pullup |                         User IO                          |
|    P15     |               --UNUSED--               |      GPIOR_25      |     Input     |              |      1.8 V       |  BR  | weak pullup |                         User IO                          |
|     R1     |                --GND--                 |        GND         |     Power     |              |                  |      |             |                          Ground                          |
|     R2     |               --UNUSED--               |     GPIOL_N_00     |               |              |      1.8 V       |  1A  |             |                    User IO/PLL_CLKIN                     |
|     R3     |          system_uart_0_io_rxd          |      GPIOL_01      |     Input     | 3.3 V LVCMOS |      3.3 V       |  BL  | weak pullup |                         User IO                          |
|     R4     |          system_uart_0_io_txd          |      GPIOL_02      |     Output    | 3.3 V LVCMOS |      3.3 V       |  BL  |             |                         User IO                          |
|     R5     |               --UNUSED--               | GPIOB_P_00_PLLIN1  |               |              |      1.2 V       |  4B  |             |                    User IO/PLL_CLKIN                     |
|     R6     |               --UNUSED--               |  GPIOB_P_01_EXTFB  |               |              |      1.2 V       |  4B  |             |                    User IO/PLL_EXTFB                     |
|     R7     |                --CDI4--                |  GPIOB_P_02_CDI4   |               |              |      1.2 V       |  4B  |             |                         User IO                          |
|     R8     |               --UNUSED--               | GPIOB_P_07_CLK15_P |               |              |      1.2 V       |  4B  |             |                    User IO/GCLK/RCLK                     |
|     R9     |               --CDI12--                |  GPIOB_P_12_CDI12  |               |              |      1.2 V       |  4A  |             |                         User IO                          |
|    R10     |               --CDI16--                |  GPIOB_P_14_CDI16  |               |              |      1.2 V       |  4A  |             |                    User IO/MIPI_GCLK                     |
|    R11     |               --CDI19--                |  GPIOB_N_15_CDI19  |               |              |      1.2 V       |  4A  |             |                         User IO                          |
|    R12     |               --CDI18--                |  GPIOB_P_15_CDI18  |               |              |      1.2 V       |  4A  |             |                         User IO                          |
|    R13     |                  sw1                   |  GPIOR_29_PLLIN2   |     Input     | 1.8 V LVCMOS |      1.8 V       |  BR  | weak pullup |                    User IO/PLL_CLKIN                     |
|    R14     |               o_cam_rstn               |      GPIOR_28      |     Output    | 1.8 V LVCMOS |      1.8 V       |  BR  |             |                         User IO                          |
|    R15     |                --GND--                 |        GND         |     Power     |              |                  |      |             |                          Ground                          |
+------------+----------------------------------------+--------------------+---------------+--------------+------------------+------+-------------+----------------------------------------------------------+
