Archive member included to satisfy reference by file (symbol)

C:/Efinity/efinity-riscv-ide-2026.1/toolchain/bin/../lib/gcc/riscv-none-elf/13.4.0/../../../../riscv-none-elf/lib/rv32im/ilp32\libc.a(libc_a-reent.o)
                              build/obj_files/syscalls.o (errno)
C:/Efinity/efinity-riscv-ide-2026.1/toolchain/bin/../lib/gcc/riscv-none-elf/13.4.0/../../../../riscv-none-elf/lib/rv32im/ilp32\libc.a(libc_a-impure.o)
                              C:/Efinity/efinity-riscv-ide-2026.1/toolchain/bin/../lib/gcc/riscv-none-elf/13.4.0/../../../../riscv-none-elf/lib/rv32im/ilp32\libc.a(libc_a-reent.o) (_impure_ptr)
C:/Efinity/efinity-riscv-ide-2026.1/toolchain/bin/../lib/gcc/riscv-none-elf/13.4.0/../../../../riscv-none-elf/lib/rv32im/ilp32\libc.a(libc_a-init.o)
                              build/obj_files/start.o (__libc_init_array)
C:/Efinity/efinity-riscv-ide-2026.1/toolchain/bin/../lib/gcc/riscv-none-elf/13.4.0/../../../../riscv-none-elf/lib/rv32im/ilp32\libc.a(libc_a-freer.o)
                              C:/Efinity/efinity-riscv-ide-2026.1/toolchain/bin/../lib/gcc/riscv-none-elf/13.4.0/../../../../riscv-none-elf/lib/rv32im/ilp32\libc.a(libc_a-reent.o) (_free_r)
C:/Efinity/efinity-riscv-ide-2026.1/toolchain/bin/../lib/gcc/riscv-none-elf/13.4.0/../../../../riscv-none-elf/lib/rv32im/ilp32\libc.a(libc_a-mallocr.o)
                              C:/Efinity/efinity-riscv-ide-2026.1/toolchain/bin/../lib/gcc/riscv-none-elf/13.4.0/../../../../riscv-none-elf/lib/rv32im/ilp32\libc.a(libc_a-freer.o) (__malloc_av_)
C:/Efinity/efinity-riscv-ide-2026.1/toolchain/bin/../lib/gcc/riscv-none-elf/13.4.0/../../../../riscv-none-elf/lib/rv32im/ilp32\libc.a(libc_a-mlock.o)
                              C:/Efinity/efinity-riscv-ide-2026.1/toolchain/bin/../lib/gcc/riscv-none-elf/13.4.0/../../../../riscv-none-elf/lib/rv32im/ilp32\libc.a(libc_a-freer.o) (__malloc_lock)
C:/Efinity/efinity-riscv-ide-2026.1/toolchain/bin/../lib/gcc/riscv-none-elf/13.4.0/../../../../riscv-none-elf/lib/rv32im/ilp32\libc.a(libc_a-findfp.o)
                              C:/Efinity/efinity-riscv-ide-2026.1/toolchain/bin/../lib/gcc/riscv-none-elf/13.4.0/../../../../riscv-none-elf/lib/rv32im/ilp32\libc.a(libc_a-impure.o) (__sf)
C:/Efinity/efinity-riscv-ide-2026.1/toolchain/bin/../lib/gcc/riscv-none-elf/13.4.0/../../../../riscv-none-elf/lib/rv32im/ilp32\libc.a(libc_a-fwalk.o)
                              C:/Efinity/efinity-riscv-ide-2026.1/toolchain/bin/../lib/gcc/riscv-none-elf/13.4.0/../../../../riscv-none-elf/lib/rv32im/ilp32\libc.a(libc_a-findfp.o) (_fwalk_sglue)
C:/Efinity/efinity-riscv-ide-2026.1/toolchain/bin/../lib/gcc/riscv-none-elf/13.4.0/../../../../riscv-none-elf/lib/rv32im/ilp32\libc.a(libc_a-stdio.o)
                              C:/Efinity/efinity-riscv-ide-2026.1/toolchain/bin/../lib/gcc/riscv-none-elf/13.4.0/../../../../riscv-none-elf/lib/rv32im/ilp32\libc.a(libc_a-findfp.o) (__sread)
C:/Efinity/efinity-riscv-ide-2026.1/toolchain/bin/../lib/gcc/riscv-none-elf/13.4.0/../../../../riscv-none-elf/lib/rv32im/ilp32\libc.a(libc_a-closer.o)
                              C:/Efinity/efinity-riscv-ide-2026.1/toolchain/bin/../lib/gcc/riscv-none-elf/13.4.0/../../../../riscv-none-elf/lib/rv32im/ilp32\libc.a(libc_a-stdio.o) (_close_r)
C:/Efinity/efinity-riscv-ide-2026.1/toolchain/bin/../lib/gcc/riscv-none-elf/13.4.0/../../../../riscv-none-elf/lib/rv32im/ilp32\libc.a(libc_a-lseekr.o)
                              C:/Efinity/efinity-riscv-ide-2026.1/toolchain/bin/../lib/gcc/riscv-none-elf/13.4.0/../../../../riscv-none-elf/lib/rv32im/ilp32\libc.a(libc_a-stdio.o) (_lseek_r)
C:/Efinity/efinity-riscv-ide-2026.1/toolchain/bin/../lib/gcc/riscv-none-elf/13.4.0/../../../../riscv-none-elf/lib/rv32im/ilp32\libc.a(libc_a-readr.o)
                              C:/Efinity/efinity-riscv-ide-2026.1/toolchain/bin/../lib/gcc/riscv-none-elf/13.4.0/../../../../riscv-none-elf/lib/rv32im/ilp32\libc.a(libc_a-stdio.o) (_read_r)
C:/Efinity/efinity-riscv-ide-2026.1/toolchain/bin/../lib/gcc/riscv-none-elf/13.4.0/../../../../riscv-none-elf/lib/rv32im/ilp32\libc.a(libc_a-sbrkr.o)
                              C:/Efinity/efinity-riscv-ide-2026.1/toolchain/bin/../lib/gcc/riscv-none-elf/13.4.0/../../../../riscv-none-elf/lib/rv32im/ilp32\libc.a(libc_a-freer.o) (_sbrk_r)
C:/Efinity/efinity-riscv-ide-2026.1/toolchain/bin/../lib/gcc/riscv-none-elf/13.4.0/../../../../riscv-none-elf/lib/rv32im/ilp32\libc.a(libc_a-writer.o)
                              C:/Efinity/efinity-riscv-ide-2026.1/toolchain/bin/../lib/gcc/riscv-none-elf/13.4.0/../../../../riscv-none-elf/lib/rv32im/ilp32\libc.a(libc_a-stdio.o) (_write_r)
C:/Efinity/efinity-riscv-ide-2026.1/toolchain/bin/../lib/gcc/riscv-none-elf/13.4.0/../../../../riscv-none-elf/lib/rv32im/ilp32\libc.a(libc_a-lock.o)
                              C:/Efinity/efinity-riscv-ide-2026.1/toolchain/bin/../lib/gcc/riscv-none-elf/13.4.0/../../../../riscv-none-elf/lib/rv32im/ilp32\libc.a(libc_a-findfp.o) (__retarget_lock_init_recursive)
[...]
Memory Configuration

Name             Origin             Length             Attributes
ram              0x00001000         0x0001f000         axwl!r
*default*        0x00000000         0xffffffff

Linker script and memory map

LOAD build/obj_files/dma.o
LOAD build/obj_files/common.o
LOAD build/obj_files/main.o
LOAD build/obj_files/PiCamDriver.o
LOAD build/obj_files/camera.o
LOAD build/obj_files/PiCamV3Driver.o
LOAD build/obj_files/start.o
LOAD build/obj_files/trap.o
LOAD build/obj_files/syscalls.o
LOAD C:/Efinity/efinity-riscv-ide-2026.1/toolchain/bin/../lib/gcc/riscv-none-elf/13.4.0/../../../../riscv-none-elf/lib/rv32im/ilp32\libc.a
LOAD C:/Efinity/efinity-riscv-ide-2026.1/toolchain/bin/../lib/gcc/riscv-none-elf/13.4.0/rv32im/ilp32\libgcc.a
                0x00001000                        __stack_size = DEFINED (__stack_size)?__stack_size:0x1000

.init           0x00001000       0x70
 *(SORT_NONE(.init))
 .init          0x00001000       0x70 build/obj_files/start.o
                0x00001000                _start
                0x0000106c                _init

.text           0x00001070     0x2a84
 *(.text.Proc_1)
 *(.text.Proc_2)
 *(.text.Proc_3)
 *(.text.Proc_4)
 *(.text.Proc_5)
 *(.text.Proc_6)
 *(.text.Proc_7)
 *(.text.Proc_8)
 *(.text.Func_1)
 *(.text.Func_2)
 *(.text.Func_3)
 *(.text.strcpy)
 *libc.a:*(.text .text.*)
 .text.__libc_init_array
                0x00001070       0x94 C:/Efinity/efinity-riscv-ide-2026.1/toolchain/bin/../lib/gcc/riscv-none-elf/13.4.0/../../../../riscv-none-elf/lib/rv32im/ilp32\libc.a(libc_a-init.o)
                0x00001070                __libc_init_array
 *(.text.main)
 .text.main     0x00001104      0x4cc build/obj_files/main.o
                0x00001104                main
 *(.text.unlikely .text.unlikely.*)
 *(.text.startup .text.startup.*)
 *(.text .text.*)
 .text.plic_set_priority
                0x000015d0       0x10 build/obj_files/dma.o
 .text.plic_set_enable
                0x000015e0       0x4c build/obj_files/dma.o
 .text.plic_set_threshold
                0x0000162c       0x18 build/obj_files/dma.o
 .text.uart_writeAvailability
                0x00001644       0x10 build/obj_files/dma.o
 .text.uart_write
                0x00001654       0x3c build/obj_files/dma.o
 .text._putchar
                0x00001690       0x20 build/obj_files/dma.o
 .text._putchar_s
                0x000016b0       0x34 build/obj_files/dma.o
 .text.bsp_printHex
                0x000016e4       0x54 build/obj_files/dma.o
 .text.bsp_printHex_lower
                0x00001738       0x54 build/obj_files/dma.o
 .text.bsp_printf_c
                0x0000178c       0x1c build/obj_files/dma.o
 .text.bsp_printf_s
                0x000017a8       0x18 build/obj_files/dma.o
 .text.bsp_printf_d
                0x000017c0       0x80 build/obj_files/dma.o
 .text.bsp_printf_x
                0x00001840       0x40 build/obj_files/dma.o
 .text.bsp_printf_X
                0x00001880       0x40 build/obj_files/dma.o
 .text.bsp_printf
                0x000018c0      0x130 build/obj_files/dma.o
 .text.crash    0x000019f0       0x18 build/obj_files/dma.o
                0x000019f0                crash
 .text.dma_init
                0x00001a08       0x74 build/obj_files/dma.o
                0x00001a08                dma_init
 .text.trap     0x00001a7c       0x34 build/obj_files/dma.o
                0x00001a7c                trap
 .text.uart_writeAvailability
                0x00001ab0       0x10 build/obj_files/common.o
 .text.uart_write
                0x00001ac0       0x3c build/obj_files/common.o
 .text.uart_writeStr
                0x00001afc       0x44 build/obj_files/common.o
 .text.clint_uDelay
                0x00001b40       0x34 build/obj_files/common.o
 .text.i2c_applyConfig
                0x00001b74       0x34 build/obj_files/common.o
 .text.assert   0x00001ba8       0x24 build/obj_files/common.o
                0x00001ba8                assert
 .text.msDelay  0x00001bcc       0x2c build/obj_files/common.o
                0x00001bcc                msDelay
 .text.mipi_i2c_init
                0x00001bf8       0x4c build/obj_files/common.o
                0x00001bf8                mipi_i2c_init
 .text.uart_writeAvailability
                0x00001c44       0x10 build/obj_files/main.o
 .text.uart_readOccupancy
                0x00001c54        0xc build/obj_files/main.o
 .text.uart_write
                0x00001c60       0x3c build/obj_files/main.o
 .text.uart_read
                0x00001c9c       0x34 build/obj_files/main.o
 .text.uart_applyConfig
                0x00001cd0       0x30 build/obj_files/main.o
 .text.uart_status_read
                0x00001d00        0x8 build/obj_files/main.o
 .text.uart_status_write
                0x00001d08        0x8 build/obj_files/main.o
 .text.clint_uDelay
                0x00001d10       0x34 build/obj_files/main.o
 .text._putchar
                0x00001d44       0x20 build/obj_files/main.o
 .text._putchar_s
                0x00001d64       0x34 build/obj_files/main.o
 .text.bsp_printHex
                0x00001d98       0x54 build/obj_files/main.o
 .text.bsp_printHex_lower
                0x00001dec       0x54 build/obj_files/main.o
 .text.bsp_printf_c
                0x00001e40       0x1c build/obj_files/main.o
 .text.bsp_printf_s
                0x00001e5c       0x18 build/obj_files/main.o
 .text.bsp_printf_d
                0x00001e74       0x80 build/obj_files/main.o
 .text.bsp_printf_x
                0x00001ef4       0x40 build/obj_files/main.o
 .text.bsp_printf_X
                0x00001f34       0x40 build/obj_files/main.o
 .text.bsp_init
                0x00001f74       0x38 build/obj_files/main.o
 .text.plic_set_priority
                0x00001fac       0x10 build/obj_files/main.o
 .text.plic_set_enable
                0x00001fbc       0x4c build/obj_files/main.o
 .text.plic_claim
                0x00002008       0x1c build/obj_files/main.o
 .text.plic_release
                0x00002024       0x1c build/obj_files/main.o
 .text.dmasg_input_memory
                0x00002040       0x28 build/obj_files/main.o
 .text.dmasg_output_memory
                0x00002068       0x28 build/obj_files/main.o
 .text.dmasg_input_stream
                0x00002090       0x38 build/obj_files/main.o
 .text.dmasg_output_stream
                0x000020c8       0x2c build/obj_files/main.o
 .text.dmasg_direct_start
                0x000020f4       0x28 build/obj_files/main.o
 .text.dmasg_interrupt_config
                0x0000211c       0x18 build/obj_files/main.o
 .text.dmasg_busy
                0x00002134       0x14 build/obj_files/main.o
 .text.dmasg_priority
                0x00002148       0x18 build/obj_files/main.o
 .text.bsp_printf
                0x00002160      0x130 build/obj_files/main.o
 .text.rgb2grayscale
                0x00002290       0x98 build/obj_files/main.o
                0x00002290                rgb2grayscale
 .text.uart_interrupt_init
                0x00002328       0x54 build/obj_files/main.o
                0x00002328                uart_interrupt_init
 .text.trigger_next_display_dma
                0x0000237c       0xb4 build/obj_files/main.o
                0x0000237c                trigger_next_display_dma
 .text.uart_demo_mode_selection
                0x00002430      0x148 build/obj_files/main.o
                0x00002430                uart_demo_mode_selection
 .text.externalInterrupt
                0x00002578       0x80 build/obj_files/main.o
                0x00002578                externalInterrupt
 .text.ispExample_menu
                0x000025f8       0x9c build/obj_files/main.o
                0x000025f8                ispExample_menu
 .text.i2c_masterBusy
                0x00002694        0xc build/obj_files/PiCamDriver.o
 .text.i2c_masterStartBlocking
                0x000026a0       0x1c build/obj_files/PiCamDriver.o
 .text.i2c_masterStopWait
                0x000026bc       0x2c build/obj_files/PiCamDriver.o
 .text.i2c_masterStopBlocking
                0x000026e8       0x20 build/obj_files/PiCamDriver.o
 .text.i2c_txAckWait
                0x00002708       0x10 build/obj_files/PiCamDriver.o
 .text.i2c_txNackBlocking
                0x00002718       0x20 build/obj_files/PiCamDriver.o
 .text.i2c_rxAck
                0x00002738       0x10 build/obj_files/PiCamDriver.o
 .text.PiCam_WriteRegData
                0x00002748       0xd0 build/obj_files/PiCamDriver.o
                0x00002748                PiCam_WriteRegData
 .text.AccessCommSeq
                0x00002818       0x94 build/obj_files/PiCamDriver.o
                0x00002818                AccessCommSeq
 .text.PiCam_Output_Size
                0x000028ac       0x74 build/obj_files/PiCamDriver.o
                0x000028ac                PiCam_Output_Size
 .text.PiCam_Output_activePixel
                0x00002920       0xcc build/obj_files/PiCamDriver.o
                0x00002920                PiCam_Output_activePixel
 .text.PiCam_SetBinningMode
                0x000029ec       0x64 build/obj_files/PiCamDriver.o
                0x000029ec                PiCam_SetBinningMode
 .text.PiCam_Gainfilter
                0x00002a50       0x5c build/obj_files/PiCamDriver.o
                0x00002a50                PiCam_Gainfilter
 .text.PiCam_init
                0x00002aac      0x2a0 build/obj_files/PiCamDriver.o
                0x00002aac                PiCam_init
 .text.i2c_masterStartBlocking
                0x00002d4c       0x1c build/obj_files/camera.o
 .text.i2c_txAckWait
                0x00002d68       0x10 build/obj_files/camera.o
 .text.i2c_txNackBlocking
                0x00002d78       0x20 build/obj_files/camera.o
 .text.i2c_rxAck
                0x00002d98       0x10 build/obj_files/camera.o
 .text.uart_writeAvailability
                0x00002da8       0x10 build/obj_files/camera.o
 .text.uart_write
                0x00002db8       0x3c build/obj_files/camera.o
 .text._putchar
                0x00002df4       0x20 build/obj_files/camera.o
 .text._putchar_s
                0x00002e14       0x34 build/obj_files/camera.o
 .text.bsp_printHex
                0x00002e48       0x54 build/obj_files/camera.o
 .text.bsp_printHex_lower
                0x00002e9c       0x54 build/obj_files/camera.o
 .text.bsp_printf_c
                0x00002ef0       0x1c build/obj_files/camera.o
 .text.bsp_printf_s
                0x00002f0c       0x18 build/obj_files/camera.o
 .text.bsp_printf_d
                0x00002f24       0x80 build/obj_files/camera.o
 .text.bsp_printf_x
                0x00002fa4       0x40 build/obj_files/camera.o
 .text.bsp_printf_X
                0x00002fe4       0x40 build/obj_files/camera.o
 .text.mipi_i2c_probe
                0x00003024       0x50 build/obj_files/camera.o
 .text.bsp_printf
                0x00003074      0x130 build/obj_files/camera.o
 .text.camera_init
                0x000031a4      0x114 build/obj_files/camera.o
 .text.cam0_init
                0x000032b8       0x20 build/obj_files/camera.o
                0x000032b8                cam0_init
 .text.uart_writeAvailability
                0x000032d8       0x10 build/obj_files/PiCamV3Driver.o
 .text.uart_write
                0x000032e8       0x3c build/obj_files/PiCamV3Driver.o
 .text.uart_writeStr
                0x00003324       0x44 build/obj_files/PiCamV3Driver.o
 .text.i2c_masterBusy
                0x00003368        0xc build/obj_files/PiCamV3Driver.o
 .text.i2c_masterStartBlocking
                0x00003374       0x1c build/obj_files/PiCamV3Driver.o
 .text.i2c_masterStopWait
                0x00003390       0x2c build/obj_files/PiCamV3Driver.o
 .text.i2c_masterStopBlocking
                0x000033bc       0x20 build/obj_files/PiCamV3Driver.o
 .text.i2c_txAckWait
                0x000033dc       0x10 build/obj_files/PiCamV3Driver.o
 .text.i2c_txNackBlocking
                0x000033ec       0x20 build/obj_files/PiCamV3Driver.o
 .text.i2c_rxAck
                0x0000340c       0x10 build/obj_files/PiCamV3Driver.o
 .text.PiCamV3_WriteRegData
                0x0000341c       0xd0 build/obj_files/PiCamV3Driver.o
                0x0000341c                PiCamV3_WriteRegData
 .text.PiCamV3_StartStreaming
                0x000034ec       0x20 build/obj_files/PiCamV3Driver.o
                0x000034ec                PiCamV3_StartStreaming
 .text.PiCamV3_StopStreaming
                0x0000350c       0x20 build/obj_files/PiCamV3Driver.o
                0x0000350c                PiCamV3_StopStreaming
 .text.PiCamV3_ConfigCommon
                0x0000352c       0x5c build/obj_files/PiCamV3Driver.o
                0x0000352c                PiCamV3_ConfigCommon
 .text.PiCamV3_ConfigFormat
                0x00003588       0xf0 build/obj_files/PiCamV3Driver.o
                0x00003588                PiCamV3_ConfigFormat
 .text.PiCamV3_ConfigLinkFreq
                0x00003678       0x58 build/obj_files/PiCamV3Driver.o
                0x00003678                PiCamV3_ConfigLinkFreq
 .text.PiCamV3_ConfigQuadBayerRemosaicAdjustment
                0x000036d0       0x44 build/obj_files/PiCamV3Driver.o
                0x000036d0                PiCamV3_ConfigQuadBayerRemosaicAdjustment
 .text.PiCamV3_SetPdafGain
                0x00003714       0xa8 build/obj_files/PiCamV3Driver.o
                0x00003714                PiCamV3_SetPdafGain
 .text.PiCamV3_OnActuator
                0x000037bc       0x80 build/obj_files/PiCamV3Driver.o
                0x000037bc                PiCamV3_OnActuator
 .text.PiCamV3_OffActuator
                0x0000383c       0x80 build/obj_files/PiCamV3Driver.o
                0x0000383c                PiCamV3_OffActuator
 .text.PiCamV3_SetFocusStep
                0x000038bc      0x12c build/obj_files/PiCamV3Driver.o
                0x000038bc                PiCamV3_SetFocusStep
 .text.PiCamV3_Init
                0x000039e8       0x7c build/obj_files/PiCamV3Driver.o
                0x000039e8                PiCamV3_Init
 .text          0x00003a64       0x90 build/obj_files/trap.o
                0x00003a64                trap_entry
 *(.gnu.linkonce.t.*)
 *(.note.gnu.build-id)

.fini
 *(SORT_NONE(.fini))
                [!provide]                        PROVIDE (__etext = .)
                [!provide]                        PROVIDE (_etext = .)
                [!provide]                        PROVIDE (etext = .)
                0x00003af4                        . = ALIGN (0x4)

.preinit_array  0x00003af4        0x0
                0x00003af4                        PROVIDE (__preinit_array_start = .)
 *(.preinit_array)
                0x00003af4                        PROVIDE (__preinit_array_end = .)

.init_array     0x00003af4        0x0
                0x00003af4                        PROVIDE (__init_array_start = .)
 *(SORT_BY_INIT_PRIORITY(.init_array.*) SORT_BY_INIT_PRIORITY(.ctors.*))
 *(.init_array EXCLUDE_FILE(*crtend?.o *crtend.o *crtbegin?.o *crtbegin.o) .ctors)
                0x00003af4                        PROVIDE (__init_array_end = .)

.fini_array     0x00003af4        0x0
                [!provide]                        PROVIDE (__fini_array_start = .)
 *(SORT_BY_INIT_PRIORITY(.fini_array.*) SORT_BY_INIT_PRIORITY(.dtors.*))
 *(.fini_array EXCLUDE_FILE(*crtend?.o *crtend.o *crtbegin?.o *crtbegin.o) .dtors)
                [!provide]                        PROVIDE (__fini_array_end = .)

.ctors
 *crtbegin.o(.ctors)
 *crtbegin?.o(.ctors)
 *(EXCLUDE_FILE(*crtend?.o *crtend.o) .ctors)
 *(SORT_BY_NAME(.ctors.*))
 *(.ctors)

.dtors
 *crtbegin.o(.dtors)
 *crtbegin?.o(.dtors)
 *(EXCLUDE_FILE(*crtend?.o *crtend.o) .dtors)
 *(SORT_BY_NAME(.dtors.*))
 *(.dtors)

.lalign         0x00003af4        0x0
                0x00003af4                        PROVIDE (_data_lma = .)

.dalign         0x00003af4        0x0
                0x00003af4                        PROVIDE (_data = .)

.data           0x00003af4      0xca6
 *(.rdata)
 *(.rodata .rodata.*)
 .rodata.bsp_printHex.str1.4
                0x00003af4      0x59b build/obj_files/dma.o
                                 0x11 (size before relaxing)
 .rodata.bsp_printHex_lower.str1.4
                0x0000408f        0x0 build/obj_files/dma.o
                                 0x11 (size before relaxing)
 .rodata.bsp_printf.str1.4
                0x0000408f        0x0 build/obj_files/dma.o
                                 0x49 (size before relaxing)
 *fill*         0x0000408f        0x1 
 .rodata.bsp_printf
                0x00004090       0x84 build/obj_files/dma.o
 .rodata.crash.str1.4
                0x00004114        0x0 build/obj_files/dma.o
                                 0x10 (size before relaxing)
 .rodata.assert.str1.4
                0x00004114        0x0 build/obj_files/common.o
                                 0x10 (size before relaxing)
 .rodata.bsp_printHex.str1.4
                0x00004114        0x0 build/obj_files/main.o
                                 0x11 (size before relaxing)
 .rodata.bsp_printHex_lower.str1.4
                0x00004114        0x0 build/obj_files/main.o
                                 0x11 (size before relaxing)
 .rodata.bsp_printf.str1.4
                0x00004114        0x0 build/obj_files/main.o
                                 0x49 (size before relaxing)
 .rodata.bsp_printf
                0x00004114       0x84 build/obj_files/main.o
 .rodata.uart_demo_mode_selection.str1.4
                0x00004198        0x0 build/obj_files/main.o
                                 0xa8 (size before relaxing)
 .rodata.uart_demo_mode_selection
                0x00004198       0x18 build/obj_files/main.o
 .rodata.ispExample_menu.str1.4
                0x000041b0        0x0 build/obj_files/main.o
                                0x330 (size before relaxing)
 .rodata.main.str1.4
                0x000041b0        0x0 build/obj_files/main.o
                                 0xb3 (size before relaxing)
 .rodata.bsp_printHex.str1.4
                0x000041b0        0x0 build/obj_files/camera.o
                                 0x11 (size before relaxing)
 .rodata.bsp_printHex_lower.str1.4
                0x000041b0        0x0 build/obj_files/camera.o
                                 0x11 (size before relaxing)
 .rodata.bsp_printf.str1.4
                0x000041b0        0x0 build/obj_files/camera.o
                                 0x49 (size before relaxing)
 .rodata.bsp_printf
                0x000041b0       0x84 build/obj_files/camera.o
 .rodata.camera_init.str1.4
                0x00004234        0x0 build/obj_files/camera.o
                                 0x3e (size before relaxing)
 .rodata.str1.4
                0x00004234        0x0 build/obj_files/camera.o
                                 0x26 (size before relaxing)
 .rodata.supportedCamera
                0x00004234       0x28 build/obj_files/camera.o
 .rodata.PiCamV3_Init.str1.4
                0x0000425c        0x0 build/obj_files/PiCamV3Driver.o
                                 0x13 (size before relaxing)
 .rodata.pdaf_gains
                0x0000425c       0x12 build/obj_files/PiCamV3Driver.o
 *fill*         0x0000426e        0x2 
 .rodata.mode_hdr_1920x1080_regs
                0x00004270      0x17c build/obj_files/PiCamV3Driver.o
 .rodata.mode_2x2binned_1920x1080_regs
                0x000043ec      0x16c build/obj_files/PiCamV3Driver.o
 .rodata.mode_1920x1080_cropped_regs
                0x00004558      0x16c build/obj_files/PiCamV3Driver.o
 .rodata.mode_common_regs
                0x000046c4       0xc0 build/obj_files/PiCamV3Driver.o
 *(.gnu.linkonce.r.*)
 *(.data .data.*)
 *(.gnu.linkonce.d.*)
                0x00004788                        . = ALIGN (0x8)
 *fill*         0x00004784        0x4 
                0x00004f78                        PROVIDE (__global_pointer$ = (. + 0x7f0))
 *(.sdata .sdata.*)
 *(.gnu.linkonce.s.*)
                0x00004788                        . = ALIGN (0x8)
 *(.srodata.cst16)
 *(.srodata.cst8)
 *(.srodata.cst4)
 *(.srodata.cst2)
 *(.srodata .srodata.*)
 .srodata.link_450Mhz_regs
                0x00004788        0x8 build/obj_files/PiCamV3Driver.o
                0x0000479a                        . = (. + 0xa)
 *fill*         0x00004790        0xa 

.rela.dyn       0x0000479c        0x0
 .rela.init     0x0000479c        0x0 build/obj_files/dma.o
 .rela.text.__libc_init_array
                0x0000479c        0x0 build/obj_files/dma.o
                0x0000479c                        . = ALIGN (0x4)
                0x0000479c                        PROVIDE (_edata = .)
                [!provide]                        PROVIDE (edata = .)
                [!provide]                        PROVIDE (_fbss = .)
                0x0000479c                        PROVIDE (__bss_start = .)

.bss            0x0000479c        0x8
 *(.sbss*)
 .sbss.display_mm2s_active
                0x0000479c        0x4 build/obj_files/main.o
                0x0000479c                display_mm2s_active
 .sbss.select_demo_mode
                0x000047a0        0x4 build/obj_files/main.o
                0x000047a0                select_demo_mode
 *(.gnu.linkonce.sb.*)
 *(.bss .bss.*)
 *(.gnu.linkonce.b.*)
 *(COMMON)
                0x000047a4                        . = ALIGN (0x4)
                0x000047a8                        . = ALIGN (0x8)
                0x000047a8                        PROVIDE (_end = .)
                0x000047a8                        PROVIDE (end = .)

.stack          0x000047b0     0x1000
                [!provide]                        PROVIDE (_heap_end = .)
                0x00001000                        . = __stack_size
 *fill*         0x000047b0     0x1000 
                0x000057b0                        PROVIDE (_sp = .)
                0x000057b0                        __freertos_irq_stack_top = .
LOAD C:/Efinity/efinity-riscv-ide-2026.1/toolchain/bin/../lib/gcc/riscv-none-elf/13.4.0/../../../../riscv-none-elf/lib/rv32im/ilp32\libm.a
LOAD C:/Efinity/efinity-riscv-ide-2026.1/toolchain/bin/../lib/gcc/riscv-none-elf/13.4.0/rv32im/ilp32\libgcc.a
START GROUP
LOAD C:/Efinity/efinity-riscv-ide-2026.1/toolchain/bin/../lib/gcc/riscv-none-elf/13.4.0/../../../../riscv-none-elf/lib/rv32im/ilp32\libc.a
END GROUP
LOAD C:/Efinity/efinity-riscv-ide-2026.1/toolchain/bin/../lib/gcc/riscv-none-elf/13.4.0/rv32im/ilp32\libgcc.a
START GROUP
LOAD C:/Efinity/efinity-riscv-ide-2026.1/toolchain/bin/../lib/gcc/riscv-none-elf/13.4.0/rv32im/ilp32\libgcc.a
LOAD C:/Efinity/efinity-riscv-ide-2026.1/toolchain/bin/../lib/gcc/riscv-none-elf/13.4.0/../../../../riscv-none-elf/lib/rv32im/ilp32\libc.a
LOAD C:/Efinity/efinity-riscv-ide-2026.1/toolchain/bin/../lib/gcc/riscv-none-elf/13.4.0/../../../../riscv-none-elf/lib/rv32im/ilp32\libnosys.a
END GROUP
OUTPUT(build/evsoc_ispExample_demo.elf elf32-littleriscv)

.debug_info     0x00000000     0x72a6
 .debug_info    0x00000000      0x870 build/obj_files/dma.o
 .debug_info    0x00000870      0xa54 build/obj_files/common.o
 .debug_info    0x000012c4     0x1f3e build/obj_files/main.o
 .debug_info    0x00003202     0x16aa build/obj_files/PiCamDriver.o
 .debug_info    0x000048ac     0x10d1 build/obj_files/camera.o
 .debug_info    0x0000597d     0x18e0 build/obj_files/PiCamV3Driver.o
 .debug_info    0x0000725d       0x24 build/obj_files/start.o
 .debug_info    0x00007281       0x25 build/obj_files/trap.o

.debug_abbrev   0x00000000     0x12a0
 .debug_abbrev  0x00000000      0x29c build/obj_files/dma.o
 .debug_abbrev  0x0000029c      0x249 build/obj_files/common.o
 .debug_abbrev  0x000004e5      0x3d1 build/obj_files/main.o
 .debug_abbrev  0x000008b6      0x26b build/obj_files/PiCamDriver.o
 .debug_abbrev  0x00000b21      0x3ec build/obj_files/camera.o
 .debug_abbrev  0x00000f0d      0x36b build/obj_files/PiCamV3Driver.o
 .debug_abbrev  0x00001278       0x14 build/obj_files/start.o
 .debug_abbrev  0x0000128c       0x14 build/obj_files/trap.o

.debug_loclists
                0x00000000     0x2b06
 .debug_loclists
                0x00000000      0x362 build/obj_files/dma.o
 .debug_loclists
                0x00000362      0x4be build/obj_files/common.o
 .debug_loclists
                0x00000820      0xfb0 build/obj_files/main.o
 .debug_loclists
                0x000017d0      0x720 build/obj_files/PiCamDriver.o
 .debug_loclists
                0x00001ef0      0x3b1 build/obj_files/camera.o
 .debug_loclists
                0x000022a1      0x865 build/obj_files/PiCamV3Driver.o

.debug_aranges  0x00000000      0x578
 .debug_aranges
                0x00000000       0xa8 build/obj_files/dma.o
 .debug_aranges
                0x000000a8       0xc0 build/obj_files/common.o
 .debug_aranges
                0x00000168      0x160 build/obj_files/main.o
 .debug_aranges
                0x000002c8       0xc0 build/obj_files/PiCamDriver.o
 .debug_aranges
                0x00000388       0xb8 build/obj_files/camera.o
 .debug_aranges
                0x00000440       0xf8 build/obj_files/PiCamV3Driver.o
 .debug_aranges
                0x00000538       0x20 build/obj_files/start.o
 .debug_aranges
                0x00000558       0x20 build/obj_files/trap.o

.debug_rnglists
                0x00000000      0x4d0
 .debug_rnglists
                0x00000000       0x7c build/obj_files/dma.o
 .debug_rnglists
                0x0000007c       0x8e build/obj_files/common.o
 .debug_rnglists
                0x0000010a      0x1e0 build/obj_files/main.o
 .debug_rnglists
                0x000002ea       0x95 build/obj_files/PiCamDriver.o
 .debug_rnglists
                0x0000037f       0x88 build/obj_files/camera.o
 .debug_rnglists
                0x00000407       0xc9 build/obj_files/PiCamV3Driver.o

.debug_macro    0x00000000     0x39ec
 .debug_macro   0x00000000      0x1fc build/obj_files/dma.o
 .debug_macro   0x000001fc      0x7c0 build/obj_files/dma.o
 .debug_macro   0x000009bc       0x34 build/obj_files/dma.o
 .debug_macro   0x000009f0       0x3a build/obj_files/dma.o
 .debug_macro   0x00000a2a       0x4c build/obj_files/dma.o
 .debug_macro   0x00000a76       0x22 build/obj_files/dma.o
 .debug_macro   0x00000a98       0x8e build/obj_files/dma.o
 .debug_macro   0x00000b26       0x51 build/obj_files/dma.o
 .debug_macro   0x00000b77      0x103 build/obj_files/dma.o
 .debug_macro   0x00000c7a       0x6a build/obj_files/dma.o
 .debug_macro   0x00000ce4      0x1df build/obj_files/dma.o
 .debug_macro   0x00000ec3       0xc4 build/obj_files/dma.o
 .debug_macro   0x00000f87      0x196 build/obj_files/dma.o
 .debug_macro   0x0000111d       0x10 build/obj_files/dma.o
 .debug_macro   0x0000112d       0x2e build/obj_files/dma.o
 .debug_macro   0x0000115b      0x1d7 build/obj_files/dma.o
 .debug_macro   0x00001332       0x16 build/obj_files/dma.o
 .debug_macro   0x00001348       0x1c build/obj_files/dma.o
 .debug_macro   0x00001364       0x1c build/obj_files/dma.o
 .debug_macro   0x00001380       0x76 build/obj_files/dma.o
 .debug_macro   0x000013f6       0x58 build/obj_files/dma.o
 .debug_macro   0x0000144e       0x19 build/obj_files/dma.o
 .debug_macro   0x00001467       0x6e build/obj_files/dma.o
 .debug_macro   0x000014d5       0x3b build/obj_files/dma.o
 .debug_macro   0x00001510       0x34 build/obj_files/dma.o
 .debug_macro   0x00001544       0x16 build/obj_files/dma.o
 .debug_macro   0x0000155a      0x11c build/obj_files/dma.o
 .debug_macro   0x00001676       0x9b build/obj_files/dma.o
 .debug_macro   0x00001711      0x370 build/obj_files/dma.o
 .debug_macro   0x00001a81       0x16 build/obj_files/dma.o
 .debug_macro   0x00001a97       0x4a build/obj_files/dma.o
 .debug_macro   0x00001ae1       0x34 build/obj_files/dma.o
 .debug_macro   0x00001b15       0x10 build/obj_files/dma.o
 .debug_macro   0x00001b25       0x58 build/obj_files/dma.o
 .debug_macro   0x00001b7d      0x1e5 build/obj_files/dma.o
 .debug_macro   0x00001d62       0x16 build/obj_files/dma.o
 .debug_macro   0x00001d78       0x29 build/obj_files/dma.o
 .debug_macro   0x00001da1      0x19b build/obj_files/dma.o
 .debug_macro   0x00001f3c       0x16 build/obj_files/dma.o
 .debug_macro   0x00001f52       0x3c build/obj_files/dma.o
 .debug_macro   0x00001f8e      0x1f7 build/obj_files/common.o
 .debug_macro   0x00002185      0x161 build/obj_files/common.o
 .debug_macro   0x000022e6       0x46 build/obj_files/common.o
 .debug_macro   0x0000232c      0x24a build/obj_files/main.o
 .debug_macro   0x00002576       0x70 build/obj_files/main.o
 .debug_macro   0x000025e6       0xee build/obj_files/main.o
 .debug_macro   0x000026d4       0x52 build/obj_files/main.o
 .debug_macro   0x00002726       0x3a build/obj_files/main.o
 .debug_macro   0x00002760      0x200 build/obj_files/PiCamDriver.o
 .debug_macro   0x00002960      0x898 build/obj_files/PiCamDriver.o
 .debug_macro   0x000031f8      0x222 build/obj_files/camera.o
 .debug_macro   0x0000341a      0x18d build/obj_files/camera.o
 .debug_macro   0x000035a7       0xb8 build/obj_files/camera.o
 .debug_macro   0x0000365f      0x206 build/obj_files/PiCamV3Driver.o
 .debug_macro   0x00003865      0x187 build/obj_files/PiCamV3Driver.o

.debug_line     0x00000000     0x5b1c
 .debug_line    0x00000000      0x968 build/obj_files/dma.o
 .debug_line    0x00000968      0xa21 build/obj_files/common.o
 .debug_line    0x00001389     0x2217 build/obj_files/main.o
 .debug_line    0x000035a0      0xa37 build/obj_files/PiCamDriver.o
 .debug_line    0x00003fd7      0x9c0 build/obj_files/camera.o
 .debug_line    0x00004997      0xfa7 build/obj_files/PiCamV3Driver.o
 .debug_line    0x0000593e       0xc2 build/obj_files/start.o
 .debug_line    0x00005a00      0x11c build/obj_files/trap.o

.debug_str      0x00000000     0xd56b
 .debug_str     0x00000000     0xd56b build/obj_files/dma.o
                               0x928d (size before relaxing)
 .debug_str     0x0000d56b        0x0 build/obj_files/common.o
                               0x97de (size before relaxing)
 .debug_str     0x0000d56b        0x0 build/obj_files/main.o
                               0xa71f (size before relaxing)
 .debug_str     0x0000d56b        0x0 build/obj_files/PiCamDriver.o
                               0xb8c0 (size before relaxing)
 .debug_str     0x0000d56b        0x0 build/obj_files/camera.o
                               0xc4c2 (size before relaxing)
 .debug_str     0x0000d56b        0x0 build/obj_files/PiCamV3Driver.o
                               0x9fff (size before relaxing)
 .debug_str     0x0000d56b        0x0 build/obj_files/start.o
                                 0xcf (size before relaxing)
 .debug_str     0x0000d56b        0x0 build/obj_files/trap.o
                                 0xce (size before relaxing)

.debug_line_str
                0x00000000      0x438
 .debug_line_str
                0x00000000      0x438 build/obj_files/dma.o
                                0x459 (size before relaxing)
 .debug_line_str
                0x00000438        0x0 build/obj_files/common.o
                                0x45b (size before relaxing)
 .debug_line_str
                0x00000438        0x0 build/obj_files/main.o
                                0x4a8 (size before relaxing)
 .debug_line_str
                0x00000438        0x0 build/obj_files/PiCamDriver.o
                                0x48a (size before relaxing)
 .debug_line_str
                0x00000438        0x0 build/obj_files/camera.o
                                0x49f (size before relaxing)
 .debug_line_str
                0x00000438        0x0 build/obj_files/PiCamV3Driver.o
                                0x492 (size before relaxing)
 .debug_line_str
                0x00000438        0x0 build/obj_files/start.o
                                 0xc3 (size before relaxing)
 .debug_line_str
                0x00000438        0x0 build/obj_files/trap.o
                                 0xc2 (size before relaxing)

.comment        0x00000000       0x33
 .comment       0x00000000       0x33 build/obj_files/dma.o
                                 0x34 (size before relaxing)
 .comment       0x00000033        0x0 build/obj_files/common.o
                                 0x34 (size before relaxing)
 .comment       0x00000033        0x0 build/obj_files/main.o
                                 0x34 (size before relaxing)
 .comment       0x00000033        0x0 build/obj_files/PiCamDriver.o
                                 0x34 (size before relaxing)
 .comment       0x00000033        0x0 build/obj_files/camera.o
                                 0x34 (size before relaxing)
 .comment       0x00000033        0x0 build/obj_files/PiCamV3Driver.o
                                 0x34 (size before relaxing)
 .comment       0x00000033        0x0 C:/Efinity/efinity-riscv-ide-2026.1/toolchain/bin/../lib/gcc/riscv-none-elf/13.4.0/../../../../riscv-none-elf/lib/rv32im/ilp32\libc.a(libc_a-init.o)
                                 0x34 (size before relaxing)

.riscv.attributes
                0x00000000       0x43
 .riscv.attributes
                0x00000000       0x43 build/obj_files/dma.o
 .riscv.attributes
                0x00000043       0x3f build/obj_files/common.o
 .riscv.attributes
                0x00000082       0x3f build/obj_files/main.o
 .riscv.attributes
                0x000000c1       0x3f build/obj_files/PiCamDriver.o
 .riscv.attributes
                0x00000100       0x3f build/obj_files/camera.o
 .riscv.attributes
                0x0000013f       0x3f build/obj_files/PiCamV3Driver.o
 .riscv.attributes
                0x0000017e       0x3d build/obj_files/start.o
 .riscv.attributes
                0x000001bb       0x41 build/obj_files/trap.o
 .riscv.attributes
                0x000001fc       0x2a C:/Efinity/efinity-riscv-ide-2026.1/toolchain/bin/../lib/gcc/riscv-none-elf/13.4.0/../../../../riscv-none-elf/lib/rv32im/ilp32\libc.a(libc_a-init.o)

.debug_frame    0x00000000     0x10f8
 .debug_frame   0x00000000      0x208 build/obj_files/dma.o
 .debug_frame   0x00000208      0x260 build/obj_files/common.o
 .debug_frame   0x00000468      0x400 build/obj_files/main.o
 .debug_frame   0x00000868      0x2ac build/obj_files/PiCamDriver.o
 .debug_frame   0x00000b14      0x270 build/obj_files/camera.o
 .debug_frame   0x00000d84      0x374 build/obj_files/PiCamV3Driver.o
