Archive member included to satisfy reference by file (symbol)

C:/Efinity/efinity-riscv-ide-2026.1/toolchain/bin/../lib/gcc/riscv-none-elf/13.4.0/../../../../riscv-none-elf/lib/rv32im/ilp32\libc.a(libc_a-atoi.o)
                              build/obj_files/main.o (atoi)
C:/Efinity/efinity-riscv-ide-2026.1/toolchain/bin/../lib/gcc/riscv-none-elf/13.4.0/../../../../riscv-none-elf/lib/rv32im/ilp32\libc.a(libc_a-strtol.o)
                              C:/Efinity/efinity-riscv-ide-2026.1/toolchain/bin/../lib/gcc/riscv-none-elf/13.4.0/../../../../riscv-none-elf/lib/rv32im/ilp32\libc.a(libc_a-atoi.o) (_strtol_r)
C:/Efinity/efinity-riscv-ide-2026.1/toolchain/bin/../lib/gcc/riscv-none-elf/13.4.0/../../../../riscv-none-elf/lib/rv32im/ilp32\libc.a(libc_a-ctype_.o)
                              C:/Efinity/efinity-riscv-ide-2026.1/toolchain/bin/../lib/gcc/riscv-none-elf/13.4.0/../../../../riscv-none-elf/lib/rv32im/ilp32\libc.a(libc_a-strtol.o) (_ctype_)
C:/Efinity/efinity-riscv-ide-2026.1/toolchain/bin/../lib/gcc/riscv-none-elf/13.4.0/../../../../riscv-none-elf/lib/rv32im/ilp32\libc.a(libc_a-reent.o)
                              build/obj_files/syscalls.o (errno)
C:/Efinity/efinity-riscv-ide-2026.1/toolchain/bin/../lib/gcc/riscv-none-elf/13.4.0/../../../../riscv-none-elf/lib/rv32im/ilp32\libc.a(libc_a-impure.o)
                              C:/Efinity/efinity-riscv-ide-2026.1/toolchain/bin/../lib/gcc/riscv-none-elf/13.4.0/../../../../riscv-none-elf/lib/rv32im/ilp32\libc.a(libc_a-strtol.o) (_impure_ptr)
C:/Efinity/efinity-riscv-ide-2026.1/toolchain/bin/../lib/gcc/riscv-none-elf/13.4.0/../../../../riscv-none-elf/lib/rv32im/ilp32\libc.a(libc_a-errno.o)
                              C:/Efinity/efinity-riscv-ide-2026.1/toolchain/bin/../lib/gcc/riscv-none-elf/13.4.0/../../../../riscv-none-elf/lib/rv32im/ilp32\libc.a(libc_a-strtol.o) (__errno)
C:/Efinity/efinity-riscv-ide-2026.1/toolchain/bin/../lib/gcc/riscv-none-elf/13.4.0/../../../../riscv-none-elf/lib/rv32im/ilp32\libc.a(libc_a-init.o)
                              build/obj_files/start.o (__libc_init_array)
C:/Efinity/efinity-riscv-ide-2026.1/toolchain/bin/../lib/gcc/riscv-none-elf/13.4.0/../../../../riscv-none-elf/lib/rv32im/ilp32\libc.a(libc_a-freer.o)
                              C:/Efinity/efinity-riscv-ide-2026.1/toolchain/bin/../lib/gcc/riscv-none-elf/13.4.0/../../../../riscv-none-elf/lib/rv32im/ilp32\libc.a(libc_a-reent.o) (_free_r)
C:/Efinity/efinity-riscv-ide-2026.1/toolchain/bin/../lib/gcc/riscv-none-elf/13.4.0/../../../../riscv-none-elf/lib/rv32im/ilp32\libc.a(libc_a-mallocr.o)
                              C:/Efinity/efinity-riscv-ide-2026.1/toolchain/bin/../lib/gcc/riscv-none-elf/13.4.0/../../../../riscv-none-elf/lib/rv32im/ilp32\libc.a(libc_a-freer.o) (__malloc_av_)
C:/Efinity/efinity-riscv-ide-2026.1/toolchain/bin/../lib/gcc/riscv-none-elf/13.4.0/../../../../riscv-none-elf/lib/rv32im/ilp32\libc.a(libc_a-mlock.o)
                              C:/Efinity/efinity-riscv-ide-2026.1/toolchain/bin/../lib/gcc/riscv-none-elf/13.4.0/../../../../riscv-none-elf/lib/rv32im/ilp32\libc.a(libc_a-freer.o) (__malloc_lock)
C:/Efinity/efinity-riscv-ide-2026.1/toolchain/bin/../lib/gcc/riscv-none-elf/13.4.0/../../../../riscv-none-elf/lib/rv32im/ilp32\libc.a(libc_a-findfp.o)
                              C:/Efinity/efinity-riscv-ide-2026.1/toolchain/bin/../lib/gcc/riscv-none-elf/13.4.0/../../../../riscv-none-elf/lib/rv32im/ilp32\libc.a(libc_a-impure.o) (__sf)
C:/Efinity/efinity-riscv-ide-2026.1/toolchain/bin/../lib/gcc/riscv-none-elf/13.4.0/../../../../riscv-none-elf/lib/rv32im/ilp32\libc.a(libc_a-fwalk.o)
                              C:/Efinity/efinity-riscv-ide-2026.1/toolchain/bin/../lib/gcc/riscv-none-elf/13.4.0/../../../../riscv-none-elf/lib/rv32im/ilp32\libc.a(libc_a-findfp.o) (_fwalk_sglue)
C:/Efinity/efinity-riscv-ide-2026.1/toolchain/bin/../lib/gcc/riscv-none-elf/13.4.0/../../../../riscv-none-elf/lib/rv32im/ilp32\libc.a(libc_a-stdio.o)
                              C:/Efinity/efinity-riscv-ide-2026.1/toolchain/bin/../lib/gcc/riscv-none-elf/13.4.0/../../../../riscv-none-elf/lib/rv32im/ilp32\libc.a(libc_a-findfp.o) (__sread)
C:/Efinity/efinity-riscv-ide-2026.1/toolchain/bin/../lib/gcc/riscv-none-elf/13.4.0/../../../../riscv-none-elf/lib/rv32im/ilp32\libc.a(libc_a-closer.o)
                              C:/Efinity/efinity-riscv-ide-2026.1/toolchain/bin/../lib/gcc/riscv-none-elf/13.4.0/../../../../riscv-none-elf/lib/rv32im/ilp32\libc.a(libc_a-stdio.o) (_close_r)
C:/Efinity/efinity-riscv-ide-2026.1/toolchain/bin/../lib/gcc/riscv-none-elf/13.4.0/../../../../riscv-none-elf/lib/rv32im/ilp32\libc.a(libc_a-lseekr.o)
                              C:/Efinity/efinity-riscv-ide-2026.1/toolchain/bin/../lib/gcc/riscv-none-elf/13.4.0/../../../../riscv-none-elf/lib/rv32im/ilp32\libc.a(libc_a-stdio.o) (_lseek_r)
C:/Efinity/efinity-riscv-ide-2026.1/toolchain/bin/../lib/gcc/riscv-none-elf/13.4.0/../../../../riscv-none-elf/lib/rv32im/ilp32\libc.a(libc_a-readr.o)
[...]
Memory Configuration

Name             Origin             Length             Attributes
ram              0x00001000         0x0001f000         axwl!r
*default*        0x00000000         0xffffffff

Linker script and memory map

LOAD build/obj_files/dma.o
LOAD build/obj_files/common.o
LOAD build/obj_files/main.o
LOAD build/obj_files/PiCamDriver.o
LOAD build/obj_files/camera.o
LOAD build/obj_files/PiCamV3Driver.o
LOAD build/obj_files/start.o
LOAD build/obj_files/trap.o
LOAD build/obj_files/syscalls.o
LOAD C:/Efinity/efinity-riscv-ide-2026.1/toolchain/bin/../lib/gcc/riscv-none-elf/13.4.0/../../../../riscv-none-elf/lib/rv32im/ilp32\libc.a
LOAD C:/Efinity/efinity-riscv-ide-2026.1/toolchain/bin/../lib/gcc/riscv-none-elf/13.4.0/rv32im/ilp32\libgcc.a
                0x00001000                        __stack_size = DEFINED (__stack_size)?__stack_size:0x1000

.init           0x00001000       0x70
 *(SORT_NONE(.init))
 .init          0x00001000       0x70 build/obj_files/start.o
                0x00001000                _start
                0x0000106c                _init

.text           0x00001070     0x3010
 *(.text.Proc_1)
 *(.text.Proc_2)
 *(.text.Proc_3)
 *(.text.Proc_4)
 *(.text.Proc_5)
 *(.text.Proc_6)
 *(.text.Proc_7)
 *(.text.Proc_8)
 *(.text.Func_1)
 *(.text.Func_2)
 *(.text.Func_3)
 *(.text.strcpy)
 *libc.a:*(.text .text.*)
 .text.atoi     0x00001070        0xc C:/Efinity/efinity-riscv-ide-2026.1/toolchain/bin/../lib/gcc/riscv-none-elf/13.4.0/../../../../riscv-none-elf/lib/rv32im/ilp32\libc.a(libc_a-atoi.o)
                0x00001070                atoi
 .text._strtol_l.isra.0
                0x0000107c      0x1e4 C:/Efinity/efinity-riscv-ide-2026.1/toolchain/bin/../lib/gcc/riscv-none-elf/13.4.0/../../../../riscv-none-elf/lib/rv32im/ilp32\libc.a(libc_a-strtol.o)
 .text.strtol   0x00001260       0x14 C:/Efinity/efinity-riscv-ide-2026.1/toolchain/bin/../lib/gcc/riscv-none-elf/13.4.0/../../../../riscv-none-elf/lib/rv32im/ilp32\libc.a(libc_a-strtol.o)
                0x00001260                strtol
 .text.__errno  0x00001274        0x8 C:/Efinity/efinity-riscv-ide-2026.1/toolchain/bin/../lib/gcc/riscv-none-elf/13.4.0/../../../../riscv-none-elf/lib/rv32im/ilp32\libc.a(libc_a-errno.o)
                0x00001274                __errno
 .text.__libc_init_array
                0x0000127c       0x94 C:/Efinity/efinity-riscv-ide-2026.1/toolchain/bin/../lib/gcc/riscv-none-elf/13.4.0/../../../../riscv-none-elf/lib/rv32im/ilp32\libc.a(libc_a-init.o)
                0x0000127c                __libc_init_array
 *(.text.main)
 .text.main     0x00001310      0x4cc build/obj_files/main.o
                0x00001310                main
 *(.text.unlikely .text.unlikely.*)
 *(.text.startup .text.startup.*)
 *(.text .text.*)
 .text.plic_set_priority
                0x000017dc       0x10 build/obj_files/dma.o
 .text.plic_set_enable
                0x000017ec       0x4c build/obj_files/dma.o
 .text.plic_set_threshold
                0x00001838       0x18 build/obj_files/dma.o
 .text.uart_writeAvailability
                0x00001850       0x10 build/obj_files/dma.o
 .text.uart_write
                0x00001860       0x3c build/obj_files/dma.o
 .text._putchar
                0x0000189c       0x20 build/obj_files/dma.o
 .text._putchar_s
                0x000018bc       0x34 build/obj_files/dma.o
 .text.bsp_printHex
                0x000018f0       0x54 build/obj_files/dma.o
 .text.bsp_printHex_lower
                0x00001944       0x54 build/obj_files/dma.o
 .text.bsp_printf_c
                0x00001998       0x1c build/obj_files/dma.o
 .text.bsp_printf_s
                0x000019b4       0x18 build/obj_files/dma.o
 .text.bsp_printf_d
                0x000019cc       0x80 build/obj_files/dma.o
 .text.bsp_printf_x
                0x00001a4c       0x40 build/obj_files/dma.o
 .text.bsp_printf_X
                0x00001a8c       0x40 build/obj_files/dma.o
 .text.bsp_printf
                0x00001acc      0x130 build/obj_files/dma.o
 .text.crash    0x00001bfc       0x18 build/obj_files/dma.o
                0x00001bfc                crash
 .text.dma_init
                0x00001c14       0x74 build/obj_files/dma.o
                0x00001c14                dma_init
 .text.trap     0x00001c88       0x34 build/obj_files/dma.o
                0x00001c88                trap
 .text.uart_writeAvailability
                0x00001cbc       0x10 build/obj_files/common.o
 .text.uart_write
                0x00001ccc       0x3c build/obj_files/common.o
 .text.uart_writeStr
                0x00001d08       0x44 build/obj_files/common.o
 .text.clint_uDelay
                0x00001d4c       0x34 build/obj_files/common.o
 .text.i2c_applyConfig
                0x00001d80       0x34 build/obj_files/common.o
 .text.assert   0x00001db4       0x24 build/obj_files/common.o
                0x00001db4                assert
 .text.msDelay  0x00001dd8       0x2c build/obj_files/common.o
                0x00001dd8                msDelay
 .text.mipi_i2c_init
                0x00001e04       0x4c build/obj_files/common.o
                0x00001e04                mipi_i2c_init
 .text.uart_writeAvailability
                0x00001e50       0x10 build/obj_files/main.o
 .text.uart_readOccupancy
                0x00001e60        0xc build/obj_files/main.o
 .text.uart_write
                0x00001e6c       0x3c build/obj_files/main.o
 .text.uart_read
                0x00001ea8       0x34 build/obj_files/main.o
 .text.uart_applyConfig
                0x00001edc       0x30 build/obj_files/main.o
 .text.uart_status_read
                0x00001f0c        0x8 build/obj_files/main.o
 .text.uart_status_write
                0x00001f14        0x8 build/obj_files/main.o
 .text.clint_uDelay
                0x00001f1c       0x34 build/obj_files/main.o
 .text._putchar
                0x00001f50       0x20 build/obj_files/main.o
 .text._putchar_s
                0x00001f70       0x34 build/obj_files/main.o
 .text.bsp_printHex
                0x00001fa4       0x54 build/obj_files/main.o
 .text.bsp_printHex_lower
                0x00001ff8       0x54 build/obj_files/main.o
 .text.bsp_printf_c
                0x0000204c       0x1c build/obj_files/main.o
 .text.bsp_printf_s
                0x00002068       0x18 build/obj_files/main.o
 .text.bsp_printf_d
                0x00002080       0x80 build/obj_files/main.o
 .text.bsp_printf_x
                0x00002100       0x40 build/obj_files/main.o
 .text.bsp_printf_X
                0x00002140       0x40 build/obj_files/main.o
 .text.bsp_init
                0x00002180       0x38 build/obj_files/main.o
 .text.plic_set_priority
                0x000021b8       0x10 build/obj_files/main.o
 .text.plic_set_enable
                0x000021c8       0x4c build/obj_files/main.o
 .text.plic_claim
                0x00002214       0x1c build/obj_files/main.o
 .text.plic_release
                0x00002230       0x1c build/obj_files/main.o
 .text.dmasg_input_memory
                0x0000224c       0x28 build/obj_files/main.o
 .text.dmasg_output_memory
                0x00002274       0x28 build/obj_files/main.o
 .text.dmasg_input_stream
                0x0000229c       0x38 build/obj_files/main.o
 .text.dmasg_output_stream
                0x000022d4       0x2c build/obj_files/main.o
 .text.dmasg_direct_start
                0x00002300       0x28 build/obj_files/main.o
 .text.dmasg_interrupt_config
                0x00002328       0x18 build/obj_files/main.o
 .text.dmasg_busy
                0x00002340       0x14 build/obj_files/main.o
 .text.dmasg_priority
                0x00002354       0x18 build/obj_files/main.o
 .text.bsp_printf
                0x0000236c      0x130 build/obj_files/main.o
 .text.rgb2grayscale
                0x0000249c       0x98 build/obj_files/main.o
                0x0000249c                rgb2grayscale
 .text.uart_interrupt_init
                0x00002534       0x54 build/obj_files/main.o
                0x00002534                uart_interrupt_init
 .text.trigger_next_display_dma
                0x00002588       0xb4 build/obj_files/main.o
                0x00002588                trigger_next_display_dma
 .text.uart_buffer_read
                0x0000263c      0x110 build/obj_files/main.o
                0x0000263c                uart_buffer_read
 .text.settings
                0x0000274c      0x3b4 build/obj_files/main.o
                0x0000274c                settings
 .text.externalInterrupt
                0x00002b00       0x84 build/obj_files/main.o
                0x00002b00                externalInterrupt
 .text.ispExample_menu
                0x00002b84       0x9c build/obj_files/main.o
                0x00002b84                ispExample_menu
 .text.i2c_masterBusy
                0x00002c20        0xc build/obj_files/PiCamDriver.o
 .text.i2c_masterStartBlocking
                0x00002c2c       0x1c build/obj_files/PiCamDriver.o
 .text.i2c_masterStopWait
                0x00002c48       0x2c build/obj_files/PiCamDriver.o
 .text.i2c_masterStopBlocking
                0x00002c74       0x20 build/obj_files/PiCamDriver.o
 .text.i2c_txAckWait
                0x00002c94       0x10 build/obj_files/PiCamDriver.o
 .text.i2c_txNackBlocking
                0x00002ca4       0x20 build/obj_files/PiCamDriver.o
 .text.i2c_rxAck
                0x00002cc4       0x10 build/obj_files/PiCamDriver.o
 .text.PiCam_WriteRegData
                0x00002cd4       0xd0 build/obj_files/PiCamDriver.o
                0x00002cd4                PiCam_WriteRegData
 .text.AccessCommSeq
                0x00002da4       0x94 build/obj_files/PiCamDriver.o
                0x00002da4                AccessCommSeq
 .text.PiCam_Output_Size
                0x00002e38       0x74 build/obj_files/PiCamDriver.o
                0x00002e38                PiCam_Output_Size
 .text.PiCam_Output_activePixel
                0x00002eac       0xcc build/obj_files/PiCamDriver.o
                0x00002eac                PiCam_Output_activePixel
 .text.PiCam_SetBinningMode
                0x00002f78       0x64 build/obj_files/PiCamDriver.o
                0x00002f78                PiCam_SetBinningMode
 .text.PiCam_Gainfilter
                0x00002fdc       0x5c build/obj_files/PiCamDriver.o
                0x00002fdc                PiCam_Gainfilter
 .text.PiCam_init
                0x00003038      0x2a0 build/obj_files/PiCamDriver.o
                0x00003038                PiCam_init
 .text.i2c_masterStartBlocking
                0x000032d8       0x1c build/obj_files/camera.o
 .text.i2c_txAckWait
                0x000032f4       0x10 build/obj_files/camera.o
 .text.i2c_txNackBlocking
                0x00003304       0x20 build/obj_files/camera.o
 .text.i2c_rxAck
                0x00003324       0x10 build/obj_files/camera.o
 .text.uart_writeAvailability
                0x00003334       0x10 build/obj_files/camera.o
 .text.uart_write
                0x00003344       0x3c build/obj_files/camera.o
 .text._putchar
                0x00003380       0x20 build/obj_files/camera.o
 .text._putchar_s
                0x000033a0       0x34 build/obj_files/camera.o
 .text.bsp_printHex
                0x000033d4       0x54 build/obj_files/camera.o
 .text.bsp_printHex_lower
                0x00003428       0x54 build/obj_files/camera.o
 .text.bsp_printf_c
                0x0000347c       0x1c build/obj_files/camera.o
 .text.bsp_printf_s
                0x00003498       0x18 build/obj_files/camera.o
 .text.bsp_printf_d
                0x000034b0       0x80 build/obj_files/camera.o
 .text.bsp_printf_x
                0x00003530       0x40 build/obj_files/camera.o
 .text.bsp_printf_X
                0x00003570       0x40 build/obj_files/camera.o
 .text.mipi_i2c_probe
                0x000035b0       0x50 build/obj_files/camera.o
 .text.bsp_printf
                0x00003600      0x130 build/obj_files/camera.o
 .text.camera_init
                0x00003730      0x114 build/obj_files/camera.o
 .text.cam0_init
                0x00003844       0x20 build/obj_files/camera.o
                0x00003844                cam0_init
 .text.uart_writeAvailability
                0x00003864       0x10 build/obj_files/PiCamV3Driver.o
 .text.uart_write
                0x00003874       0x3c build/obj_files/PiCamV3Driver.o
 .text.uart_writeStr
                0x000038b0       0x44 build/obj_files/PiCamV3Driver.o
 .text.i2c_masterBusy
                0x000038f4        0xc build/obj_files/PiCamV3Driver.o
 .text.i2c_masterStartBlocking
                0x00003900       0x1c build/obj_files/PiCamV3Driver.o
 .text.i2c_masterStopWait
                0x0000391c       0x2c build/obj_files/PiCamV3Driver.o
 .text.i2c_masterStopBlocking
                0x00003948       0x20 build/obj_files/PiCamV3Driver.o
 .text.i2c_txAckWait
                0x00003968       0x10 build/obj_files/PiCamV3Driver.o
 .text.i2c_txNackBlocking
                0x00003978       0x20 build/obj_files/PiCamV3Driver.o
 .text.i2c_rxAck
                0x00003998       0x10 build/obj_files/PiCamV3Driver.o
 .text.PiCamV3_WriteRegData
                0x000039a8       0xd0 build/obj_files/PiCamV3Driver.o
                0x000039a8                PiCamV3_WriteRegData
 .text.PiCamV3_StartStreaming
                0x00003a78       0x20 build/obj_files/PiCamV3Driver.o
                0x00003a78                PiCamV3_StartStreaming
 .text.PiCamV3_StopStreaming
                0x00003a98       0x20 build/obj_files/PiCamV3Driver.o
                0x00003a98                PiCamV3_StopStreaming
 .text.PiCamV3_ConfigCommon
                0x00003ab8       0x5c build/obj_files/PiCamV3Driver.o
                0x00003ab8                PiCamV3_ConfigCommon
 .text.PiCamV3_ConfigFormat
                0x00003b14       0xf0 build/obj_files/PiCamV3Driver.o
                0x00003b14                PiCamV3_ConfigFormat
 .text.PiCamV3_ConfigLinkFreq
                0x00003c04       0x58 build/obj_files/PiCamV3Driver.o
                0x00003c04                PiCamV3_ConfigLinkFreq
 .text.PiCamV3_ConfigQuadBayerRemosaicAdjustment
                0x00003c5c       0x44 build/obj_files/PiCamV3Driver.o
                0x00003c5c                PiCamV3_ConfigQuadBayerRemosaicAdjustment
 .text.PiCamV3_SetPdafGain
                0x00003ca0       0xa8 build/obj_files/PiCamV3Driver.o
                0x00003ca0                PiCamV3_SetPdafGain
 .text.PiCamV3_OnActuator
                0x00003d48       0x80 build/obj_files/PiCamV3Driver.o
                0x00003d48                PiCamV3_OnActuator
 .text.PiCamV3_OffActuator
                0x00003dc8       0x80 build/obj_files/PiCamV3Driver.o
                0x00003dc8                PiCamV3_OffActuator
 .text.PiCamV3_SetFocusStep
                0x00003e48      0x12c build/obj_files/PiCamV3Driver.o
                0x00003e48                PiCamV3_SetFocusStep
 .text.PiCamV3_Init
                0x00003f74       0x7c build/obj_files/PiCamV3Driver.o
                0x00003f74                PiCamV3_Init
 .text          0x00003ff0       0x90 build/obj_files/trap.o
                0x00003ff0                trap_entry
 *(.gnu.linkonce.t.*)
 *(.note.gnu.build-id)

.rela.dyn       0x00004080        0x0
 .rela.text.uart_buffer_read
                0x00004080        0x0 build/obj_files/dma.o
 .rela.text.settings
                0x00004080        0x0 build/obj_files/dma.o
 .rela.init     0x00004080        0x0 build/obj_files/dma.o
 .rela.text.__libc_init_array
                0x00004080        0x0 build/obj_files/dma.o

.fini
 *(SORT_NONE(.fini))
                [!provide]                        PROVIDE (__etext = .)
                [!provide]                        PROVIDE (_etext = .)
                [!provide]                        PROVIDE (etext = .)
                0x00004080                        . = ALIGN (0x4)

.preinit_array  0x00004080        0x0
                0x00004080                        PROVIDE (__preinit_array_start = .)
 *(.preinit_array)
                0x00004080                        PROVIDE (__preinit_array_end = .)

.init_array     0x00004080        0x0
                0x00004080                        PROVIDE (__init_array_start = .)
 *(SORT_BY_INIT_PRIORITY(.init_array.*) SORT_BY_INIT_PRIORITY(.ctors.*))
 *(.init_array EXCLUDE_FILE(*crtend?.o *crtend.o *crtbegin?.o *crtbegin.o) .ctors)
                0x00004080                        PROVIDE (__init_array_end = .)

.fini_array     0x00004080        0x0
                [!provide]                        PROVIDE (__fini_array_start = .)
 *(SORT_BY_INIT_PRIORITY(.fini_array.*) SORT_BY_INIT_PRIORITY(.dtors.*))
 *(.fini_array EXCLUDE_FILE(*crtend?.o *crtend.o *crtbegin?.o *crtbegin.o) .dtors)
                [!provide]                        PROVIDE (__fini_array_end = .)

.ctors
 *crtbegin.o(.ctors)
 *crtbegin?.o(.ctors)
 *(EXCLUDE_FILE(*crtend?.o *crtend.o) .ctors)
 *(SORT_BY_NAME(.ctors.*))
 *(.ctors)

.dtors
 *crtbegin.o(.dtors)
 *crtbegin?.o(.dtors)
 *(EXCLUDE_FILE(*crtend?.o *crtend.o) .dtors)
 *(SORT_BY_NAME(.dtors.*))
 *(.dtors)

.lalign         0x00004080        0x0
                0x00004080                        PROVIDE (_data_lma = .)

.dalign         0x00004080        0x0
                0x00004080                        PROVIDE (_data = .)

.data           0x00004080      0xf42
 *(.rdata)
 *(.rodata .rodata.*)
 .rodata.bsp_printHex.str1.4
                0x00004080      0x5b3 build/obj_files/dma.o
                                 0x11 (size before relaxing)
 .rodata.bsp_printHex_lower.str1.4
                0x00004633        0x0 build/obj_files/dma.o
                                 0x11 (size before relaxing)
 .rodata.bsp_printf.str1.4
                0x00004633        0x0 build/obj_files/dma.o
                                 0x49 (size before relaxing)
 *fill*         0x00004633        0x1 
 .rodata.bsp_printf
                0x00004634       0x84 build/obj_files/dma.o
 .rodata.crash.str1.4
                0x000046b8        0x0 build/obj_files/dma.o
                                 0x10 (size before relaxing)
 .rodata.assert.str1.4
                0x000046b8        0x0 build/obj_files/common.o
                                 0x10 (size before relaxing)
 .rodata.bsp_printHex.str1.4
                0x000046b8        0x0 build/obj_files/main.o
                                 0x11 (size before relaxing)
 .rodata.bsp_printHex_lower.str1.4
                0x000046b8        0x0 build/obj_files/main.o
                                 0x11 (size before relaxing)
 .rodata.bsp_printf.str1.4
                0x000046b8        0x0 build/obj_files/main.o
                                 0x49 (size before relaxing)
 .rodata.bsp_printf
                0x000046b8       0x84 build/obj_files/main.o
 .rodata.settings.str1.4
                0x0000473c        0x0 build/obj_files/main.o
                                 0xc0 (size before relaxing)
 .rodata.settings
                0x0000473c       0x54 build/obj_files/main.o
 .rodata.ispExample_menu.str1.4
                0x00004790        0x0 build/obj_files/main.o
                                0x330 (size before relaxing)
 .rodata.main.str1.4
                0x00004790        0x0 build/obj_files/main.o
                                 0xb3 (size before relaxing)
 .rodata.bsp_printHex.str1.4
                0x00004790        0x0 build/obj_files/camera.o
                                 0x11 (size before relaxing)
 .rodata.bsp_printHex_lower.str1.4
                0x00004790        0x0 build/obj_files/camera.o
                                 0x11 (size before relaxing)
 .rodata.bsp_printf.str1.4
                0x00004790        0x0 build/obj_files/camera.o
                                 0x49 (size before relaxing)
 .rodata.bsp_printf
                0x00004790       0x84 build/obj_files/camera.o
 .rodata.camera_init.str1.4
                0x00004814        0x0 build/obj_files/camera.o
                                 0x3e (size before relaxing)
 .rodata.str1.4
                0x00004814        0x0 build/obj_files/camera.o
                                 0x26 (size before relaxing)
 .rodata.supportedCamera
                0x00004814       0x28 build/obj_files/camera.o
 .rodata.PiCamV3_Init.str1.4
                0x0000483c        0x0 build/obj_files/PiCamV3Driver.o
                                 0x13 (size before relaxing)
 .rodata.pdaf_gains
                0x0000483c       0x12 build/obj_files/PiCamV3Driver.o
 *fill*         0x0000484e        0x2 
 .rodata.mode_hdr_1920x1080_regs
                0x00004850      0x17c build/obj_files/PiCamV3Driver.o
 .rodata.mode_2x2binned_1920x1080_regs
                0x000049cc      0x16c build/obj_files/PiCamV3Driver.o
 .rodata.mode_1920x1080_cropped_regs
                0x00004b38      0x16c build/obj_files/PiCamV3Driver.o
 .rodata.mode_common_regs
                0x00004ca4       0xc0 build/obj_files/PiCamV3Driver.o
 .rodata._ctype_
                0x00004d64      0x101 C:/Efinity/efinity-riscv-ide-2026.1/toolchain/bin/../lib/gcc/riscv-none-elf/13.4.0/../../../../riscv-none-elf/lib/rv32im/ilp32\libc.a(libc_a-ctype_.o)
                0x00004d64                _ctype_
 *(.gnu.linkonce.r.*)
 *(.data .data.*)
 *fill*         0x00004e65        0x3 
 .data._impure_data
                0x00004e68      0x140 C:/Efinity/efinity-riscv-ide-2026.1/toolchain/bin/../lib/gcc/riscv-none-elf/13.4.0/../../../../riscv-none-elf/lib/rv32im/ilp32\libc.a(libc_a-impure.o)
                0x00004e68                _impure_data
 *(.gnu.linkonce.d.*)
                0x00004fa8                        . = ALIGN (0x8)
                0x00005798                        PROVIDE (__global_pointer$ = (. + 0x7f0))
 *(.sdata .sdata.*)
 .sdata._impure_ptr
                0x00004fa8        0x4 C:/Efinity/efinity-riscv-ide-2026.1/toolchain/bin/../lib/gcc/riscv-none-elf/13.4.0/../../../../riscv-none-elf/lib/rv32im/ilp32\libc.a(libc_a-impure.o)
                0x00004fa8                _impure_ptr
 *(.gnu.linkonce.s.*)
                0x00004fb0                        . = ALIGN (0x8)
 *fill*         0x00004fac        0x4 
 *(.srodata.cst16)
 *(.srodata.cst8)
 *(.srodata.cst4)
 *(.srodata.cst2)
 *(.srodata .srodata.*)
 .srodata.link_450Mhz_regs
                0x00004fb0        0x8 build/obj_files/PiCamV3Driver.o
                0x00004fc2                        . = (. + 0xa)
 *fill*         0x00004fb8        0xa 
                0x00004fc4                        . = ALIGN (0x4)
                0x00004fc4                        PROVIDE (_edata = .)
                [!provide]                        PROVIDE (edata = .)
                [!provide]                        PROVIDE (_fbss = .)
                0x00004fc4                        PROVIDE (__bss_start = .)

.bss            0x00004fc4      0x190
 *(.sbss*)
 .sbss.uart_cmd_ready
                0x00004fc4        0x1 build/obj_files/main.o
                0x00004fc4                uart_cmd_ready
 .sbss.uart_cmd_index
                0x00004fc5        0x1 build/obj_files/main.o
                0x00004fc5                uart_cmd_index
 *fill*         0x00004fc6        0x2 
 .sbss.display_mm2s_active
                0x00004fc8        0x4 build/obj_files/main.o
                0x00004fc8                display_mm2s_active
 .sbss.select_demo_mode
                0x00004fcc        0x4 build/obj_files/main.o
                0x00004fcc                select_demo_mode
 *(.gnu.linkonce.sb.*)
 *(.bss .bss.*)
 .bss.__sf      0x00004fd0      0x138 C:/Efinity/efinity-riscv-ide-2026.1/toolchain/bin/../lib/gcc/riscv-none-elf/13.4.0/../../../../riscv-none-elf/lib/rv32im/ilp32\libc.a(libc_a-findfp.o)
                0x00004fd0                __sf
 *(.gnu.linkonce.b.*)
 *(COMMON)
 COMMON         0x00005108       0x4c build/obj_files/main.o
                0x00005108                char_data
                0x0000510c                data
                0x00005110                var
                0x00005114                uart_cmd_buffer
                0x00005154                        . = ALIGN (0x4)
                0x00005158                        . = ALIGN (0x8)
                0x00005158                        PROVIDE (_end = .)
                0x00005158                        PROVIDE (end = .)

.stack          0x00005160     0x1000
                [!provide]                        PROVIDE (_heap_end = .)
                0x00001000                        . = __stack_size
 *fill*         0x00005160     0x1000 
                0x00006160                        PROVIDE (_sp = .)
                0x00006160                        __freertos_irq_stack_top = .
LOAD C:/Efinity/efinity-riscv-ide-2026.1/toolchain/bin/../lib/gcc/riscv-none-elf/13.4.0/../../../../riscv-none-elf/lib/rv32im/ilp32\libm.a
LOAD C:/Efinity/efinity-riscv-ide-2026.1/toolchain/bin/../lib/gcc/riscv-none-elf/13.4.0/rv32im/ilp32\libgcc.a
START GROUP
LOAD C:/Efinity/efinity-riscv-ide-2026.1/toolchain/bin/../lib/gcc/riscv-none-elf/13.4.0/../../../../riscv-none-elf/lib/rv32im/ilp32\libc.a
END GROUP
LOAD C:/Efinity/efinity-riscv-ide-2026.1/toolchain/bin/../lib/gcc/riscv-none-elf/13.4.0/rv32im/ilp32\libgcc.a
START GROUP
LOAD C:/Efinity/efinity-riscv-ide-2026.1/toolchain/bin/../lib/gcc/riscv-none-elf/13.4.0/rv32im/ilp32\libgcc.a
LOAD C:/Efinity/efinity-riscv-ide-2026.1/toolchain/bin/../lib/gcc/riscv-none-elf/13.4.0/../../../../riscv-none-elf/lib/rv32im/ilp32\libc.a
LOAD C:/Efinity/efinity-riscv-ide-2026.1/toolchain/bin/../lib/gcc/riscv-none-elf/13.4.0/../../../../riscv-none-elf/lib/rv32im/ilp32\libnosys.a
END GROUP
OUTPUT(build/evsoc_ispExample_demo.elf elf32-littleriscv)

.debug_info     0x00000000     0x7b42
 .debug_info    0x00000000      0x870 build/obj_files/dma.o
 .debug_info    0x00000870      0xa54 build/obj_files/common.o
 .debug_info    0x000012c4     0x27da build/obj_files/main.o
 .debug_info    0x00003a9e     0x16aa build/obj_files/PiCamDriver.o
 .debug_info    0x00005148     0x10d1 build/obj_files/camera.o
 .debug_info    0x00006219     0x18e0 build/obj_files/PiCamV3Driver.o
 .debug_info    0x00007af9       0x24 build/obj_files/start.o
 .debug_info    0x00007b1d       0x25 build/obj_files/trap.o

.debug_abbrev   0x00000000     0x131b
 .debug_abbrev  0x00000000      0x29c build/obj_files/dma.o
 .debug_abbrev  0x0000029c      0x249 build/obj_files/common.o
 .debug_abbrev  0x000004e5      0x44c build/obj_files/main.o
 .debug_abbrev  0x00000931      0x26b build/obj_files/PiCamDriver.o
 .debug_abbrev  0x00000b9c      0x3ec build/obj_files/camera.o
 .debug_abbrev  0x00000f88      0x36b build/obj_files/PiCamV3Driver.o
 .debug_abbrev  0x000012f3       0x14 build/obj_files/start.o
 .debug_abbrev  0x00001307       0x14 build/obj_files/trap.o

.debug_loclists
                0x00000000     0x2e5b
 .debug_loclists
                0x00000000      0x362 build/obj_files/dma.o
 .debug_loclists
                0x00000362      0x4be build/obj_files/common.o
 .debug_loclists
                0x00000820     0x1305 build/obj_files/main.o
 .debug_loclists
                0x00001b25      0x720 build/obj_files/PiCamDriver.o
 .debug_loclists
                0x00002245      0x3b1 build/obj_files/camera.o
 .debug_loclists
                0x000025f6      0x865 build/obj_files/PiCamV3Driver.o

.debug_aranges  0x00000000      0x580
 .debug_aranges
                0x00000000       0xa8 build/obj_files/dma.o
 .debug_aranges
                0x000000a8       0xc0 build/obj_files/common.o
 .debug_aranges
                0x00000168      0x168 build/obj_files/main.o
 .debug_aranges
                0x000002d0       0xc0 build/obj_files/PiCamDriver.o
 .debug_aranges
                0x00000390       0xb8 build/obj_files/camera.o
 .debug_aranges
                0x00000448       0xf8 build/obj_files/PiCamV3Driver.o
 .debug_aranges
                0x00000540       0x20 build/obj_files/start.o
 .debug_aranges
                0x00000560       0x20 build/obj_files/trap.o

.debug_rnglists
                0x00000000      0x568
 .debug_rnglists
                0x00000000       0x7c build/obj_files/dma.o
 .debug_rnglists
                0x0000007c       0x8e build/obj_files/common.o
 .debug_rnglists
                0x0000010a      0x278 build/obj_files/main.o
 .debug_rnglists
                0x00000382       0x95 build/obj_files/PiCamDriver.o
 .debug_rnglists
                0x00000417       0x88 build/obj_files/camera.o
 .debug_rnglists
                0x0000049f       0xc9 build/obj_files/PiCamV3Driver.o

.debug_macro    0x00000000     0x39ad
 .debug_macro   0x00000000      0x1fc build/obj_files/dma.o
 .debug_macro   0x000001fc      0x7c0 build/obj_files/dma.o
 .debug_macro   0x000009bc       0x34 build/obj_files/dma.o
 .debug_macro   0x000009f0       0x3a build/obj_files/dma.o
 .debug_macro   0x00000a2a       0x4c build/obj_files/dma.o
 .debug_macro   0x00000a76       0x22 build/obj_files/dma.o
 .debug_macro   0x00000a98       0x8e build/obj_files/dma.o
 .debug_macro   0x00000b26       0x51 build/obj_files/dma.o
 .debug_macro   0x00000b77      0x103 build/obj_files/dma.o
 .debug_macro   0x00000c7a       0x6a build/obj_files/dma.o
 .debug_macro   0x00000ce4      0x1df build/obj_files/dma.o
 .debug_macro   0x00000ec3       0xc4 build/obj_files/dma.o
 .debug_macro   0x00000f87      0x196 build/obj_files/dma.o
 .debug_macro   0x0000111d       0x10 build/obj_files/dma.o
 .debug_macro   0x0000112d       0x2e build/obj_files/dma.o
 .debug_macro   0x0000115b      0x1d7 build/obj_files/dma.o
 .debug_macro   0x00001332       0x16 build/obj_files/dma.o
 .debug_macro   0x00001348       0x1c build/obj_files/dma.o
 .debug_macro   0x00001364       0x1c build/obj_files/dma.o
 .debug_macro   0x00001380       0x76 build/obj_files/dma.o
 .debug_macro   0x000013f6       0x58 build/obj_files/dma.o
 .debug_macro   0x0000144e       0x19 build/obj_files/dma.o
 .debug_macro   0x00001467       0x6e build/obj_files/dma.o
 .debug_macro   0x000014d5       0x3b build/obj_files/dma.o
 .debug_macro   0x00001510       0x34 build/obj_files/dma.o
 .debug_macro   0x00001544       0x16 build/obj_files/dma.o
 .debug_macro   0x0000155a      0x11c build/obj_files/dma.o
 .debug_macro   0x00001676       0x9b build/obj_files/dma.o
 .debug_macro   0x00001711      0x370 build/obj_files/dma.o
 .debug_macro   0x00001a81       0x16 build/obj_files/dma.o
 .debug_macro   0x00001a97       0x4a build/obj_files/dma.o
 .debug_macro   0x00001ae1       0x34 build/obj_files/dma.o
 .debug_macro   0x00001b15       0x10 build/obj_files/dma.o
 .debug_macro   0x00001b25       0x58 build/obj_files/dma.o
 .debug_macro   0x00001b7d      0x1e5 build/obj_files/dma.o
 .debug_macro   0x00001d62       0x16 build/obj_files/dma.o
 .debug_macro   0x00001d78       0x29 build/obj_files/dma.o
 .debug_macro   0x00001da1      0x19b build/obj_files/dma.o
 .debug_macro   0x00001f3c       0x16 build/obj_files/dma.o
 .debug_macro   0x00001f52       0x3c build/obj_files/dma.o
 .debug_macro   0x00001f8e      0x1f7 build/obj_files/common.o
 .debug_macro   0x00002185      0x161 build/obj_files/common.o
 .debug_macro   0x000022e6       0x46 build/obj_files/common.o
 .debug_macro   0x0000232c      0x259 build/obj_files/main.o
 .debug_macro   0x00002585       0xb8 build/obj_files/main.o
 .debug_macro   0x0000263d       0xee build/obj_files/main.o
 .debug_macro   0x0000272b       0x52 build/obj_files/main.o
 .debug_macro   0x0000277d       0x3a build/obj_files/main.o
 .debug_macro   0x000027b7       0x22 build/obj_files/main.o
 .debug_macro   0x000027d9      0x200 build/obj_files/PiCamDriver.o
 .debug_macro   0x000029d9      0x898 build/obj_files/PiCamDriver.o
 .debug_macro   0x00003271      0x222 build/obj_files/camera.o
 .debug_macro   0x00003493      0x18d build/obj_files/camera.o
 .debug_macro   0x00003620      0x206 build/obj_files/PiCamV3Driver.o
 .debug_macro   0x00003826      0x187 build/obj_files/PiCamV3Driver.o

.debug_line     0x00000000     0x631e
 .debug_line    0x00000000      0x968 build/obj_files/dma.o
 .debug_line    0x00000968      0xa21 build/obj_files/common.o
 .debug_line    0x00001389     0x2a19 build/obj_files/main.o
 .debug_line    0x00003da2      0xa37 build/obj_files/PiCamDriver.o
 .debug_line    0x000047d9      0x9c0 build/obj_files/camera.o
 .debug_line    0x00005199      0xfa7 build/obj_files/PiCamV3Driver.o
 .debug_line    0x00006140       0xc2 build/obj_files/start.o
 .debug_line    0x00006202      0x11c build/obj_files/trap.o

.debug_str      0x00000000     0xd60a
 .debug_str     0x00000000     0xd60a build/obj_files/dma.o
                               0x928d (size before relaxing)
 .debug_str     0x0000d60a        0x0 build/obj_files/common.o
                               0x97de (size before relaxing)
 .debug_str     0x0000d60a        0x0 build/obj_files/main.o
                               0xa96c (size before relaxing)
 .debug_str     0x0000d60a        0x0 build/obj_files/PiCamDriver.o
                               0xb8c0 (size before relaxing)
 .debug_str     0x0000d60a        0x0 build/obj_files/camera.o
                               0xc4c2 (size before relaxing)
 .debug_str     0x0000d60a        0x0 build/obj_files/PiCamV3Driver.o
                               0x9fff (size before relaxing)
 .debug_str     0x0000d60a        0x0 build/obj_files/start.o
                                 0xcf (size before relaxing)
 .debug_str     0x0000d60a        0x0 build/obj_files/trap.o
                                 0xce (size before relaxing)

.debug_line_str
                0x00000000      0x442
 .debug_line_str
                0x00000000      0x442 build/obj_files/dma.o
                                0x459 (size before relaxing)
 .debug_line_str
                0x00000442        0x0 build/obj_files/common.o
                                0x45b (size before relaxing)
 .debug_line_str
                0x00000442        0x0 build/obj_files/main.o
                                0x4b2 (size before relaxing)
 .debug_line_str
                0x00000442        0x0 build/obj_files/PiCamDriver.o
                                0x48a (size before relaxing)
 .debug_line_str
                0x00000442        0x0 build/obj_files/camera.o
                                0x49f (size before relaxing)
 .debug_line_str
                0x00000442        0x0 build/obj_files/PiCamV3Driver.o
                                0x492 (size before relaxing)
 .debug_line_str
                0x00000442        0x0 build/obj_files/start.o
                                 0xc3 (size before relaxing)
 .debug_line_str
                0x00000442        0x0 build/obj_files/trap.o
                                 0xc2 (size before relaxing)

.comment        0x00000000       0x33
 .comment       0x00000000       0x33 build/obj_files/dma.o
                                 0x34 (size before relaxing)
 .comment       0x00000033        0x0 build/obj_files/common.o
                                 0x34 (size before relaxing)
 .comment       0x00000033        0x0 build/obj_files/main.o
                                 0x34 (size before relaxing)
 .comment       0x00000033        0x0 build/obj_files/PiCamDriver.o
                                 0x34 (size before relaxing)
 .comment       0x00000033        0x0 build/obj_files/camera.o
                                 0x34 (size before relaxing)
 .comment       0x00000033        0x0 build/obj_files/PiCamV3Driver.o
                                 0x34 (size before relaxing)
 .comment       0x00000033        0x0 C:/Efinity/efinity-riscv-ide-2026.1/toolchain/bin/../lib/gcc/riscv-none-elf/13.4.0/../../../../riscv-none-elf/lib/rv32im/ilp32\libc.a(libc_a-atoi.o)
                                 0x34 (size before relaxing)
 .comment       0x00000033        0x0 C:/Efinity/efinity-riscv-ide-2026.1/toolchain/bin/../lib/gcc/riscv-none-elf/13.4.0/../../../../riscv-none-elf/lib/rv32im/ilp32\libc.a(libc_a-strtol.o)
                                 0x34 (size before relaxing)
 .comment       0x00000033        0x0 C:/Efinity/efinity-riscv-ide-2026.1/toolchain/bin/../lib/gcc/riscv-none-elf/13.4.0/../../../../riscv-none-elf/lib/rv32im/ilp32\libc.a(libc_a-ctype_.o)
                                 0x34 (size before relaxing)
 .comment       0x00000033        0x0 C:/Efinity/efinity-riscv-ide-2026.1/toolchain/bin/../lib/gcc/riscv-none-elf/13.4.0/../../../../riscv-none-elf/lib/rv32im/ilp32\libc.a(libc_a-impure.o)
                                 0x34 (size before relaxing)
 .comment       0x00000033        0x0 C:/Efinity/efinity-riscv-ide-2026.1/toolchain/bin/../lib/gcc/riscv-none-elf/13.4.0/../../../../riscv-none-elf/lib/rv32im/ilp32\libc.a(libc_a-errno.o)
                                 0x34 (size before relaxing)
 .comment       0x00000033        0x0 C:/Efinity/efinity-riscv-ide-2026.1/toolchain/bin/../lib/gcc/riscv-none-elf/13.4.0/../../../../riscv-none-elf/lib/rv32im/ilp32\libc.a(libc_a-init.o)
                                 0x34 (size before relaxing)
 .comment       0x00000033        0x0 C:/Efinity/efinity-riscv-ide-2026.1/toolchain/bin/../lib/gcc/riscv-none-elf/13.4.0/../../../../riscv-none-elf/lib/rv32im/ilp32\libc.a(libc_a-findfp.o)
                                 0x34 (size before relaxing)

.riscv.attributes
                0x00000000       0x43
 .riscv.attributes
                0x00000000       0x43 build/obj_files/dma.o
 .riscv.attributes
                0x00000043       0x3f build/obj_files/common.o
 .riscv.attributes
                0x00000082       0x3f build/obj_files/main.o
 .riscv.attributes
                0x000000c1       0x3f build/obj_files/PiCamDriver.o
 .riscv.attributes
                0x00000100       0x3f build/obj_files/camera.o
 .riscv.attributes
                0x0000013f       0x3f build/obj_files/PiCamV3Driver.o
 .riscv.attributes
                0x0000017e       0x3d build/obj_files/start.o
 .riscv.attributes
                0x000001bb       0x41 build/obj_files/trap.o
 .riscv.attributes
                0x000001fc       0x2a C:/Efinity/efinity-riscv-ide-2026.1/toolchain/bin/../lib/gcc/riscv-none-elf/13.4.0/../../../../riscv-none-elf/lib/rv32im/ilp32\libc.a(libc_a-atoi.o)
 .riscv.attributes
                0x00000226       0x2a C:/Efinity/efinity-riscv-ide-2026.1/toolchain/bin/../lib/gcc/riscv-none-elf/13.4.0/../../../../riscv-none-elf/lib/rv32im/ilp32\libc.a(libc_a-strtol.o)
 .riscv.attributes
                0x00000250       0x2a C:/Efinity/efinity-riscv-ide-2026.1/toolchain/bin/../lib/gcc/riscv-none-elf/13.4.0/../../../../riscv-none-elf/lib/rv32im/ilp32\libc.a(libc_a-ctype_.o)
 .riscv.attributes
                0x0000027a       0x2a C:/Efinity/efinity-riscv-ide-2026.1/toolchain/bin/../lib/gcc/riscv-none-elf/13.4.0/../../../../riscv-none-elf/lib/rv32im/ilp32\libc.a(libc_a-impure.o)
 .riscv.attributes
                0x000002a4       0x2a C:/Efinity/efinity-riscv-ide-2026.1/toolchain/bin/../lib/gcc/riscv-none-elf/13.4.0/../../../../riscv-none-elf/lib/rv32im/ilp32\libc.a(libc_a-errno.o)
 .riscv.attributes
                0x000002ce       0x2a C:/Efinity/efinity-riscv-ide-2026.1/toolchain/bin/../lib/gcc/riscv-none-elf/13.4.0/../../../../riscv-none-elf/lib/rv32im/ilp32\libc.a(libc_a-init.o)
 .riscv.attributes
                0x000002f8       0x2a C:/Efinity/efinity-riscv-ide-2026.1/toolchain/bin/../lib/gcc/riscv-none-elf/13.4.0/../../../../riscv-none-elf/lib/rv32im/ilp32\libc.a(libc_a-findfp.o)

.debug_frame    0x00000000     0x1100
 .debug_frame   0x00000000      0x208 build/obj_files/dma.o
 .debug_frame   0x00000208      0x260 build/obj_files/common.o
 .debug_frame   0x00000468      0x408 build/obj_files/main.o
 .debug_frame   0x00000870      0x2ac build/obj_files/PiCamDriver.o
 .debug_frame   0x00000b1c      0x270 build/obj_files/camera.o
 .debug_frame   0x00000d8c      0x374 build/obj_files/PiCamV3Driver.o
