16:29:48 **** Incremental Build of configuration Default for project evsoc_ispExample_demo ****
make all 
CC src/main.c
In file included from src/main.c:13:
src/apb3_cam.h: In function 'Set_Gain':
src/apb3_cam.h:73:47: error: expected ',' or ';' before 'write_u32'
   73 | #define EXAMPLE_APB3_REGW(addr, offset, data) write_u32(data, addr + offset)
      |                                               ^~~~~~~~~
src/apb3_cam.h:106:9: note: in expansion of macro 'EXAMPLE_APB3_REGW'
  106 |         EXAMPLE_APB3_REGW(EXAMPLE_APB3_SLV, offset, data);
      |         ^~~~~~~~~~~~~~~~~
src/main.c: In function 'uart_buffer_read':
src/main.c:106:20: warning: passing argument 1 of 'atoi' discards 'volatile' qualifier from pointer target type [-Wdiscarded-qualifiers]
  106 |         data= atoi(&uart_cmd_buffer[1]);
      |                    ^~~~~~~~~~~~~~~~~~~
In file included from ../../../bsp/efinix/EfxSapphireSoc/include/print.h:17,
                 from ../../../bsp/efinix/EfxSapphireSoc/include/bsp.h:102,
                 from src/main.c:6:
C:/Efinity/efinity-riscv-ide-2026.1/toolchain/riscv-none-elf/include/stdlib.h:81:27: note: expected 'const char *' but argument is of type 'volatile char *'
   81 | int     atoi (const char *__nptr);
      |               ~~~~~~~~~~~~^~~~~~
make: *** [../common/standalone.mk:62: build/obj_files/main.o] Error 1
"make all" terminated with exit code 2. Build might be incomplete.
16:31:48 **** Clean-only build of configuration Default for project evsoc_ispExample_demo ****
make clean 
16:31:49 **** Build of configuration Default for project evsoc_ispExample_demo ****
make all 
CC src/dma.c
CC src/common.c
CC src/main.c
In file included from src/main.c:13:
src/apb3_cam.h: In function 'Set_Gain':
src/apb3_cam.h:74:9: error: expected ',' or ';' before 'write_u32'
   74 |         write_u32(data, addr + offset)
      |         ^~~~~~~~~
src/apb3_cam.h:107:9: note: in expansion of macro 'EXAMPLE_APB3_REGW'
  107 |         EXAMPLE_APB3_REGW(EXAMPLE_APB3_SLV, offset, data);
      |         ^~~~~~~~~~~~~~~~~
src/main.c: In function 'uart_buffer_read':
src/main.c:106:20: warning: passing argument 1 of 'atoi' discards 'volatile' qualifier from pointer target type [-Wdiscarded-qualifiers]
  106 |         data= atoi(&uart_cmd_buffer[1]);
      |                    ^~~~~~~~~~~~~~~~~~~
In file included from ../../../bsp/efinix/EfxSapphireSoc/include/print.h:17,
                 from ../../../bsp/efinix/EfxSapphireSoc/include/bsp.h:102,
                 from src/main.c:6:
C:/Efinity/efinity-riscv-ide-2026.1/toolchain/riscv-none-elf/include/stdlib.h:81:27: note: expected 'const char *' but argument is of type 'volatile char *'
   81 | int     atoi (const char *__nptr);
      |               ~~~~~~~~~~~~^~~~~~
make: *** [../common/standalone.mk:62: build/obj_files/main.o] Error 1
"make all" terminated with exit code 2. Build might be incomplete.
16:32:38 **** Clean-only build of configuration Default for project evsoc_ispExample_demo ****
make clean 
16:32:38 **** Build of configuration Default for project evsoc_ispExample_demo ****
make all 
CC src/dma.c
CC src/common.c
CC src/main.c
In file included from src/main.c:13:
src/apb3_cam.h: In function 'Set_Gain':
src/apb3_cam.h:74:9: error: expected ',' or ';' before 'write_u32'
   74 |         write_u32(data, addr + offset)
      |         ^~~~~~~~~
src/apb3_cam.h:107:9: note: in expansion of macro 'EXAMPLE_APB3_REGW'
  107 |         EXAMPLE_APB3_REGW(EXAMPLE_APB3_SLV, offset, data);
      |         ^~~~~~~~~~~~~~~~~
src/main.c: In function 'uart_buffer_read':
src/main.c:106:20: warning: passing argument 1 of 'atoi' discards 'volatile' qualifier from pointer target type [-Wdiscarded-qualifiers]
  106 |         data= atoi(&uart_cmd_buffer[1]);
      |                    ^~~~~~~~~~~~~~~~~~~
In file included from ../../../bsp/efinix/EfxSapphireSoc/include/print.h:17,
                 from ../../../bsp/efinix/EfxSapphireSoc/include/bsp.h:102,
                 from src/main.c:6:
C:/Efinity/efinity-riscv-ide-2026.1/toolchain/riscv-none-elf/include/stdlib.h:81:27: note: expected 'const char *' but argument is of type 'volatile char *'
   81 | int     atoi (const char *__nptr);
      |               ~~~~~~~~~~~~^~~~~~
make: *** [../common/standalone.mk:62: build/obj_files/main.o] Error 1
"make all" terminated with exit code 2. Build might be incomplete.
16:33:44 **** Clean-only build of configuration Default for project evsoc_ispExample_demo ****
make clean 
16:33:45 **** Build of configuration Default for project evsoc_ispExample_demo ****
make all 
CC src/dma.c
CC src/common.c
CC src/main.c
In file included from src/main.c:13:
src/apb3_cam.h: In function 'Set_Gain':
src/apb3_cam.h:74:9: error: expected ',' or ';' before 'write_u32'
   74 |         write_u32(data, addr + offset)
      |         ^~~~~~~~~
src/apb3_cam.h:107:9: note: in expansion of macro 'EXAMPLE_APB3_REGW'
  107 |         EXAMPLE_APB3_REGW(EXAMPLE_APB3_SLV, offset, data);
      |         ^~~~~~~~~~~~~~~~~
src/main.c: In function 'uart_buffer_read':
src/main.c:106:20: warning: passing argument 1 of 'atoi' discards 'volatile' qualifier from pointer target type [-Wdiscarded-qualifiers]
  106 |         data= atoi(&uart_cmd_buffer[1]);
      |                    ^~~~~~~~~~~~~~~~~~~
In file included from ../../../bsp/efinix/EfxSapphireSoc/include/print.h:17,
                 from ../../../bsp/efinix/EfxSapphireSoc/include/bsp.h:102,
                 from src/main.c:6:
C:/Efinity/efinity-riscv-ide-2026.1/toolchain/riscv-none-elf/include/stdlib.h:81:27: note: expected 'const char *' but argument is of type 'volatile char *'
   81 | int     atoi (const char *__nptr);
      |               ~~~~~~~~~~~~^~~~~~
make: *** [../common/standalone.mk:62: build/obj_files/main.o] Error 1
"make all" terminated with exit code 2. Build might be incomplete.
16:36:38 **** Clean-only build of configuration Default for project evsoc_ispExample_demo ****
make clean 
16:36:38 **** Build of configuration Default for project evsoc_ispExample_demo ****
make all 
CC src/dma.c
CC src/common.c
CC src/main.c
src/main.c: In function 'uart_buffer_read':
src/main.c:106:20: warning: passing argument 1 of 'atoi' discards 'volatile' qualifier from pointer target type [-Wdiscarded-qualifiers]
  106 |         data= atoi(&uart_cmd_buffer[1]);
      |                    ^~~~~~~~~~~~~~~~~~~
In file included from ../../../bsp/efinix/EfxSapphireSoc/include/print.h:17,
                 from ../../../bsp/efinix/EfxSapphireSoc/include/bsp.h:102,
                 from src/main.c:6:
C:/Efinity/efinity-riscv-ide-2026.1/toolchain/riscv-none-elf/include/stdlib.h:81:27: note: expected 'const char *' but argument is of type 'volatile char *'
   81 | int     atoi (const char *__nptr);
      |               ~~~~~~~~~~~~^~~~~~
CC src/driver/PiCamDriver.c
CC src/driver/camera.c
CC src/driver/PiCamV3Driver.c
CC ../common/start.S
CC ../common/trap.S
CC syscalls.c
LD evsoc_ispExample_demo
Memory region         Used Size  Region Size  %age Used
             ram:       20880 B       124 KB     16.44%
16:37:19 **** Incremental Build of configuration Default for project evsoc_ispExample_demo ****
make all 
make: Nothing to be done for 'all'.
09:56:24 **** Incremental Build of configuration Default for project evsoc_ispExample_demo ****
make all 
make: Nothing to be done for 'all'.
10:02:18 **** Clean-only build of configuration Default for project evsoc_ispExample_demo ****
make clean 
10:02:19 **** Build of configuration Default for project evsoc_ispExample_demo ****
make all 
CC src/dma.c
CC src/common.c
CC src/main.c
src/main.c: In function 'uart_buffer_read':
src/main.c:106:20: warning: passing argument 1 of 'atoi' discards 'volatile' qualifier from pointer target type [-Wdiscarded-qualifiers]
  106 |         data= atoi(&uart_cmd_buffer[1]);
      |                    ^~~~~~~~~~~~~~~~~~~
In file included from ../../../bsp/efinix/EfxSapphireSoc/include/print.h:17,
                 from ../../../bsp/efinix/EfxSapphireSoc/include/bsp.h:102,
                 from src/main.c:6:
C:/Efinity/efinity-riscv-ide-2026.1/toolchain/riscv-none-elf/include/stdlib.h:81:27: note: expected 'const char *' but argument is of type 'volatile char *'
   81 | int     atoi (const char *__nptr);
      |               ~~~~~~~~~~~~^~~~~~
CC src/driver/PiCamDriver.c
CC src/driver/camera.c
CC src/driver/PiCamV3Driver.c
CC ../common/start.S
CC ../common/trap.S
CC syscalls.c
LD evsoc_ispExample_demo
Memory region         Used Size  Region Size  %age Used
             ram:       20880 B       124 KB     16.44%
10:03:43 **** Incremental Build of configuration Default for project evsoc_ispExample_demo ****
make all 
make: Nothing to be done for 'all'.
09:50:37 **** Incremental Build of configuration Default for project evsoc_ispExample_demo ****
make all 
make: Nothing to be done for 'all'.
09:51:30 **** Incremental Build of configuration Default for project evsoc_ispExample_demo ****
make all 
make: Nothing to be done for 'all'.
09:52:03 **** Incremental Build of configuration Default for project evsoc_ispExample_demo ****
make all 
make: Nothing to be done for 'all'.
10:59:06 **** Incremental Build of configuration Default for project evsoc_ispExample_demo ****
make all 
make: Nothing to be done for 'all'.
13:46:45 **** Incremental Build of configuration Default for project evsoc_ispExample_demo ****
make all 
make: Nothing to be done for 'all'.
15:24:03 **** Incremental Build of configuration Default for project evsoc_ispExample_demo ****
make all 
make: Nothing to be done for 'all'.
15:27:30 **** Incremental Build of configuration Default for project evsoc_ispExample_demo ****
make all 
make: Nothing to be done for 'all'.
15:33:13 **** Incremental Build of configuration Default for project evsoc_ispExample_demo ****
make all 
make: Nothing to be done for 'all'.
15:34:07 **** Incremental Build of configuration Default for project evsoc_ispExample_demo ****
make all 
make: Nothing to be done for 'all'.
15:35:21 **** Incremental Build of configuration Default for project evsoc_ispExample_demo ****
make all 
make: Nothing to be done for 'all'.
15:36:26 **** Incremental Build of configuration Default for project evsoc_ispExample_demo ****
make all 
make: Nothing to be done for 'all'.
15:40:25 **** Incremental Build of configuration Default for project evsoc_ispExample_demo ****
make all 
make: Nothing to be done for 'all'.
15:43:01 **** Incremental Build of configuration Default for project evsoc_ispExample_demo ****
make all 
make: Nothing to be done for 'all'.
15:44:08 **** Incremental Build of configuration Default for project evsoc_ispExample_demo ****
make all 
make: Nothing to be done for 'all'.
15:53:59 **** Incremental Build of configuration Default for project evsoc_ispExample_demo ****
make all 
make: Nothing to be done for 'all'.
16:01:07 **** Incremental Build of configuration Default for project evsoc_ispExample_demo ****
make all 
make: Nothing to be done for 'all'.
16:01:56 **** Incremental Build of configuration Default for project evsoc_ispExample_demo ****
make all 
make: Nothing to be done for 'all'.
16:04:07 **** Incremental Build of configuration Default for project evsoc_ispExample_demo ****
make all 
make: Nothing to be done for 'all'.
16:05:02 **** Incremental Build of configuration Default for project evsoc_ispExample_demo ****
make all 
make: Nothing to be done for 'all'.
16:05:48 **** Incremental Build of configuration Default for project evsoc_ispExample_demo ****
make all 
make: Nothing to be done for 'all'.
16:13:24 **** Incremental Build of configuration Default for project evsoc_ispExample_demo ****
make all 
make: Nothing to be done for 'all'.
09:55:51 **** Incremental Build of configuration Default for project evsoc_ispExample_demo ****
make all 
make: Nothing to be done for 'all'.
09:58:34 **** Incremental Build of configuration Default for project evsoc_ispExample_demo ****
make all 
make: Nothing to be done for 'all'.
12:49:55 **** Incremental Build of configuration Default for project evsoc_ispExample_demo ****
make all 
make: Nothing to be done for 'all'.
14:48:52 **** Incremental Build of configuration Default for project evsoc_ispExample_demo ****
make all 
make: Nothing to be done for 'all'.
15:12:30 **** Build of configuration Default for project evsoc_ispExample_demo ****
make all 
make: Nothing to be done for 'all'.
15:14:04 **** Incremental Build of configuration Default for project evsoc_ispExample_demo ****
make all 
make: Nothing to be done for 'all'.
15:16:06 **** Build of configuration Default for project evsoc_ispExample_demo ****
make all 
make: Nothing to be done for 'all'.
16:02:55 **** Incremental Build of configuration Default for project evsoc_ispExample_demo ****
make all 
make: Nothing to be done for 'all'.
17:17:13 **** Incremental Build of configuration Default for project evsoc_ispExample_demo ****
make all 
make: Nothing to be done for 'all'.
10:25:49 **** Incremental Build of configuration Default for project evsoc_ispExample_demo ****
make all 
make: Nothing to be done for 'all'.
09:48:57 **** Clean-only build of configuration Default for project evsoc_ispExample_demo ****
make clean 
09:48:58 **** Build of configuration Default for project evsoc_ispExample_demo ****
make all 
CC src/dma.c
CC src/common.c
CC src/main.c
src/main.c: In function 'uart_buffer_read':
src/main.c:106:20: warning: passing argument 1 of 'atoi' discards 'volatile' qualifier from pointer target type [-Wdiscarded-qualifiers]
  106 |         data= atoi(&uart_cmd_buffer[1]);
      |                    ^~~~~~~~~~~~~~~~~~~
In file included from ../../../bsp/efinix/EfxSapphireSoc/include/print.h:17,
                 from ../../../bsp/efinix/EfxSapphireSoc/include/bsp.h:102,
                 from src/main.c:6:
C:/Efinity/efinity-riscv-ide-2026.1/toolchain/riscv-none-elf/include/stdlib.h:81:27: note: expected 'const char *' but argument is of type 'volatile char *'
   81 | int     atoi (const char *__nptr);
      |               ~~~~~~~~~~~~^~~~~~
CC src/driver/PiCamDriver.c
CC src/driver/camera.c
CC src/driver/PiCamV3Driver.c
CC ../common/start.S
CC ../common/trap.S
CC syscalls.c
LD evsoc_ispExample_demo
Memory region         Used Size  Region Size  %age Used
             ram:       22624 B       124 KB     17.82%
09:50:02 **** Incremental Build of configuration Default for project evsoc_ispExample_demo ****
make all 
make: Nothing to be done for 'all'.
09:57:33 **** Incremental Build of configuration Default for project evsoc_ispExample_demo ****
make all 
make: Nothing to be done for 'all'.
10:51:39 **** Incremental Build of configuration Default for project evsoc_ispExample_demo ****
make all 
make: Nothing to be done for 'all'.
13:29:57 **** Incremental Build of configuration Default for project evsoc_ispExample_demo ****
make all 
make: Nothing to be done for 'all'.
13:39:06 **** Incremental Build of configuration Default for project evsoc_ispExample_demo ****
make all 
make: Nothing to be done for 'all'.
13:42:28 **** Incremental Build of configuration Default for project evsoc_ispExample_demo ****
make all 
make: Nothing to be done for 'all'.
14:22:10 **** Incremental Build of configuration Default for project evsoc_ispExample_demo ****
make all 
make: Nothing to be done for 'all'.
14:23:11 **** Incremental Build of configuration Default for project evsoc_ispExample_demo ****
make all 
make: Nothing to be done for 'all'.
14:28:10 **** Clean-only build of configuration Default for project evsoc_ispExample_demo ****
make clean 
14:28:10 **** Build of configuration Default for project evsoc_ispExample_demo ****
make all 
CC src/dma.c
CC src/common.c
CC src/main.c
src/main.c: In function 'uart_buffer_read':
src/main.c:106:20: warning: passing argument 1 of 'atoi' discards 'volatile' qualifier from pointer target type [-Wdiscarded-qualifiers]
  106 |         data= atoi(&uart_cmd_buffer[1]);
      |                    ^~~~~~~~~~~~~~~~~~~
In file included from ../../../bsp/efinix/EfxSapphireSoc/include/print.h:17,
                 from ../../../bsp/efinix/EfxSapphireSoc/include/bsp.h:102,
                 from src/main.c:6:
C:/Efinity/efinity-riscv-ide-2026.1/toolchain/riscv-none-elf/include/stdlib.h:81:27: note: expected 'const char *' but argument is of type 'volatile char *'
   81 | int     atoi (const char *__nptr);
      |               ~~~~~~~~~~~~^~~~~~
CC src/driver/PiCamDriver.c
CC src/driver/camera.c
CC src/driver/PiCamV3Driver.c
CC ../common/start.S
CC ../common/trap.S
CC syscalls.c
LD evsoc_ispExample_demo
Memory region         Used Size  Region Size  %age Used
             ram:       22624 B       124 KB     17.82%
14:29:41 **** Clean-only build of configuration Default for project evsoc_ispExample_demo ****
make clean 
14:29:41 **** Build of configuration Default for project evsoc_ispExample_demo ****
make all 
CC src/dma.c
CC src/common.c
CC src/main.c
src/main.c: In function 'uart_buffer_read':
src/main.c:106:20: warning: passing argument 1 of 'atoi' discards 'volatile' qualifier from pointer target type [-Wdiscarded-qualifiers]
  106 |         data= atoi(&uart_cmd_buffer[1]);
      |                    ^~~~~~~~~~~~~~~~~~~
In file included from ../../../bsp/efinix/EfxSapphireSoc/include/print.h:17,
                 from ../../../bsp/efinix/EfxSapphireSoc/include/bsp.h:102,
                 from src/main.c:6:
C:/Efinity/efinity-riscv-ide-2026.1/toolchain/riscv-none-elf/include/stdlib.h:81:27: note: expected 'const char *' but argument is of type 'volatile char *'
   81 | int     atoi (const char *__nptr);
      |               ~~~~~~~~~~~~^~~~~~
CC src/driver/PiCamDriver.c
CC src/driver/camera.c
CC src/driver/PiCamV3Driver.c
CC ../common/start.S
CC ../common/trap.S
CC syscalls.c
LD evsoc_ispExample_demo
Memory region         Used Size  Region Size  %age Used
             ram:       22624 B       124 KB     17.82%
14:30:26 **** Clean-only build of configuration Default for project evsoc_ispExample_demo ****
make clean 
14:30:27 **** Build of configuration Default for project evsoc_ispExample_demo ****
make all 
CC src/dma.c
CC src/common.c
CC src/main.c
src/main.c: In function 'uart_buffer_read':
src/main.c:106:20: warning: passing argument 1 of 'atoi' discards 'volatile' qualifier from pointer target type [-Wdiscarded-qualifiers]
  106 |         data= atoi(&uart_cmd_buffer[1]);
      |                    ^~~~~~~~~~~~~~~~~~~
In file included from ../../../bsp/efinix/EfxSapphireSoc/include/print.h:17,
                 from ../../../bsp/efinix/EfxSapphireSoc/include/bsp.h:102,
                 from src/main.c:6:
C:/Efinity/efinity-riscv-ide-2026.1/toolchain/riscv-none-elf/include/stdlib.h:81:27: note: expected 'const char *' but argument is of type 'volatile char *'
   81 | int     atoi (const char *__nptr);
      |               ~~~~~~~~~~~~^~~~~~
CC src/driver/PiCamDriver.c
CC src/driver/camera.c
CC src/driver/PiCamV3Driver.c
CC ../common/start.S
CC ../common/trap.S
CC syscalls.c
LD evsoc_ispExample_demo
Memory region         Used Size  Region Size  %age Used
             ram:       22624 B       124 KB     17.82%
14:30:37 **** Incremental Build of configuration Default for project evsoc_ispExample_demo ****
make all 
make: Nothing to be done for 'all'.
14:31:11 **** Incremental Build of configuration Default for project evsoc_ispExample_demo ****
make all 
make: Nothing to be done for 'all'.
14:32:35 **** Incremental Build of configuration Default for project evsoc_ispExample_demo ****
make all 
make: Nothing to be done for 'all'.
14:33:16 **** Incremental Build of configuration Default for project evsoc_ispExample_demo ****
make all 
make: Nothing to be done for 'all'.
14:38:29 **** Incremental Build of configuration Default for project evsoc_ispExample_demo ****
make all 
make: Nothing to be done for 'all'.
14:39:17 **** Incremental Build of configuration Default for project evsoc_ispExample_demo ****
make all 
make: Nothing to be done for 'all'.
14:45:51 **** Incremental Build of configuration Default for project evsoc_ispExample_demo ****
make all 
make: Nothing to be done for 'all'.
14:54:56 **** Incremental Build of configuration Default for project evsoc_ispExample_demo ****
make all 
make: Nothing to be done for 'all'.
14:55:11 **** Incremental Build of configuration Default for project evsoc_ispExample_demo ****
make all 
make: Nothing to be done for 'all'.
15:24:42 **** Incremental Build of configuration Default for project evsoc_ispExample_demo ****
make all 
make: Nothing to be done for 'all'.
15:26:10 **** Incremental Build of configuration Default for project evsoc_ispExample_demo ****
make all 
make: Nothing to be done for 'all'.
15:27:00 **** Incremental Build of configuration Default for project evsoc_ispExample_demo ****
make all 
make: Nothing to be done for 'all'.
15:28:34 **** Incremental Build of configuration Default for project evsoc_ispExample_demo ****
make all 
make: Nothing to be done for 'all'.
15:33:07 **** Incremental Build of configuration Default for project evsoc_ispExample_demo ****
make all 
make: Nothing to be done for 'all'.
15:34:16 **** Clean-only build of configuration Default for project evsoc_ispExample_demo ****
make clean 
15:34:16 **** Build of configuration Default for project evsoc_ispExample_demo ****
make all 
CC src/dma.c
CC src/common.c
CC src/main.c
src/main.c: In function 'uart_buffer_read':
src/main.c:106:20: warning: passing argument 1 of 'atoi' discards 'volatile' qualifier from pointer target type [-Wdiscarded-qualifiers]
  106 |         data= atoi(&uart_cmd_buffer[1]);
      |                    ^~~~~~~~~~~~~~~~~~~
In file included from ../../../bsp/efinix/EfxSapphireSoc/include/print.h:17,
                 from ../../../bsp/efinix/EfxSapphireSoc/include/bsp.h:102,
                 from src/main.c:6:
C:/Efinity/efinity-riscv-ide-2026.1/toolchain/riscv-none-elf/include/stdlib.h:81:27: note: expected 'const char *' but argument is of type 'volatile char *'
   81 | int     atoi (const char *__nptr);
      |               ~~~~~~~~~~~~^~~~~~
CC src/driver/PiCamDriver.c
CC src/driver/camera.c
CC src/driver/PiCamV3Driver.c
CC ../common/start.S
CC ../common/trap.S
CC syscalls.c
LD evsoc_ispExample_demo
Memory region         Used Size  Region Size  %age Used
             ram:       22624 B       124 KB     17.82%
15:39:03 **** Clean-only build of configuration Default for project evsoc_ispExample_demo ****
make clean 
15:39:04 **** Build of configuration Default for project evsoc_ispExample_demo ****
make all 
CC src/dma.c
CC src/common.c
CC src/main.c
src/main.c: In function 'uart_buffer_read':
src/main.c:106:20: warning: passing argument 1 of 'atoi' discards 'volatile' qualifier from pointer target type [-Wdiscarded-qualifiers]
  106 |         data= atoi(&uart_cmd_buffer[1]);
      |                    ^~~~~~~~~~~~~~~~~~~
In file included from ../../../bsp/efinix/EfxSapphireSoc/include/print.h:17,
                 from ../../../bsp/efinix/EfxSapphireSoc/include/bsp.h:102,
                 from src/main.c:6:
C:/Efinity/efinity-riscv-ide-2026.1/toolchain/riscv-none-elf/include/stdlib.h:81:27: note: expected 'const char *' but argument is of type 'volatile char *'
   81 | int     atoi (const char *__nptr);
      |               ~~~~~~~~~~~~^~~~~~
CC src/driver/PiCamDriver.c
CC src/driver/camera.c
CC src/driver/PiCamV3Driver.c
CC ../common/start.S
CC ../common/trap.S
CC syscalls.c
LD evsoc_ispExample_demo
Memory region         Used Size  Region Size  %age Used
             ram:       22624 B       124 KB     17.82%
15:39:22 **** Incremental Build of configuration Default for project evsoc_ispExample_demo ****
make all 
make: Nothing to be done for 'all'.
15:40:53 **** Incremental Build of configuration Default for project evsoc_ispExample_demo ****
make all 
make: Nothing to be done for 'all'.
15:41:15 **** Incremental Build of configuration Default for project evsoc_ispExample_demo ****
make all 
make: Nothing to be done for 'all'.
15:42:43 **** Build of configuration Default for project evsoc_ispExample_demo ****
make all 
CC src/dma.c
CC src/common.c
CC src/main.c
src/main.c: In function 'uart_buffer_read':
src/main.c:106:20: warning: passing argument 1 of 'atoi' discards 'volatile' qualifier from pointer target type [-Wdiscarded-qualifiers]
  106 |         data= atoi(&uart_cmd_buffer[1]);
      |                    ^~~~~~~~~~~~~~~~~~~
In file included from ../../../bsp/efinix/EfxSapphireSoc/include/print.h:17,
                 from ../../../bsp/efinix/EfxSapphireSoc/include/bsp.h:102,
                 from src/main.c:6:
C:/Efinity/efinity-riscv-ide-2026.1/toolchain/riscv-none-elf/include/stdlib.h:81:27: note: expected 'const char *' but argument is of type 'volatile char *'
   81 | int     atoi (const char *__nptr);
      |               ~~~~~~~~~~~~^~~~~~
CC src/driver/PiCamDriver.c
CC src/driver/camera.c
CC src/driver/PiCamV3Driver.c
CC ../common/start.S
CC ../common/trap.S
CC syscalls.c
LD evsoc_ispExample_demo
Memory region         Used Size  Region Size  %age Used
             ram:       22624 B       124 KB     17.82%
15:43:33 **** Incremental Build of configuration Default for project evsoc_ispExample_demo ****
make all 
make: Nothing to be done for 'all'.
16:05:23 **** Incremental Build of configuration Default for project evsoc_ispExample_demo ****
make all 
make: Nothing to be done for 'all'.
16:42:03 **** Incremental Build of configuration Default for project evsoc_ispExample_demo ****
make all 
make: Nothing to be done for 'all'.
16:43:28 **** Incremental Build of configuration Default for project evsoc_ispExample_demo ****
make all 
make: Nothing to be done for 'all'.
13:47:01 **** Clean-only build of configuration Default for project evsoc_ispExample_demo ****
make clean 
13:47:02 **** Build of configuration Default for project evsoc_ispExample_demo ****
make all 
CC src/dma.c
CC src/common.c
CC src/main.c
src/main.c: In function 'uart_buffer_read':
src/main.c:113:20: warning: passing argument 1 of 'atoi' discards 'volatile' qualifier from pointer target type [-Wdiscarded-qualifiers]
  113 |         data= atoi(&uart_cmd_buffer[1]);
      |                    ^~~~~~~~~~~~~~~~~~~
In file included from ../../../bsp/efinix/EfxSapphireSoc/include/print.h:17,
                 from ../../../bsp/efinix/EfxSapphireSoc/include/bsp.h:102,
                 from src/main.c:6:
C:/Efinity/efinity-riscv-ide-2026.1/toolchain/riscv-none-elf/include/stdlib.h:81:27: note: expected 'const char *' but argument is of type 'volatile char *'
   81 | int     atoi (const char *__nptr);
      |               ~~~~~~~~~~~~^~~~~~
CC src/driver/PiCamDriver.c
CC src/driver/camera.c
CC src/driver/PiCamV3Driver.c
CC ../common/start.S
CC ../common/trap.S
CC syscalls.c
LD evsoc_ispExample_demo
Memory region         Used Size  Region Size  %age Used
             ram:       22992 B       124 KB     18.11%
13:47:12 **** Incremental Build of configuration Default for project evsoc_ispExample_demo ****
make all 
make: Nothing to be done for 'all'.
14:06:09 **** Incremental Build of configuration Default for project evsoc_ispExample_demo ****
make all 
make: Nothing to be done for 'all'.
